Archive member included to satisfy reference by file (symbol)

C:\Users\johan\Documents\MCUXpressoIDE_11.1.0_3209\project\lpc_board_nxp_lpcxpresso_1549\Debug\liblpc_board_nxp_lpcxpresso_1549.a(board.o)
                              ./src/project.o (Board_LED_Set)
C:\Users\johan\Documents\MCUXpressoIDE_11.1.0_3209\project\lpc_board_nxp_lpcxpresso_1549\Debug\liblpc_board_nxp_lpcxpresso_1549.a(board_sysinit.o)
                              ./src/sysinit.o (Board_SystemInit)
C:\Users\johan\Documents\MCUXpressoIDE_11.1.0_3209\project\lpc_chip_15xx\Debug\liblpc_chip_15xx.a(chip_15xx.o)
                              ./src/project.o (SystemCoreClockUpdate)
C:\Users\johan\Documents\MCUXpressoIDE_11.1.0_3209\project\lpc_chip_15xx\Debug\liblpc_chip_15xx.a(clock_15xx.o)
                              C:\Users\johan\Documents\MCUXpressoIDE_11.1.0_3209\project\lpc_board_nxp_lpcxpresso_1549\Debug\liblpc_board_nxp_lpcxpresso_1549.a(board.o) (Chip_Clock_GetMainClockRate)
C:\Users\johan\Documents\MCUXpressoIDE_11.1.0_3209\project\lpc_chip_15xx\Debug\liblpc_chip_15xx.a(gpio_15xx.o)
                              C:\Users\johan\Documents\MCUXpressoIDE_11.1.0_3209\project\lpc_board_nxp_lpcxpresso_1549\Debug\liblpc_board_nxp_lpcxpresso_1549.a(board.o) (Chip_GPIO_Init)
C:\Users\johan\Documents\MCUXpressoIDE_11.1.0_3209\project\lpc_chip_15xx\Debug\liblpc_chip_15xx.a(iocon_15xx.o)
                              C:\Users\johan\Documents\MCUXpressoIDE_11.1.0_3209\project\lpc_board_nxp_lpcxpresso_1549\Debug\liblpc_board_nxp_lpcxpresso_1549.a(board_sysinit.o) (Chip_IOCON_SetPinMuxing)
C:\Users\johan\Documents\MCUXpressoIDE_11.1.0_3209\project\lpc_chip_15xx\Debug\liblpc_chip_15xx.a(swm_15xx.o)
                              C:\Users\johan\Documents\MCUXpressoIDE_11.1.0_3209\project\lpc_board_nxp_lpcxpresso_1549\Debug\liblpc_board_nxp_lpcxpresso_1549.a(board.o) (Chip_SWM_MovablePinAssign)
C:\Users\johan\Documents\MCUXpressoIDE_11.1.0_3209\project\lpc_chip_15xx\Debug\liblpc_chip_15xx.a(sysctl_15xx.o)
                              C:\Users\johan\Documents\MCUXpressoIDE_11.1.0_3209\project\lpc_board_nxp_lpcxpresso_1549\Debug\liblpc_board_nxp_lpcxpresso_1549.a(board_sysinit.o) (Chip_SYSCTL_AssertPeriphReset)
C:\Users\johan\Documents\MCUXpressoIDE_11.1.0_3209\project\lpc_chip_15xx\Debug\liblpc_chip_15xx.a(sysinit_15xx.o)
                              C:\Users\johan\Documents\MCUXpressoIDE_11.1.0_3209\project\lpc_board_nxp_lpcxpresso_1549\Debug\liblpc_board_nxp_lpcxpresso_1549.a(board_sysinit.o) (Chip_SetupXtalClocking)
C:\Users\johan\Documents\MCUXpressoIDE_11.1.0_3209\project\lpc_chip_15xx\Debug\liblpc_chip_15xx.a(uart_15xx.o)
                              C:\Users\johan\Documents\MCUXpressoIDE_11.1.0_3209\project\lpc_board_nxp_lpcxpresso_1549\Debug\liblpc_board_nxp_lpcxpresso_1549.a(board.o) (Chip_UART_Init)
C:\Users\johan\Documents\MCUXpressoIDE_11.1.0_3209\project\lpc_chip_15xx\Debug\liblpc_chip_15xx.a(ring_buffer.o)
                              C:\Users\johan\Documents\MCUXpressoIDE_11.1.0_3209\project\lpc_chip_15xx\Debug\liblpc_chip_15xx.a(uart_15xx.o) (RingBuffer_Insert)
c:/nxp/mcuxpressoide_11.1.0_3209/ide/plugins/com.nxp.mcuxpresso.tools.win32_11.1.0.201909161352/tools/bin/../lib/gcc/arm-none-eabi/8.3.1/thumb/v7-m/nofp\libgcc.a(_aeabi_uldivmod.o)
                              C:\Users\johan\Documents\MCUXpressoIDE_11.1.0_3209\project\lpc_chip_15xx\Debug\liblpc_chip_15xx.a(clock_15xx.o) (__aeabi_uldivmod)
c:/nxp/mcuxpressoide_11.1.0_3209/ide/plugins/com.nxp.mcuxpresso.tools.win32_11.1.0.201909161352/tools/bin/../lib/gcc/arm-none-eabi/8.3.1/thumb/v7-m/nofp\libgcc.a(_udivmoddi4.o)
                              c:/nxp/mcuxpressoide_11.1.0_3209/ide/plugins/com.nxp.mcuxpresso.tools.win32_11.1.0.201909161352/tools/bin/../lib/gcc/arm-none-eabi/8.3.1/thumb/v7-m/nofp\libgcc.a(_aeabi_uldivmod.o) (__udivmoddi4)
c:/nxp/mcuxpressoide_11.1.0_3209/ide/plugins/com.nxp.mcuxpresso.tools.win32_11.1.0.201909161352/tools/bin/../lib/gcc/arm-none-eabi/8.3.1/thumb/v7-m/nofp\libgcc.a(_dvmd_tls.o)
                              c:/nxp/mcuxpressoide_11.1.0_3209/ide/plugins/com.nxp.mcuxpresso.tools.win32_11.1.0.201909161352/tools/bin/../lib/gcc/arm-none-eabi/8.3.1/thumb/v7-m/nofp\libgcc.a(_aeabi_uldivmod.o) (__aeabi_ldiv0)
c:/nxp/mcuxpressoide_11.1.0_3209/ide/plugins/com.nxp.mcuxpresso.tools.win32_11.1.0.201909161352/tools/bin/../lib/gcc/arm-none-eabi/8.3.1/../../../../arm-none-eabi/lib/thumb/v7-m/nofp\libc.a(lib_a-init.o)
                              ./src/cr_startup_lpc15xx.o (__libc_init_array)
c:/nxp/mcuxpressoide_11.1.0_3209/ide/plugins/com.nxp.mcuxpresso.tools.win32_11.1.0.201909161352/tools/bin/../lib/gcc/arm-none-eabi/8.3.1/../../../../arm-none-eabi/lib/thumb/v7-m/nofp\libc.a(lib_a-malloc.o)
                              ./src/cr_cpp_config.o (malloc)
c:/nxp/mcuxpressoide_11.1.0_3209/ide/plugins/com.nxp.mcuxpresso.tools.win32_11.1.0.201909161352/tools/bin/../lib/gcc/arm-none-eabi/8.3.1/../../../../arm-none-eabi/lib/thumb/v7-m/nofp\libc.a(lib_a-mallocr.o)
[...]
Memory Configuration

Name             Origin             Length             Attributes
MFlash256        0x00000000         0x00040000         xr
Ram0_16          0x02000000         0x00004000         xrw
Ram1_16          0x02004000         0x00004000         xrw
Ram2_4           0x02008000         0x00001000         xrw
*default*        0x00000000         0xffffffff

Linker script and memory map

LOAD ./src/cr_cpp_config.o
LOAD ./src/cr_startup_lpc15xx.o
LOAD ./src/crp.o
LOAD ./src/project.o
LOAD ./src/sysinit.o
LOAD C:\Users\johan\Documents\MCUXpressoIDE_11.1.0_3209\project\lpc_board_nxp_lpcxpresso_1549\Debug\liblpc_board_nxp_lpcxpresso_1549.a
LOAD C:\Users\johan\Documents\MCUXpressoIDE_11.1.0_3209\project\lpc_chip_15xx\Debug\liblpc_chip_15xx.a
START GROUP
LOAD c:/nxp/mcuxpressoide_11.1.0_3209/ide/plugins/com.nxp.mcuxpresso.tools.win32_11.1.0.201909161352/tools/bin/../lib/gcc/arm-none-eabi/8.3.1/thumb/v7-m/nofp\libgcc.a
LOAD c:/nxp/mcuxpressoide_11.1.0_3209/ide/plugins/com.nxp.mcuxpresso.tools.win32_11.1.0.201909161352/tools/bin/../lib/gcc/arm-none-eabi/8.3.1/../../../../arm-none-eabi/lib/thumb/v7-m/nofp\libc.a
LOAD c:/nxp/mcuxpressoide_11.1.0_3209/ide/plugins/com.nxp.mcuxpresso.tools.win32_11.1.0.201909161352/tools/bin/../lib/gcc/arm-none-eabi/8.3.1/../../../../arm-none-eabi/lib/thumb/v7-m/nofp\libstdc++.a
LOAD c:/nxp/mcuxpressoide_11.1.0_3209/ide/plugins/com.nxp.mcuxpresso.tools.win32_11.1.0.201909161352/tools/bin/../lib/gcc/arm-none-eabi/8.3.1/../../../../arm-none-eabi/lib/thumb/v7-m/nofp\libm.a
LOAD c:/nxp/mcuxpressoide_11.1.0_3209/ide/plugins/com.nxp.mcuxpresso.tools.win32_11.1.0.201909161352/tools/bin/../lib/gcc/arm-none-eabi/8.3.1/../../../../arm-none-eabi/lib/thumb/v7-m/nofp\libcr_newlib_nohost.a
LOAD c:/nxp/mcuxpressoide_11.1.0_3209/ide/plugins/com.nxp.mcuxpresso.tools.win32_11.1.0.201909161352/tools/bin/../lib/gcc/arm-none-eabi/8.3.1/thumb/v7-m/nofp\crti.o
LOAD c:/nxp/mcuxpressoide_11.1.0_3209/ide/plugins/com.nxp.mcuxpresso.tools.win32_11.1.0.201909161352/tools/bin/../lib/gcc/arm-none-eabi/8.3.1/thumb/v7-m/nofp\crtn.o
LOAD c:/nxp/mcuxpressoide_11.1.0_3209/ide/plugins/com.nxp.mcuxpresso.tools.win32_11.1.0.201909161352/tools/bin/../lib/gcc/arm-none-eabi/8.3.1/thumb/v7-m/nofp\crtbegin.o
LOAD c:/nxp/mcuxpressoide_11.1.0_3209/ide/plugins/com.nxp.mcuxpresso.tools.win32_11.1.0.201909161352/tools/bin/../lib/gcc/arm-none-eabi/8.3.1/thumb/v7-m/nofp\crtend.o
END GROUP
                0x00000000                __base_MFlash256 = 0x0
                0x00000000                __base_Flash = 0x0
                0x00040000                __top_MFlash256 = 0x40000
                0x00040000                __top_Flash = 0x40000
                0x02000000                __base_Ram0_16 = 0x2000000
                0x02000000                __base_RAM = 0x2000000
                0x02004000                __top_Ram0_16 = 0x2004000
                0x02004000                __top_RAM = 0x2004000
                0x02004000                __base_Ram1_16 = 0x2004000
                0x02004000                __base_RAM2 = 0x2004000
                0x02008000                __top_Ram1_16 = 0x2008000
                0x02008000                __top_RAM2 = 0x2008000
                0x02008000                __base_Ram2_4 = 0x2008000
                0x02008000                __base_RAM3 = 0x2008000
                0x02009000                __top_Ram2_4 = 0x2009000
                0x02009000                __top_RAM3 = 0x2009000

.text           0x00000000     0x13b4
 FILL mask 0xff
                0x00000000                __vectors_start__ = ABSOLUTE (.)
 *(.isr_vector)
 .isr_vector    0x00000000       0xfc ./src/cr_startup_lpc15xx.o
                0x00000000                g_pfnVectors
                0x000000fc                . = ALIGN (0x4)
                0x000000fc                __section_table_start = .
                0x000000fc                __data_section_table = .
                0x000000fc        0x4 LONG 0x13bc LOADADDR (.data)
                0x00000100        0x4 LONG 0x2000000 ADDR (.data)
                0x00000104        0x4 LONG 0x0 SIZEOF (.data)
                0x00000108        0x4 LONG 0x13bc LOADADDR (.data_RAM2)
                0x0000010c        0x4 LONG 0x2004000 ADDR (.data_RAM2)
                0x00000110        0x4 LONG 0x0 SIZEOF (.data_RAM2)
                0x00000114        0x4 LONG 0x13bc LOADADDR (.data_RAM3)
                0x00000118        0x4 LONG 0x2008000 ADDR (.data_RAM3)
                0x0000011c        0x4 LONG 0x0 SIZEOF (.data_RAM3)
                0x00000120                __data_section_table_end = .
                0x00000120                __bss_section_table = .
                0x00000120        0x4 LONG 0x2000000 ADDR (.bss)
                0x00000124        0x4 LONG 0x24 SIZEOF (.bss)
                0x00000128        0x4 LONG 0x2004000 ADDR (.bss_RAM2)
                0x0000012c        0x4 LONG 0x0 SIZEOF (.bss_RAM2)
                0x00000130        0x4 LONG 0x2008000 ADDR (.bss_RAM3)
                0x00000134        0x4 LONG 0x0 SIZEOF (.bss_RAM3)
                0x00000138                __bss_section_table_end = .
                0x00000138                __section_table_end = .
 *(.after_vectors*)
 .after_vectors
                0x00000138      0x140 ./src/cr_startup_lpc15xx.o
                0x00000138                data_init(unsigned int, unsigned int, unsigned int)
                0x0000017a                bss_init(unsigned int, unsigned int)
                0x000001b0                ResetISR
                0x0000023c                NMI_Handler
                0x00000242                HardFault_Handler
                0x00000248                MemManage_Handler
                0x0000024e                BusFault_Handler
                0x00000254                UsageFault_Handler
                0x0000025a                SVC_Handler
                0x00000260                DebugMon_Handler
                0x00000266                PendSV_Handler
                0x0000026c                SysTick_Handler
                0x00000272                UART1_IRQHandler
                0x00000272                RTC_WAKE_IRQHandler
                0x00000272                UART0_IRQHandler
                0x00000272                MRT_IRQHandler
                0x00000272                SPI1_IRQHandler
                0x00000272                PIN_INT6_IRQHandler
                0x00000272                IntDefaultHandler
                0x00000272                PIN_INT4_IRQHandler
                0x00000272                CAN_IRQHandler
                0x00000272                RTC_ALARM_IRQHandler
                0x00000272                ADC1B_IRQHandler
                0x00000272                ADC1_OVR_IRQHandler
                0x00000272                ADC1_THCMP_IRQHandler
                0x00000272                ADC0_OVR_IRQHandler
                0x00000272                PIN_INT5_IRQHandler
                0x00000272                SCT1_IRQHandler
                0x00000272                PIN_INT2_IRQHandler
                0x00000272                USB_FIQHandler
                0x00000272                SCT3_IRQHandler
                0x00000272                PIN_INT7_IRQHandler
                0x00000272                I2C0_IRQHandler
                0x00000272                PIN_INT1_IRQHandler
                0x00000272                USB_IRQHandler
                0x00000272                BOD_IRQHandler
                0x00000272                ADC0B_IRQHandler
                0x00000272                ACMP0_IRQHandler
                0x00000272                RIT_IRQHandler
                0x00000272                SCT2_IRQHandler
                0x00000272                WDT_IRQHandler
                0x00000272                USBWakeup_IRQHandler
                0x00000272                PIN_INT0_IRQHandler
                0x00000272                QEI_IRQHandler
                0x00000272                ACMP3_IRQHandler
                0x00000272                GINT0_IRQHandler
                0x00000272                DAC_IRQHandler
                0x00000272                SPI0_IRQHandler
                0x00000272                EEPROM_IRQHandler
                0x00000272                ACMP2_IRQHandler
                0x00000272                UART2_IRQHandler
                0x00000272                ADC1A_IRQHandler
                0x00000272                DMA_IRQHandler
                0x00000272                PIN_INT3_IRQHandler
                0x00000272                ACMP1_IRQHandler
                0x00000272                SCT0_IRQHandler
                0x00000272                ADC0A_IRQHandler
                0x00000272                FMC_IRQHandler
                0x00000272                GINT1_IRQHandler
                0x00000272                ADC0_THCMP_IRQHandler
 *(.text*)
 .text.main     0x00000278       0x28 ./src/project.o
                0x00000278                main
 .text.SystemInit
                0x000002a0        0xc ./src/sysinit.o
                0x000002a0                SystemInit
 .text.Chip_IOCON_PinMuxSet
                0x000002ac       0x2c C:\Users\johan\Documents\MCUXpressoIDE_11.1.0_3209\project\lpc_board_nxp_lpcxpresso_1549\Debug\liblpc_board_nxp_lpcxpresso_1549.a(board.o)
 .text.Chip_SWM_MovablePortPinAssign
                0x000002d8       0x30 C:\Users\johan\Documents\MCUXpressoIDE_11.1.0_3209\project\lpc_board_nxp_lpcxpresso_1549\Debug\liblpc_board_nxp_lpcxpresso_1549.a(board.o)
 .text.Chip_GPIO_SetPinState
                0x00000308       0x36 C:\Users\johan\Documents\MCUXpressoIDE_11.1.0_3209\project\lpc_board_nxp_lpcxpresso_1549\Debug\liblpc_board_nxp_lpcxpresso_1549.a(board.o)
 .text.Chip_GPIO_SetPinDIROutput
                0x0000033e       0x3c C:\Users\johan\Documents\MCUXpressoIDE_11.1.0_3209\project\lpc_board_nxp_lpcxpresso_1549\Debug\liblpc_board_nxp_lpcxpresso_1549.a(board.o)
 .text.Chip_UART_Enable
                0x0000037a       0x1e C:\Users\johan\Documents\MCUXpressoIDE_11.1.0_3209\project\lpc_board_nxp_lpcxpresso_1549\Debug\liblpc_board_nxp_lpcxpresso_1549.a(board.o)
 .text.Chip_UART_TXEnable
                0x00000398       0x1e C:\Users\johan\Documents\MCUXpressoIDE_11.1.0_3209\project\lpc_board_nxp_lpcxpresso_1549\Debug\liblpc_board_nxp_lpcxpresso_1549.a(board.o)
 .text.Chip_UART_ConfigData
                0x000003b6       0x28 C:\Users\johan\Documents\MCUXpressoIDE_11.1.0_3209\project\lpc_board_nxp_lpcxpresso_1549\Debug\liblpc_board_nxp_lpcxpresso_1549.a(board.o)
 *fill*         0x000003de        0x2 ff
 .text.Board_Debug_Init
                0x000003e0       0x70 C:\Users\johan\Documents\MCUXpressoIDE_11.1.0_3209\project\lpc_board_nxp_lpcxpresso_1549\Debug\liblpc_board_nxp_lpcxpresso_1549.a(board.o)
                0x000003e0                Board_Debug_Init
 .text.Board_LED_Init
                0x00000450       0x5c C:\Users\johan\Documents\MCUXpressoIDE_11.1.0_3209\project\lpc_board_nxp_lpcxpresso_1549\Debug\liblpc_board_nxp_lpcxpresso_1549.a(board.o)
 .text.Board_LED_Set
                0x000004ac       0x54 C:\Users\johan\Documents\MCUXpressoIDE_11.1.0_3209\project\lpc_board_nxp_lpcxpresso_1549\Debug\liblpc_board_nxp_lpcxpresso_1549.a(board.o)
                0x000004ac                Board_LED_Set
 .text.Board_Init
                0x00000500       0x18 C:\Users\johan\Documents\MCUXpressoIDE_11.1.0_3209\project\lpc_board_nxp_lpcxpresso_1549\Debug\liblpc_board_nxp_lpcxpresso_1549.a(board.o)
                0x00000500                Board_Init
 .text.Chip_SYSCTL_PeriphReset
                0x00000518       0x22 C:\Users\johan\Documents\MCUXpressoIDE_11.1.0_3209\project\lpc_board_nxp_lpcxpresso_1549\Debug\liblpc_board_nxp_lpcxpresso_1549.a(board_sysinit.o)
 *fill*         0x0000053a        0x2 ff
 .text.Chip_Clock_SetUSBPLLSource
                0x0000053c       0x20 C:\Users\johan\Documents\MCUXpressoIDE_11.1.0_3209\project\lpc_board_nxp_lpcxpresso_1549\Debug\liblpc_board_nxp_lpcxpresso_1549.a(board_sysinit.o)
 .text.Chip_Clock_SetupUSBPLL
                0x0000055c       0x34 C:\Users\johan\Documents\MCUXpressoIDE_11.1.0_3209\project\lpc_board_nxp_lpcxpresso_1549\Debug\liblpc_board_nxp_lpcxpresso_1549.a(board_sysinit.o)
 .text.Chip_Clock_IsUSBPLLLocked
                0x00000590       0x24 C:\Users\johan\Documents\MCUXpressoIDE_11.1.0_3209\project\lpc_board_nxp_lpcxpresso_1549\Debug\liblpc_board_nxp_lpcxpresso_1549.a(board_sysinit.o)
 .text.Chip_Clock_SetSysTickClockDiv
                0x000005b4       0x20 C:\Users\johan\Documents\MCUXpressoIDE_11.1.0_3209\project\lpc_board_nxp_lpcxpresso_1549\Debug\liblpc_board_nxp_lpcxpresso_1549.a(board_sysinit.o)
 .text.Chip_SWM_MovablePortPinAssign
                0x000005d4       0x30 C:\Users\johan\Documents\MCUXpressoIDE_11.1.0_3209\project\lpc_board_nxp_lpcxpresso_1549\Debug\liblpc_board_nxp_lpcxpresso_1549.a(board_sysinit.o)
 .text.Board_SetupMuxing
                0x00000604       0x80 C:\Users\johan\Documents\MCUXpressoIDE_11.1.0_3209\project\lpc_board_nxp_lpcxpresso_1549\Debug\liblpc_board_nxp_lpcxpresso_1549.a(board_sysinit.o)
                0x00000604                Board_SetupMuxing
 .text.Board_SetupClocking
                0x00000684       0x3a C:\Users\johan\Documents\MCUXpressoIDE_11.1.0_3209\project\lpc_board_nxp_lpcxpresso_1549\Debug\liblpc_board_nxp_lpcxpresso_1549.a(board_sysinit.o)
                0x00000684                Board_SetupClocking
 *fill*         0x000006be        0x2 ff
 .text.Board_SystemInit
                0x000006c0       0x1c C:\Users\johan\Documents\MCUXpressoIDE_11.1.0_3209\project\lpc_board_nxp_lpcxpresso_1549\Debug\liblpc_board_nxp_lpcxpresso_1549.a(board_sysinit.o)
                0x000006c0                Board_SystemInit
 .text.SystemCoreClockUpdate
                0x000006dc       0x18 C:\Users\johan\Documents\MCUXpressoIDE_11.1.0_3209\project\lpc_chip_15xx\Debug\liblpc_chip_15xx.a(chip_15xx.o)
                0x000006dc                SystemCoreClockUpdate
 .text.Chip_Clock_SetMain_A_ClockSource
                0x000006f4       0x20 C:\Users\johan\Documents\MCUXpressoIDE_11.1.0_3209\project\lpc_chip_15xx\Debug\liblpc_chip_15xx.a(clock_15xx.o)
 .text.Chip_Clock_GetMain_A_ClockSource
                0x00000714       0x18 C:\Users\johan\Documents\MCUXpressoIDE_11.1.0_3209\project\lpc_chip_15xx\Debug\liblpc_chip_15xx.a(clock_15xx.o)
 .text.Chip_Clock_SetMain_B_ClockSource
                0x0000072c       0x20 C:\Users\johan\Documents\MCUXpressoIDE_11.1.0_3209\project\lpc_chip_15xx\Debug\liblpc_chip_15xx.a(clock_15xx.o)
 .text.Chip_Clock_GetMain_B_ClockSource
                0x0000074c       0x18 C:\Users\johan\Documents\MCUXpressoIDE_11.1.0_3209\project\lpc_chip_15xx\Debug\liblpc_chip_15xx.a(clock_15xx.o)
 .text.Chip_Clock_SetUARTFRGDivider
                0x00000764       0x20 C:\Users\johan\Documents\MCUXpressoIDE_11.1.0_3209\project\lpc_chip_15xx\Debug\liblpc_chip_15xx.a(clock_15xx.o)
 .text.Chip_Clock_GetUARTFRGDivider
                0x00000784       0x18 C:\Users\johan\Documents\MCUXpressoIDE_11.1.0_3209\project\lpc_chip_15xx\Debug\liblpc_chip_15xx.a(clock_15xx.o)
 .text.Chip_Clock_GetMainOscRate
                0x0000079c       0x14 C:\Users\johan\Documents\MCUXpressoIDE_11.1.0_3209\project\lpc_chip_15xx\Debug\liblpc_chip_15xx.a(clock_15xx.o)
 .text.Chip_Clock_GetIntOscRate
                0x000007b0       0x14 C:\Users\johan\Documents\MCUXpressoIDE_11.1.0_3209\project\lpc_chip_15xx\Debug\liblpc_chip_15xx.a(clock_15xx.o)
 .text.Chip_Clock_GetRTCOscRate
                0x000007c4       0x14 C:\Users\johan\Documents\MCUXpressoIDE_11.1.0_3209\project\lpc_chip_15xx\Debug\liblpc_chip_15xx.a(clock_15xx.o)
 .text.Chip_Clock_GetWDTOSCRate
                0x000007d8       0x14 C:\Users\johan\Documents\MCUXpressoIDE_11.1.0_3209\project\lpc_chip_15xx\Debug\liblpc_chip_15xx.a(clock_15xx.o)
 .text.Chip_Clock_GetPLLFreq
                0x000007ec       0x26 C:\Users\johan\Documents\MCUXpressoIDE_11.1.0_3209\project\lpc_chip_15xx\Debug\liblpc_chip_15xx.a(clock_15xx.o)
 .text.Chip_Clock_GetPLLInClockRate
                0x00000812       0x38 C:\Users\johan\Documents\MCUXpressoIDE_11.1.0_3209\project\lpc_chip_15xx\Debug\liblpc_chip_15xx.a(clock_15xx.o)
 *fill*         0x0000084a        0x2 ff
 .text.Chip_Clock_GetSystemPLLInClockRate
                0x0000084c       0x1c C:\Users\johan\Documents\MCUXpressoIDE_11.1.0_3209\project\lpc_chip_15xx\Debug\liblpc_chip_15xx.a(clock_15xx.o)
                0x0000084c                Chip_Clock_GetSystemPLLInClockRate
 .text.Chip_Clock_GetSystemPLLOutClockRate
                0x00000868       0x24 C:\Users\johan\Documents\MCUXpressoIDE_11.1.0_3209\project\lpc_chip_15xx\Debug\liblpc_chip_15xx.a(clock_15xx.o)
                0x00000868                Chip_Clock_GetSystemPLLOutClockRate
 .text.Chip_Clock_GetMain_A_ClockRate
                0x0000088c       0x44 C:\Users\johan\Documents\MCUXpressoIDE_11.1.0_3209\project\lpc_chip_15xx\Debug\liblpc_chip_15xx.a(clock_15xx.o)
                0x0000088c                Chip_Clock_GetMain_A_ClockRate
 .text.Chip_Clock_GetMain_B_ClockRate
                0x000008d0       0x58 C:\Users\johan\Documents\MCUXpressoIDE_11.1.0_3209\project\lpc_chip_15xx\Debug\liblpc_chip_15xx.a(clock_15xx.o)
                0x000008d0                Chip_Clock_GetMain_B_ClockRate
 .text.Chip_Clock_SetMainClockSource
                0x00000928       0x3c C:\Users\johan\Documents\MCUXpressoIDE_11.1.0_3209\project\lpc_chip_15xx\Debug\liblpc_chip_15xx.a(clock_15xx.o)
                0x00000928                Chip_Clock_SetMainClockSource
 .text.Chip_Clock_GetMainClockRate
                0x00000964       0x28 C:\Users\johan\Documents\MCUXpressoIDE_11.1.0_3209\project\lpc_chip_15xx\Debug\liblpc_chip_15xx.a(clock_15xx.o)
                0x00000964                Chip_Clock_GetMainClockRate
 .text.Chip_Clock_EnablePeriphClock
                0x0000098c       0x58 C:\Users\johan\Documents\MCUXpressoIDE_11.1.0_3209\project\lpc_chip_15xx\Debug\liblpc_chip_15xx.a(clock_15xx.o)
                0x0000098c                Chip_Clock_EnablePeriphClock
 .text.Chip_Clock_GetUARTBaseClockRate
                0x000009e4       0x8c C:\Users\johan\Documents\MCUXpressoIDE_11.1.0_3209\project\lpc_chip_15xx\Debug\liblpc_chip_15xx.a(clock_15xx.o)
                0x000009e4                Chip_Clock_GetUARTBaseClockRate
 .text.Chip_Clock_SetUARTBaseClockRate
                0x00000a70       0xa4 C:\Users\johan\Documents\MCUXpressoIDE_11.1.0_3209\project\lpc_chip_15xx\Debug\liblpc_chip_15xx.a(clock_15xx.o)
                0x00000a70                Chip_Clock_SetUARTBaseClockRate
 .text.Chip_Clock_GetSystemClockRate
                0x00000b14       0x1c C:\Users\johan\Documents\MCUXpressoIDE_11.1.0_3209\project\lpc_chip_15xx\Debug\liblpc_chip_15xx.a(clock_15xx.o)
                0x00000b14                Chip_Clock_GetSystemClockRate
 .text.Chip_SYSCTL_PeriphReset
                0x00000b30       0x22 C:\Users\johan\Documents\MCUXpressoIDE_11.1.0_3209\project\lpc_chip_15xx\Debug\liblpc_chip_15xx.a(gpio_15xx.o)
 .text.Chip_GPIO_Init
                0x00000b52       0x2e C:\Users\johan\Documents\MCUXpressoIDE_11.1.0_3209\project\lpc_chip_15xx\Debug\liblpc_chip_15xx.a(gpio_15xx.o)
                0x00000b52                Chip_GPIO_Init
 .text.Chip_IOCON_PinMuxSet
                0x00000b80       0x2c C:\Users\johan\Documents\MCUXpressoIDE_11.1.0_3209\project\lpc_chip_15xx\Debug\liblpc_chip_15xx.a(iocon_15xx.o)
 .text.Chip_IOCON_SetPinMuxing
                0x00000bac       0x4e C:\Users\johan\Documents\MCUXpressoIDE_11.1.0_3209\project\lpc_chip_15xx\Debug\liblpc_chip_15xx.a(iocon_15xx.o)
                0x00000bac                Chip_IOCON_SetPinMuxing
 *fill*         0x00000bfa        0x2 ff
 .text.Chip_SWM_MovablePinAssign
                0x00000bfc       0x5c C:\Users\johan\Documents\MCUXpressoIDE_11.1.0_3209\project\lpc_chip_15xx\Debug\liblpc_chip_15xx.a(swm_15xx.o)
                0x00000bfc                Chip_SWM_MovablePinAssign
 .text.Chip_SYSCTL_AssertPeriphReset
                0x00000c58       0x4c C:\Users\johan\Documents\MCUXpressoIDE_11.1.0_3209\project\lpc_chip_15xx\Debug\liblpc_chip_15xx.a(sysctl_15xx.o)
                0x00000c58                Chip_SYSCTL_AssertPeriphReset
 .text.Chip_SYSCTL_DeassertPeriphReset
                0x00000ca4       0x50 C:\Users\johan\Documents\MCUXpressoIDE_11.1.0_3209\project\lpc_chip_15xx\Debug\liblpc_chip_15xx.a(sysctl_15xx.o)
                0x00000ca4                Chip_SYSCTL_DeassertPeriphReset
 .text.Chip_SYSCTL_PowerDown
                0x00000cf4       0x40 C:\Users\johan\Documents\MCUXpressoIDE_11.1.0_3209\project\lpc_chip_15xx\Debug\liblpc_chip_15xx.a(sysctl_15xx.o)
                0x00000cf4                Chip_SYSCTL_PowerDown
 .text.Chip_SYSCTL_PowerUp
                0x00000d34       0x40 C:\Users\johan\Documents\MCUXpressoIDE_11.1.0_3209\project\lpc_chip_15xx\Debug\liblpc_chip_15xx.a(sysctl_15xx.o)
                0x00000d34                Chip_SYSCTL_PowerUp
 .text.Chip_FMC_SetFLASHAccess
                0x00000d74       0x38 C:\Users\johan\Documents\MCUXpressoIDE_11.1.0_3209\project\lpc_chip_15xx\Debug\liblpc_chip_15xx.a(sysinit_15xx.o)
 .text.Chip_Clock_SetSystemPLLSource
                0x00000dac       0x20 C:\Users\johan\Documents\MCUXpressoIDE_11.1.0_3209\project\lpc_chip_15xx\Debug\liblpc_chip_15xx.a(sysinit_15xx.o)
 .text.Chip_Clock_SetupSystemPLL
                0x00000dcc       0x34 C:\Users\johan\Documents\MCUXpressoIDE_11.1.0_3209\project\lpc_chip_15xx\Debug\liblpc_chip_15xx.a(sysinit_15xx.o)
 .text.Chip_Clock_IsSystemPLLLocked
                0x00000e00       0x24 C:\Users\johan\Documents\MCUXpressoIDE_11.1.0_3209\project\lpc_chip_15xx\Debug\liblpc_chip_15xx.a(sysinit_15xx.o)
 .text.Chip_Clock_SetSysClockDiv
                0x00000e24       0x20 C:\Users\johan\Documents\MCUXpressoIDE_11.1.0_3209\project\lpc_chip_15xx\Debug\liblpc_chip_15xx.a(sysinit_15xx.o)
 .text.Chip_SetupXtalClocking
                0x00000e44       0x6c C:\Users\johan\Documents\MCUXpressoIDE_11.1.0_3209\project\lpc_chip_15xx\Debug\liblpc_chip_15xx.a(sysinit_15xx.o)
                0x00000e44                Chip_SetupXtalClocking
 .text.Chip_SYSCTL_PeriphReset
                0x00000eb0       0x22 C:\Users\johan\Documents\MCUXpressoIDE_11.1.0_3209\project\lpc_chip_15xx\Debug\liblpc_chip_15xx.a(uart_15xx.o)
 *fill*         0x00000ed2        0x2 ff
 .text.getUARTClockID
                0x00000ed4       0x34 C:\Users\johan\Documents\MCUXpressoIDE_11.1.0_3209\project\lpc_chip_15xx\Debug\liblpc_chip_15xx.a(uart_15xx.o)
 .text.Chip_UART_Init
                0x00000f08       0x4c C:\Users\johan\Documents\MCUXpressoIDE_11.1.0_3209\project\lpc_chip_15xx\Debug\liblpc_chip_15xx.a(uart_15xx.o)
                0x00000f08                Chip_UART_Init
 .text.Chip_UART_SetBaud
                0x00000f54       0x2a C:\Users\johan\Documents\MCUXpressoIDE_11.1.0_3209\project\lpc_chip_15xx\Debug\liblpc_chip_15xx.a(uart_15xx.o)
                0x00000f54                Chip_UART_SetBaud
 *fill*         0x00000f7e        0x2 ff
 .text          0x00000f80       0x30 c:/nxp/mcuxpressoide_11.1.0_3209/ide/plugins/com.nxp.mcuxpresso.tools.win32_11.1.0.201909161352/tools/bin/../lib/gcc/arm-none-eabi/8.3.1/thumb/v7-m/nofp\libgcc.a(_aeabi_uldivmod.o)
                0x00000f80                __aeabi_uldivmod
 .text          0x00000fb0      0x2d0 c:/nxp/mcuxpressoide_11.1.0_3209/ide/plugins/com.nxp.mcuxpresso.tools.win32_11.1.0.201909161352/tools/bin/../lib/gcc/arm-none-eabi/8.3.1/thumb/v7-m/nofp\libgcc.a(_udivmoddi4.o)
                0x00000fb0                __udivmoddi4
 .text          0x00001280        0x4 c:/nxp/mcuxpressoide_11.1.0_3209/ide/plugins/com.nxp.mcuxpresso.tools.win32_11.1.0.201909161352/tools/bin/../lib/gcc/arm-none-eabi/8.3.1/thumb/v7-m/nofp\libgcc.a(_dvmd_tls.o)
                0x00001280                __aeabi_idiv0
                0x00001280                __aeabi_ldiv0
 .text.__libc_init_array
                0x00001284       0x48 c:/nxp/mcuxpressoide_11.1.0_3209/ide/plugins/com.nxp.mcuxpresso.tools.win32_11.1.0.201909161352/tools/bin/../lib/gcc/arm-none-eabi/8.3.1/../../../../arm-none-eabi/lib/thumb/v7-m/nofp\libc.a(lib_a-init.o)
                0x00001284                __libc_init_array
 .text          0x000012cc       0x40 c:/nxp/mcuxpressoide_11.1.0_3209/ide/plugins/com.nxp.mcuxpresso.tools.win32_11.1.0.201909161352/tools/bin/../lib/gcc/arm-none-eabi/8.3.1/thumb/v7-m/nofp\crtbegin.o
 *(.rodata .rodata.* .constdata .constdata.*)
 .rodata.OscRateIn
                0x0000130c        0x4 C:\Users\johan\Documents\MCUXpressoIDE_11.1.0_3209\project\lpc_board_nxp_lpcxpresso_1549\Debug\liblpc_board_nxp_lpcxpresso_1549.a(board.o)
                0x0000130c                OscRateIn
 .rodata.RTCOscRateIn
                0x00001310        0x4 C:\Users\johan\Documents\MCUXpressoIDE_11.1.0_3209\project\lpc_board_nxp_lpcxpresso_1549\Debug\liblpc_board_nxp_lpcxpresso_1549.a(board.o)
                0x00001310                RTCOscRateIn
 .rodata.ledpins
                0x00001314        0x3 C:\Users\johan\Documents\MCUXpressoIDE_11.1.0_3209\project\lpc_board_nxp_lpcxpresso_1549\Debug\liblpc_board_nxp_lpcxpresso_1549.a(board.o)
 *fill*         0x00001317        0x1 ff
 .rodata.ledports
                0x00001318        0x3 C:\Users\johan\Documents\MCUXpressoIDE_11.1.0_3209\project\lpc_board_nxp_lpcxpresso_1549\Debug\liblpc_board_nxp_lpcxpresso_1549.a(board.o)
 *fill*         0x0000131b        0x1 ff
 .rodata.ioconSetup
                0x0000131c       0x74 C:\Users\johan\Documents\MCUXpressoIDE_11.1.0_3209\project\lpc_board_nxp_lpcxpresso_1549\Debug\liblpc_board_nxp_lpcxpresso_1549.a(board_sysinit.o)
 .rodata.swmSetup
                0x00001390        0x6 C:\Users\johan\Documents\MCUXpressoIDE_11.1.0_3209\project\lpc_board_nxp_lpcxpresso_1549\Debug\liblpc_board_nxp_lpcxpresso_1549.a(board_sysinit.o)
                0x00001398                . = ALIGN (0x4)
 *fill*         0x00001396        0x2 ff
                0x00001398                . = ALIGN (0x4)
 *(.init)
 .init          0x00001398        0x4 c:/nxp/mcuxpressoide_11.1.0_3209/ide/plugins/com.nxp.mcuxpresso.tools.win32_11.1.0.201909161352/tools/bin/../lib/gcc/arm-none-eabi/8.3.1/thumb/v7-m/nofp\crti.o
                0x00001398                _init
 .init          0x0000139c        0x8 c:/nxp/mcuxpressoide_11.1.0_3209/ide/plugins/com.nxp.mcuxpresso.tools.win32_11.1.0.201909161352/tools/bin/../lib/gcc/arm-none-eabi/8.3.1/thumb/v7-m/nofp\crtn.o
                0x000013a4                . = ALIGN (0x4)
                0x000013a4                __preinit_array_start = .
 *(.preinit_array)
                0x000013a4                __preinit_array_end = .
                0x000013a4                . = ALIGN (0x4)
                0x000013a4                __init_array_start = .
 *(SORT_BY_NAME(.init_array.*))
 *(.init_array)
 .init_array    0x000013a4        0x4 c:/nxp/mcuxpressoide_11.1.0_3209/ide/plugins/com.nxp.mcuxpresso.tools.win32_11.1.0.201909161352/tools/bin/../lib/gcc/arm-none-eabi/8.3.1/thumb/v7-m/nofp\crtbegin.o
                0x000013a8                __init_array_end = .
 *(.fini)
 .fini          0x000013a8        0x4 c:/nxp/mcuxpressoide_11.1.0_3209/ide/plugins/com.nxp.mcuxpresso.tools.win32_11.1.0.201909161352/tools/bin/../lib/gcc/arm-none-eabi/8.3.1/thumb/v7-m/nofp\crti.o
                0x000013a8                _fini
 .fini          0x000013ac        0x8 c:/nxp/mcuxpressoide_11.1.0_3209/ide/plugins/com.nxp.mcuxpresso.tools.win32_11.1.0.201909161352/tools/bin/../lib/gcc/arm-none-eabi/8.3.1/thumb/v7-m/nofp\crtn.o
                0x000013b4                . = ALIGN (0x4)
 *crtbegin.o(.ctors)
 *(EXCLUDE_FILE(*crtend.o) .ctors)
 *(SORT_BY_NAME(.ctors.*))
 *crtend.o(.ctors)
                0x000013b4                . = ALIGN (0x4)
 *crtbegin.o(.dtors)
 *(EXCLUDE_FILE(*crtend.o) .dtors)
 *(SORT_BY_NAME(.dtors.*))
 *crtend.o(.dtors)
                0x000013b4                . = ALIGN (0x4)

.glue_7         0x000013b4        0x0
 .glue_7        0x000013b4        0x0 linker stubs

.glue_7t        0x000013b4        0x0
 .glue_7t       0x000013b4        0x0 linker stubs

.vfp11_veneer   0x000013b4        0x0
 .vfp11_veneer  0x000013b4        0x0 linker stubs

.v4_bx          0x000013b4        0x0
 .v4_bx         0x000013b4        0x0 linker stubs

.iplt           0x000013b4        0x0
 .iplt          0x000013b4        0x0 ./src/cr_startup_lpc15xx.o

.ARM.extab
 *(.ARM.extab* .gnu.linkonce.armextab.*)
                0x000013b4                __exidx_start = .

.ARM.exidx      0x000013b4        0x8
 *(.ARM.exidx* .gnu.linkonce.armexidx.*)
 .ARM.exidx     0x000013b4        0x8 c:/nxp/mcuxpressoide_11.1.0_3209/ide/plugins/com.nxp.mcuxpresso.tools.win32_11.1.0.201909161352/tools/bin/../lib/gcc/arm-none-eabi/8.3.1/thumb/v7-m/nofp\libgcc.a(_udivmoddi4.o)
                0x000013bc                __exidx_end = .
                0x000013bc                _etext = .

.rel.dyn        0x000013bc        0x0
 .rel.iplt      0x000013bc        0x0 ./src/cr_startup_lpc15xx.o

.eh_frame       0x000013bc        0x0
 .eh_frame      0x000013bc        0x0 c:/nxp/mcuxpressoide_11.1.0_3209/ide/plugins/com.nxp.mcuxpresso.tools.win32_11.1.0.201909161352/tools/bin/../lib/gcc/arm-none-eabi/8.3.1/thumb/v7-m/nofp\crtbegin.o

.data_RAM2      0x02004000        0x0 load address 0x000013bc
 FILL mask 0xff
                [!provide]                PROVIDE (__start_data_RAM2 = .)
                [!provide]                PROVIDE (__start_data_Ram1_16 = .)
 *(.ramfunc.$RAM2)
 *(.ramfunc.$Ram1_16)
 *(.data.$RAM2)
 *(.data.$Ram1_16)
 *(.data.$RAM2.*)
 *(.data.$Ram1_16.*)
                0x02004000                . = ALIGN (0x4)
                [!provide]                PROVIDE (__end_data_RAM2 = .)
                [!provide]                PROVIDE (__end_data_Ram1_16 = .)

.data_RAM3      0x02008000        0x0 load address 0x000013bc
 FILL mask 0xff
                [!provide]                PROVIDE (__start_data_RAM3 = .)
                [!provide]                PROVIDE (__start_data_Ram2_4 = .)
 *(.ramfunc.$RAM3)
 *(.ramfunc.$Ram2_4)
 *(.data.$RAM3)
 *(.data.$Ram2_4)
 *(.data.$RAM3.*)
 *(.data.$Ram2_4.*)
                0x02008000                . = ALIGN (0x4)
                [!provide]                PROVIDE (__end_data_RAM3 = .)
                [!provide]                PROVIDE (__end_data_Ram2_4 = .)

.uninit_RESERVED
                0x02000000        0x0
                0x02000000                _start_uninit_RESERVED = .
 *(.bss.$RESERVED*)
                0x02000000                . = ALIGN (0x4)
                0x02000000                _end_uninit_RESERVED = .

.data           0x02000000        0x0 load address 0x000013bc
 FILL mask 0xff
                0x02000000                _data = .
                [!provide]                PROVIDE (__start_data_RAM = .)
                [!provide]                PROVIDE (__start_data_Ram0_16 = .)
 *(vtable)
 *(.ramfunc*)
 *(CodeQuickAccess)
 *(DataQuickAccess)
 *(RamFunction)
 *(.data*)
                0x02000000                . = ALIGN (0x4)
                0x02000000                _edata = .
                [!provide]                PROVIDE (__end_data_RAM = .)
                [!provide]                PROVIDE (__end_data_Ram0_16 = .)

.igot.plt       0x02000000        0x0 load address 0x000013bc
 .igot.plt      0x02000000        0x0 ./src/cr_startup_lpc15xx.o

.bss_RAM2       0x02004000        0x0
                [!provide]                PROVIDE (__start_bss_RAM2 = .)
                [!provide]                PROVIDE (__start_bss_Ram1_16 = .)
 *(.bss.$RAM2)
 *(.bss.$Ram1_16)
 *(.bss.$RAM2.*)
 *(.bss.$Ram1_16.*)
                0x02004000                . = ALIGN ((. != 0x0)?0x4:0x1)
                [!provide]                PROVIDE (__end_bss_RAM2 = .)
                [!provide]                PROVIDE (__end_bss_Ram1_16 = .)

.bss_RAM3       0x02008000        0x0
                [!provide]                PROVIDE (__start_bss_RAM3 = .)
                [!provide]                PROVIDE (__start_bss_Ram2_4 = .)
 *(.bss.$RAM3)
 *(.bss.$Ram2_4)
 *(.bss.$RAM3.*)
 *(.bss.$Ram2_4.*)
                0x02008000                . = ALIGN ((. != 0x0)?0x4:0x1)
                [!provide]                PROVIDE (__end_bss_RAM3 = .)
                [!provide]                PROVIDE (__end_bss_Ram2_4 = .)

.bss            0x02000000       0x24
                0x02000000                _bss = .
                [!provide]                PROVIDE (__start_bss_RAM = .)
                [!provide]                PROVIDE (__start_bss_Ram0_16 = .)
 *(.bss*)
 .bss._ZZ4mainE1i
                0x02000000        0x4 ./src/project.o
 .bss           0x02000004       0x1c c:/nxp/mcuxpressoide_11.1.0_3209/ide/plugins/com.nxp.mcuxpresso.tools.win32_11.1.0.201909161352/tools/bin/../lib/gcc/arm-none-eabi/8.3.1/thumb/v7-m/nofp\crtbegin.o
 *(COMMON)
 COMMON         0x02000020        0x4 C:\Users\johan\Documents\MCUXpressoIDE_11.1.0_3209\project\lpc_chip_15xx\Debug\liblpc_chip_15xx.a(chip_15xx.o)
                0x02000020                SystemCoreClock
                0x02000024                . = ALIGN (0x4)
                0x02000024                _ebss = .
                [!provide]                PROVIDE (__end_bss_RAM = .)
                [!provide]                PROVIDE (__end_bss_Ram0_16 = .)
                [!provide]                PROVIDE (end = .)

.noinit_RAM2    0x02004000        0x0
                [!provide]                PROVIDE (__start_noinit_RAM2 = .)
                [!provide]                PROVIDE (__start_noinit_Ram1_16 = .)
 *(.noinit.$RAM2)
 *(.noinit.$Ram1_16)
 *(.noinit.$RAM2.*)
 *(.noinit.$Ram1_16.*)
                0x02004000                . = ALIGN (0x4)
                [!provide]                PROVIDE (__end_noinit_RAM2 = .)
                [!provide]                PROVIDE (__end_noinit_Ram1_16 = .)

.noinit_RAM3    0x02008000        0x0
                [!provide]                PROVIDE (__start_noinit_RAM3 = .)
                [!provide]                PROVIDE (__start_noinit_Ram2_4 = .)
 *(.noinit.$RAM3)
 *(.noinit.$Ram2_4)
 *(.noinit.$RAM3.*)
 *(.noinit.$Ram2_4.*)
                0x02008000                . = ALIGN (0x4)
                [!provide]                PROVIDE (__end_noinit_RAM3 = .)
                [!provide]                PROVIDE (__end_noinit_Ram2_4 = .)

.noinit         0x02000024        0x0
                0x02000024                _noinit = .
                [!provide]                PROVIDE (__start_noinit_RAM = .)
                [!provide]                PROVIDE (__start_noinit_Ram0_16 = .)
 *(.noinit*)
                0x02000024                . = ALIGN (0x4)
                0x02000024                _end_noinit = .
                [!provide]                PROVIDE (__end_noinit_RAM = .)
                [!provide]                PROVIDE (__end_noinit_Ram0_16 = .)
                0x02000024                PROVIDE (_pvHeapStart = DEFINED (__user_heap_base)?__user_heap_base:.)
                0x02004000                PROVIDE (_vStackTop = DEFINED (__user_stack_top)?__user_stack_top:(__top_Ram0_16 - 0x0))
                0xfdffb2e2                PROVIDE (__valid_user_code_checksum = (0x0 - ((((((_vStackTop + (ResetISR + 0x1)) + (NMI_Handler + 0x1)) + (HardFault_Handler + 0x1)) + (DEFINED (MemManage_Handler)?MemManage_Handler:0x0 + 0x1)) + (DEFINED (BusFault_Handler)?BusFault_Handler:0x0 + 0x1)) + (DEFINED (UsageFault_Handler)?UsageFault_Handler:0x0 + 0x1))))
                0x00000000                _image_start = LOADADDR (.text)
                0x000013bc                _image_end = (LOADADDR (.data) + SIZEOF (.data))
                0x000013bc                _image_size = (_image_end - _image_start)
OUTPUT(project.cpp.axf elf32-littlearm)

.debug_info     0x00000000     0x8371
 .debug_info    0x00000000      0x2a0 ./src/cr_startup_lpc15xx.o
 .debug_info    0x000002a0      0xa23 ./src/project.o
 .debug_info    0x00000cc3      0x9fc ./src/sysinit.o
 .debug_info    0x000016bf     0x145c C:\Users\johan\Documents\MCUXpressoIDE_11.1.0_3209\project\lpc_board_nxp_lpcxpresso_1549\Debug\liblpc_board_nxp_lpcxpresso_1549.a(board.o)
 .debug_info    0x00002b1b     0x1606 C:\Users\johan\Documents\MCUXpressoIDE_11.1.0_3209\project\lpc_board_nxp_lpcxpresso_1549\Debug\liblpc_board_nxp_lpcxpresso_1549.a(board_sysinit.o)
 .debug_info    0x00004121      0xa44 C:\Users\johan\Documents\MCUXpressoIDE_11.1.0_3209\project\lpc_chip_15xx\Debug\liblpc_chip_15xx.a(chip_15xx.o)
 .debug_info    0x00004b65      0xe46 C:\Users\johan\Documents\MCUXpressoIDE_11.1.0_3209\project\lpc_chip_15xx\Debug\liblpc_chip_15xx.a(clock_15xx.o)
 .debug_info    0x000059ab      0x6d1 C:\Users\johan\Documents\MCUXpressoIDE_11.1.0_3209\project\lpc_chip_15xx\Debug\liblpc_chip_15xx.a(gpio_15xx.o)
 .debug_info    0x0000607c      0x29c C:\Users\johan\Documents\MCUXpressoIDE_11.1.0_3209\project\lpc_chip_15xx\Debug\liblpc_chip_15xx.a(iocon_15xx.o)
 .debug_info    0x00006318      0x69b C:\Users\johan\Documents\MCUXpressoIDE_11.1.0_3209\project\lpc_chip_15xx\Debug\liblpc_chip_15xx.a(swm_15xx.o)
 .debug_info    0x000069b3      0x802 C:\Users\johan\Documents\MCUXpressoIDE_11.1.0_3209\project\lpc_chip_15xx\Debug\liblpc_chip_15xx.a(sysctl_15xx.o)
 .debug_info    0x000071b5      0x7ee C:\Users\johan\Documents\MCUXpressoIDE_11.1.0_3209\project\lpc_chip_15xx\Debug\liblpc_chip_15xx.a(sysinit_15xx.o)
 .debug_info    0x000079a3      0x9ce C:\Users\johan\Documents\MCUXpressoIDE_11.1.0_3209\project\lpc_chip_15xx\Debug\liblpc_chip_15xx.a(uart_15xx.o)

.debug_abbrev   0x00000000     0x1a51
 .debug_abbrev  0x00000000      0x11a ./src/cr_startup_lpc15xx.o
 .debug_abbrev  0x0000011a      0x1ed ./src/project.o
 .debug_abbrev  0x00000307      0x1d9 ./src/sysinit.o
 .debug_abbrev  0x000004e0      0x379 C:\Users\johan\Documents\MCUXpressoIDE_11.1.0_3209\project\lpc_board_nxp_lpcxpresso_1549\Debug\liblpc_board_nxp_lpcxpresso_1549.a(board.o)
 .debug_abbrev  0x00000859      0x344 C:\Users\johan\Documents\MCUXpressoIDE_11.1.0_3209\project\lpc_board_nxp_lpcxpresso_1549\Debug\liblpc_board_nxp_lpcxpresso_1549.a(board_sysinit.o)
 .debug_abbrev  0x00000b9d      0x1ea C:\Users\johan\Documents\MCUXpressoIDE_11.1.0_3209\project\lpc_chip_15xx\Debug\liblpc_chip_15xx.a(chip_15xx.o)
 .debug_abbrev  0x00000d87      0x2e8 C:\Users\johan\Documents\MCUXpressoIDE_11.1.0_3209\project\lpc_chip_15xx\Debug\liblpc_chip_15xx.a(clock_15xx.o)
 .debug_abbrev  0x0000106f      0x1aa C:\Users\johan\Documents\MCUXpressoIDE_11.1.0_3209\project\lpc_chip_15xx\Debug\liblpc_chip_15xx.a(gpio_15xx.o)
 .debug_abbrev  0x00001219      0x160 C:\Users\johan\Documents\MCUXpressoIDE_11.1.0_3209\project\lpc_chip_15xx\Debug\liblpc_chip_15xx.a(iocon_15xx.o)
 .debug_abbrev  0x00001379      0x183 C:\Users\johan\Documents\MCUXpressoIDE_11.1.0_3209\project\lpc_chip_15xx\Debug\liblpc_chip_15xx.a(swm_15xx.o)
 .debug_abbrev  0x000014fc      0x154 C:\Users\johan\Documents\MCUXpressoIDE_11.1.0_3209\project\lpc_chip_15xx\Debug\liblpc_chip_15xx.a(sysctl_15xx.o)
 .debug_abbrev  0x00001650      0x1dd C:\Users\johan\Documents\MCUXpressoIDE_11.1.0_3209\project\lpc_chip_15xx\Debug\liblpc_chip_15xx.a(sysinit_15xx.o)
 .debug_abbrev  0x0000182d      0x224 C:\Users\johan\Documents\MCUXpressoIDE_11.1.0_3209\project\lpc_chip_15xx\Debug\liblpc_chip_15xx.a(uart_15xx.o)

.debug_aranges  0x00000000      0x5b0
 .debug_aranges
                0x00000000       0x80 ./src/cr_startup_lpc15xx.o
 .debug_aranges
                0x00000080       0x20 ./src/project.o
 .debug_aranges
                0x000000a0       0x20 ./src/sysinit.o
 .debug_aranges
                0x000000c0       0xd0 C:\Users\johan\Documents\MCUXpressoIDE_11.1.0_3209\project\lpc_board_nxp_lpcxpresso_1549\Debug\liblpc_board_nxp_lpcxpresso_1549.a(board.o)
 .debug_aranges
                0x00000190       0x60 C:\Users\johan\Documents\MCUXpressoIDE_11.1.0_3209\project\lpc_board_nxp_lpcxpresso_1549\Debug\liblpc_board_nxp_lpcxpresso_1549.a(board_sysinit.o)
 .debug_aranges
                0x000001f0       0x50 C:\Users\johan\Documents\MCUXpressoIDE_11.1.0_3209\project\lpc_chip_15xx\Debug\liblpc_chip_15xx.a(chip_15xx.o)
 .debug_aranges
                0x00000240      0x128 C:\Users\johan\Documents\MCUXpressoIDE_11.1.0_3209\project\lpc_chip_15xx\Debug\liblpc_chip_15xx.a(clock_15xx.o)
 .debug_aranges
                0x00000368       0x70 C:\Users\johan\Documents\MCUXpressoIDE_11.1.0_3209\project\lpc_chip_15xx\Debug\liblpc_chip_15xx.a(gpio_15xx.o)
 .debug_aranges
                0x000003d8       0x28 C:\Users\johan\Documents\MCUXpressoIDE_11.1.0_3209\project\lpc_chip_15xx\Debug\liblpc_chip_15xx.a(iocon_15xx.o)
 .debug_aranges
                0x00000400       0x40 C:\Users\johan\Documents\MCUXpressoIDE_11.1.0_3209\project\lpc_chip_15xx\Debug\liblpc_chip_15xx.a(swm_15xx.o)
 .debug_aranges
                0x00000440       0x50 C:\Users\johan\Documents\MCUXpressoIDE_11.1.0_3209\project\lpc_chip_15xx\Debug\liblpc_chip_15xx.a(sysctl_15xx.o)
 .debug_aranges
                0x00000490       0x58 C:\Users\johan\Documents\MCUXpressoIDE_11.1.0_3209\project\lpc_chip_15xx\Debug\liblpc_chip_15xx.a(sysinit_15xx.o)
 .debug_aranges
                0x000004e8       0xc8 C:\Users\johan\Documents\MCUXpressoIDE_11.1.0_3209\project\lpc_chip_15xx\Debug\liblpc_chip_15xx.a(uart_15xx.o)

.debug_ranges   0x00000000      0x4f8
 .debug_ranges  0x00000000       0x70 ./src/cr_startup_lpc15xx.o
 .debug_ranges  0x00000070       0x10 ./src/project.o
 .debug_ranges  0x00000080       0x10 ./src/sysinit.o
 .debug_ranges  0x00000090       0xd8 C:\Users\johan\Documents\MCUXpressoIDE_11.1.0_3209\project\lpc_board_nxp_lpcxpresso_1549\Debug\liblpc_board_nxp_lpcxpresso_1549.a(board.o)
 .debug_ranges  0x00000168       0x50 C:\Users\johan\Documents\MCUXpressoIDE_11.1.0_3209\project\lpc_board_nxp_lpcxpresso_1549\Debug\liblpc_board_nxp_lpcxpresso_1549.a(board_sysinit.o)
 .debug_ranges  0x000001b8       0x40 C:\Users\johan\Documents\MCUXpressoIDE_11.1.0_3209\project\lpc_chip_15xx\Debug\liblpc_chip_15xx.a(chip_15xx.o)
 .debug_ranges  0x000001f8      0x118 C:\Users\johan\Documents\MCUXpressoIDE_11.1.0_3209\project\lpc_chip_15xx\Debug\liblpc_chip_15xx.a(clock_15xx.o)
 .debug_ranges  0x00000310       0x60 C:\Users\johan\Documents\MCUXpressoIDE_11.1.0_3209\project\lpc_chip_15xx\Debug\liblpc_chip_15xx.a(gpio_15xx.o)
 .debug_ranges  0x00000370       0x18 C:\Users\johan\Documents\MCUXpressoIDE_11.1.0_3209\project\lpc_chip_15xx\Debug\liblpc_chip_15xx.a(iocon_15xx.o)
 .debug_ranges  0x00000388       0x30 C:\Users\johan\Documents\MCUXpressoIDE_11.1.0_3209\project\lpc_chip_15xx\Debug\liblpc_chip_15xx.a(swm_15xx.o)
 .debug_ranges  0x000003b8       0x40 C:\Users\johan\Documents\MCUXpressoIDE_11.1.0_3209\project\lpc_chip_15xx\Debug\liblpc_chip_15xx.a(sysctl_15xx.o)
 .debug_ranges  0x000003f8       0x48 C:\Users\johan\Documents\MCUXpressoIDE_11.1.0_3209\project\lpc_chip_15xx\Debug\liblpc_chip_15xx.a(sysinit_15xx.o)
 .debug_ranges  0x00000440       0xb8 C:\Users\johan\Documents\MCUXpressoIDE_11.1.0_3209\project\lpc_chip_15xx\Debug\liblpc_chip_15xx.a(uart_15xx.o)

.debug_macro    0x00000000     0x6dfc
 .debug_macro   0x00000000       0x23 ./src/cr_startup_lpc15xx.o
 .debug_macro   0x00000023      0x3e5 ./src/project.o
 .debug_macro   0x00000408       0x1c ./src/project.o
 .debug_macro   0x00000424       0x8e ./src/project.o
 .debug_macro   0x000004b2       0x51 ./src/project.o
 .debug_macro   0x00000503      0x103 ./src/project.o
 .debug_macro   0x00000606       0x6a ./src/project.o
 .debug_macro   0x00000670      0x1df ./src/project.o
 .debug_macro   0x0000084f       0x16 ./src/project.o
 .debug_macro   0x00000865       0x7b ./src/project.o
 .debug_macro   0x000008e0       0x10 ./src/project.o
 .debug_macro   0x000008f0       0x2d ./src/project.o
 .debug_macro   0x0000091d       0x3a ./src/project.o
 .debug_macro   0x00000957       0x2d ./src/project.o
 .debug_macro   0x00000984      0xa7d ./src/project.o
 .debug_macro   0x00001401      0x1b4 ./src/project.o
 .debug_macro   0x000015b5       0xca ./src/project.o
 .debug_macro   0x0000167f       0x18 ./src/project.o
 .debug_macro   0x00001697       0xb2 ./src/project.o
 .debug_macro   0x00001749       0x70 ./src/project.o
 .debug_macro   0x000017b9       0x46 ./src/project.o
 .debug_macro   0x000017ff       0xd0 ./src/project.o
 .debug_macro   0x000018cf       0x40 ./src/project.o
 .debug_macro   0x0000190f      0x233 ./src/project.o
 .debug_macro   0x00001b42       0x16 ./src/project.o
 .debug_macro   0x00001b58       0x88 ./src/project.o
 .debug_macro   0x00001be0       0x34 ./src/project.o
 .debug_macro   0x00001c14       0x6a ./src/project.o
 .debug_macro   0x00001c7e       0x40 ./src/project.o
 .debug_macro   0x00001cbe       0x1c ./src/project.o
 .debug_macro   0x00001cda       0x16 ./src/project.o
 .debug_macro   0x00001cf0      0x10c ./src/project.o
 .debug_macro   0x00001dfc      0x2a9 ./src/project.o
 .debug_macro   0x000020a5       0x76 ./src/project.o
 .debug_macro   0x0000211b       0x22 ./src/project.o
 .debug_macro   0x0000213d      0x152 ./src/project.o
 .debug_macro   0x0000228f       0x82 ./src/project.o
 .debug_macro   0x00002311       0xe6 ./src/project.o
 .debug_macro   0x000023f7       0x3a ./src/project.o
 .debug_macro   0x00002431       0x34 ./src/project.o
 .debug_macro   0x00002465       0x10 ./src/project.o
 .debug_macro   0x00002475       0x76 ./src/project.o
 .debug_macro   0x000024eb       0x58 ./src/project.o
 .debug_macro   0x00002543      0x2ca ./src/project.o
 .debug_macro   0x0000280d      0x22b ./src/project.o
 .debug_macro   0x00002a38       0x2e ./src/project.o
 .debug_macro   0x00002a66       0x34 ./src/project.o
 .debug_macro   0x00002a9a       0x5e ./src/project.o
 .debug_macro   0x00002af8       0x16 ./src/project.o
 .debug_macro   0x00002b0e       0x97 ./src/project.o
 .debug_macro   0x00002ba5      0x104 ./src/project.o
 .debug_macro   0x00002ca9       0x10 ./src/project.o
 .debug_macro   0x00002cb9       0x10 ./src/project.o
 .debug_macro   0x00002cc9       0x1c ./src/project.o
 .debug_macro   0x00002ce5       0x52 ./src/project.o
 .debug_macro   0x00002d37       0x40 ./src/project.o
 .debug_macro   0x00002d77       0x10 ./src/project.o
 .debug_macro   0x00002d87       0x40 ./src/project.o
 .debug_macro   0x00002dc7       0xd5 ./src/project.o
 .debug_macro   0x00002e9c       0x1c ./src/project.o
 .debug_macro   0x00002eb8       0x3d ./src/project.o
 .debug_macro   0x00002ef5       0x16 ./src/project.o
 .debug_macro   0x00002f0b      0x137 ./src/project.o
 .debug_macro   0x00003042       0x20 ./src/project.o
 .debug_macro   0x00003062       0x82 ./src/project.o
 .debug_macro   0x000030e4      0x36b ./src/sysinit.o
 .debug_macro   0x0000344f       0x56 ./src/sysinit.o
 .debug_macro   0x000034a5       0x22 ./src/sysinit.o
 .debug_macro   0x000034c7      0xa7d ./src/sysinit.o
 .debug_macro   0x00003f44       0x34 ./src/sysinit.o
 .debug_macro   0x00003f78       0x97 ./src/sysinit.o
 .debug_macro   0x0000400f      0x339 ./src/sysinit.o
 .debug_macro   0x00004348       0xfd ./src/sysinit.o
 .debug_macro   0x00004445       0x43 ./src/sysinit.o
 .debug_macro   0x00004488       0xbe ./src/sysinit.o
 .debug_macro   0x00004546      0x129 ./src/sysinit.o
 .debug_macro   0x0000466f      0x3ed C:\Users\johan\Documents\MCUXpressoIDE_11.1.0_3209\project\lpc_board_nxp_lpcxpresso_1549\Debug\liblpc_board_nxp_lpcxpresso_1549.a(board.o)
 .debug_macro   0x00004a5c      0xaa2 C:\Users\johan\Documents\MCUXpressoIDE_11.1.0_3209\project\lpc_board_nxp_lpcxpresso_1549\Debug\liblpc_board_nxp_lpcxpresso_1549.a(board.o)
 .debug_macro   0x000054fe      0x16f C:\Users\johan\Documents\MCUXpressoIDE_11.1.0_3209\project\lpc_board_nxp_lpcxpresso_1549\Debug\liblpc_board_nxp_lpcxpresso_1549.a(board.o)
 .debug_macro   0x0000566d       0x12 C:\Users\johan\Documents\MCUXpressoIDE_11.1.0_3209\project\lpc_board_nxp_lpcxpresso_1549\Debug\liblpc_board_nxp_lpcxpresso_1549.a(board.o)
 .debug_macro   0x0000567f      0x40e C:\Users\johan\Documents\MCUXpressoIDE_11.1.0_3209\project\lpc_board_nxp_lpcxpresso_1549\Debug\liblpc_board_nxp_lpcxpresso_1549.a(board_sysinit.o)
 .debug_macro   0x00005a8d       0x16 C:\Users\johan\Documents\MCUXpressoIDE_11.1.0_3209\project\lpc_board_nxp_lpcxpresso_1549\Debug\liblpc_board_nxp_lpcxpresso_1549.a(board_sysinit.o)
 .debug_macro   0x00005aa3       0x35 C:\Users\johan\Documents\MCUXpressoIDE_11.1.0_3209\project\lpc_board_nxp_lpcxpresso_1549\Debug\liblpc_board_nxp_lpcxpresso_1549.a(board_sysinit.o)
 .debug_macro   0x00005ad8      0x260 C:\Users\johan\Documents\MCUXpressoIDE_11.1.0_3209\project\lpc_chip_15xx\Debug\liblpc_chip_15xx.a(chip_15xx.o)
 .debug_macro   0x00005d38      0x260 C:\Users\johan\Documents\MCUXpressoIDE_11.1.0_3209\project\lpc_chip_15xx\Debug\liblpc_chip_15xx.a(clock_15xx.o)
 .debug_macro   0x00005f98      0x260 C:\Users\johan\Documents\MCUXpressoIDE_11.1.0_3209\project\lpc_chip_15xx\Debug\liblpc_chip_15xx.a(gpio_15xx.o)
 .debug_macro   0x000061f8      0x260 C:\Users\johan\Documents\MCUXpressoIDE_11.1.0_3209\project\lpc_chip_15xx\Debug\liblpc_chip_15xx.a(iocon_15xx.o)
 .debug_macro   0x00006458      0x26c C:\Users\johan\Documents\MCUXpressoIDE_11.1.0_3209\project\lpc_chip_15xx\Debug\liblpc_chip_15xx.a(swm_15xx.o)
 .debug_macro   0x000066c4      0x278 C:\Users\johan\Documents\MCUXpressoIDE_11.1.0_3209\project\lpc_chip_15xx\Debug\liblpc_chip_15xx.a(sysctl_15xx.o)
 .debug_macro   0x0000693c      0x260 C:\Users\johan\Documents\MCUXpressoIDE_11.1.0_3209\project\lpc_chip_15xx\Debug\liblpc_chip_15xx.a(sysinit_15xx.o)
 .debug_macro   0x00006b9c      0x260 C:\Users\johan\Documents\MCUXpressoIDE_11.1.0_3209\project\lpc_chip_15xx\Debug\liblpc_chip_15xx.a(uart_15xx.o)

.debug_line     0x00000000     0x61ee
 .debug_line    0x00000000      0x172 ./src/cr_startup_lpc15xx.o
 .debug_line    0x00000172      0x7be ./src/project.o
 .debug_line    0x00000930      0x723 ./src/sysinit.o
 .debug_line    0x00001053      0xae1 C:\Users\johan\Documents\MCUXpressoIDE_11.1.0_3209\project\lpc_board_nxp_lpcxpresso_1549\Debug\liblpc_board_nxp_lpcxpresso_1549.a(board.o)
 .debug_line    0x00001b34      0x91f C:\Users\johan\Documents\MCUXpressoIDE_11.1.0_3209\project\lpc_board_nxp_lpcxpresso_1549\Debug\liblpc_board_nxp_lpcxpresso_1549.a(board_sysinit.o)
 .debug_line    0x00002453      0x6d3 C:\Users\johan\Documents\MCUXpressoIDE_11.1.0_3209\project\lpc_chip_15xx\Debug\liblpc_chip_15xx.a(chip_15xx.o)
 .debug_line    0x00002b26      0xaf8 C:\Users\johan\Documents\MCUXpressoIDE_11.1.0_3209\project\lpc_chip_15xx\Debug\liblpc_chip_15xx.a(clock_15xx.o)
 .debug_line    0x0000361e      0x749 C:\Users\johan\Documents\MCUXpressoIDE_11.1.0_3209\project\lpc_chip_15xx\Debug\liblpc_chip_15xx.a(gpio_15xx.o)
 .debug_line    0x00003d67      0x650 C:\Users\johan\Documents\MCUXpressoIDE_11.1.0_3209\project\lpc_chip_15xx\Debug\liblpc_chip_15xx.a(iocon_15xx.o)
 .debug_line    0x000043b7      0x6bb C:\Users\johan\Documents\MCUXpressoIDE_11.1.0_3209\project\lpc_chip_15xx\Debug\liblpc_chip_15xx.a(swm_15xx.o)
 .debug_line    0x00004a72      0x710 C:\Users\johan\Documents\MCUXpressoIDE_11.1.0_3209\project\lpc_chip_15xx\Debug\liblpc_chip_15xx.a(sysctl_15xx.o)
 .debug_line    0x00005182      0x731 C:\Users\johan\Documents\MCUXpressoIDE_11.1.0_3209\project\lpc_chip_15xx\Debug\liblpc_chip_15xx.a(sysinit_15xx.o)
 .debug_line    0x000058b3      0x93b C:\Users\johan\Documents\MCUXpressoIDE_11.1.0_3209\project\lpc_chip_15xx\Debug\liblpc_chip_15xx.a(uart_15xx.o)

.debug_str      0x00000000    0x16a9f
 .debug_str     0x00000000     0x33e7 ./src/cr_startup_lpc15xx.o
                               0x33fa (size before relaxing)
 .debug_str     0x000033e7    0x10980 ./src/project.o
                              0x13db9 (size before relaxing)
 .debug_str     0x00013d67      0x37f ./src/sysinit.o
                              0x129a5 (size before relaxing)
 .debug_str     0x000140e6      0xbdd C:\Users\johan\Documents\MCUXpressoIDE_11.1.0_3209\project\lpc_board_nxp_lpcxpresso_1549\Debug\liblpc_board_nxp_lpcxpresso_1549.a(board.o)
                              0x13f47 (size before relaxing)
 .debug_str     0x00014cc3      0x8a4 C:\Users\johan\Documents\MCUXpressoIDE_11.1.0_3209\project\lpc_board_nxp_lpcxpresso_1549\Debug\liblpc_board_nxp_lpcxpresso_1549.a(board_sysinit.o)
                              0x1457b (size before relaxing)
 .debug_str     0x00015567      0x14b C:\Users\johan\Documents\MCUXpressoIDE_11.1.0_3209\project\lpc_chip_15xx\Debug\liblpc_chip_15xx.a(chip_15xx.o)
                               0xfdb1 (size before relaxing)
 .debug_str     0x000156b2      0x89f C:\Users\johan\Documents\MCUXpressoIDE_11.1.0_3209\project\lpc_chip_15xx\Debug\liblpc_chip_15xx.a(clock_15xx.o)
                              0x101cc (size before relaxing)
 .debug_str     0x00015f51       0xdf C:\Users\johan\Documents\MCUXpressoIDE_11.1.0_3209\project\lpc_chip_15xx\Debug\liblpc_chip_15xx.a(gpio_15xx.o)
                               0xf86e (size before relaxing)
 .debug_str     0x00016030       0x41 C:\Users\johan\Documents\MCUXpressoIDE_11.1.0_3209\project\lpc_chip_15xx\Debug\liblpc_chip_15xx.a(iocon_15xx.o)
                               0xf38b (size before relaxing)
 .debug_str     0x00016071      0x55d C:\Users\johan\Documents\MCUXpressoIDE_11.1.0_3209\project\lpc_chip_15xx\Debug\liblpc_chip_15xx.a(swm_15xx.o)
                               0xfd93 (size before relaxing)
 .debug_str     0x000165ce      0x183 C:\Users\johan\Documents\MCUXpressoIDE_11.1.0_3209\project\lpc_chip_15xx\Debug\liblpc_chip_15xx.a(sysctl_15xx.o)
                               0xf879 (size before relaxing)
 .debug_str     0x00016751      0x13f C:\Users\johan\Documents\MCUXpressoIDE_11.1.0_3209\project\lpc_chip_15xx\Debug\liblpc_chip_15xx.a(sysinit_15xx.o)
                               0xf867 (size before relaxing)
 .debug_str     0x00016890      0x20f C:\Users\johan\Documents\MCUXpressoIDE_11.1.0_3209\project\lpc_chip_15xx\Debug\liblpc_chip_15xx.a(uart_15xx.o)
                               0xf9ca (size before relaxing)

.comment        0x00000000       0x76
 .comment       0x00000000       0x76 ./src/cr_startup_lpc15xx.o
                                 0x77 (size before relaxing)
 .comment       0x00000076       0x77 ./src/project.o
 .comment       0x00000076       0x77 ./src/sysinit.o
 .comment       0x00000076       0x77 C:\Users\johan\Documents\MCUXpressoIDE_11.1.0_3209\project\lpc_board_nxp_lpcxpresso_1549\Debug\liblpc_board_nxp_lpcxpresso_1549.a(board.o)
 .comment       0x00000076       0x77 C:\Users\johan\Documents\MCUXpressoIDE_11.1.0_3209\project\lpc_board_nxp_lpcxpresso_1549\Debug\liblpc_board_nxp_lpcxpresso_1549.a(board_sysinit.o)
 .comment       0x00000076       0x77 C:\Users\johan\Documents\MCUXpressoIDE_11.1.0_3209\project\lpc_chip_15xx\Debug\liblpc_chip_15xx.a(chip_15xx.o)
 .comment       0x00000076       0x77 C:\Users\johan\Documents\MCUXpressoIDE_11.1.0_3209\project\lpc_chip_15xx\Debug\liblpc_chip_15xx.a(clock_15xx.o)
 .comment       0x00000076       0x77 C:\Users\johan\Documents\MCUXpressoIDE_11.1.0_3209\project\lpc_chip_15xx\Debug\liblpc_chip_15xx.a(gpio_15xx.o)
 .comment       0x00000076       0x77 C:\Users\johan\Documents\MCUXpressoIDE_11.1.0_3209\project\lpc_chip_15xx\Debug\liblpc_chip_15xx.a(iocon_15xx.o)
 .comment       0x00000076       0x77 C:\Users\johan\Documents\MCUXpressoIDE_11.1.0_3209\project\lpc_chip_15xx\Debug\liblpc_chip_15xx.a(swm_15xx.o)
 .comment       0x00000076       0x77 C:\Users\johan\Documents\MCUXpressoIDE_11.1.0_3209\project\lpc_chip_15xx\Debug\liblpc_chip_15xx.a(sysctl_15xx.o)
 .comment       0x00000076       0x77 C:\Users\johan\Documents\MCUXpressoIDE_11.1.0_3209\project\lpc_chip_15xx\Debug\liblpc_chip_15xx.a(sysinit_15xx.o)
 .comment       0x00000076       0x77 C:\Users\johan\Documents\MCUXpressoIDE_11.1.0_3209\project\lpc_chip_15xx\Debug\liblpc_chip_15xx.a(uart_15xx.o)

.ARM.attributes
                0x00000000       0x2b
 .ARM.attributes
                0x00000000       0x2d ./src/cr_startup_lpc15xx.o
 .ARM.attributes
                0x0000002d       0x2d ./src/project.o
 .ARM.attributes
                0x0000005a       0x2d ./src/sysinit.o
 .ARM.attributes
                0x00000087       0x2d C:\Users\johan\Documents\MCUXpressoIDE_11.1.0_3209\project\lpc_board_nxp_lpcxpresso_1549\Debug\liblpc_board_nxp_lpcxpresso_1549.a(board.o)
 .ARM.attributes
                0x000000b4       0x2d C:\Users\johan\Documents\MCUXpressoIDE_11.1.0_3209\project\lpc_board_nxp_lpcxpresso_1549\Debug\liblpc_board_nxp_lpcxpresso_1549.a(board_sysinit.o)
 .ARM.attributes
                0x000000e1       0x2d C:\Users\johan\Documents\MCUXpressoIDE_11.1.0_3209\project\lpc_chip_15xx\Debug\liblpc_chip_15xx.a(chip_15xx.o)
 .ARM.attributes
                0x0000010e       0x2d C:\Users\johan\Documents\MCUXpressoIDE_11.1.0_3209\project\lpc_chip_15xx\Debug\liblpc_chip_15xx.a(clock_15xx.o)
 .ARM.attributes
                0x0000013b       0x2d C:\Users\johan\Documents\MCUXpressoIDE_11.1.0_3209\project\lpc_chip_15xx\Debug\liblpc_chip_15xx.a(gpio_15xx.o)
 .ARM.attributes
                0x00000168       0x2d C:\Users\johan\Documents\MCUXpressoIDE_11.1.0_3209\project\lpc_chip_15xx\Debug\liblpc_chip_15xx.a(iocon_15xx.o)
 .ARM.attributes
                0x00000195       0x2d C:\Users\johan\Documents\MCUXpressoIDE_11.1.0_3209\project\lpc_chip_15xx\Debug\liblpc_chip_15xx.a(swm_15xx.o)
 .ARM.attributes
                0x000001c2       0x2d C:\Users\johan\Documents\MCUXpressoIDE_11.1.0_3209\project\lpc_chip_15xx\Debug\liblpc_chip_15xx.a(sysctl_15xx.o)
 .ARM.attributes
                0x000001ef       0x2d C:\Users\johan\Documents\MCUXpressoIDE_11.1.0_3209\project\lpc_chip_15xx\Debug\liblpc_chip_15xx.a(sysinit_15xx.o)
 .ARM.attributes
                0x0000021c       0x2d C:\Users\johan\Documents\MCUXpressoIDE_11.1.0_3209\project\lpc_chip_15xx\Debug\liblpc_chip_15xx.a(uart_15xx.o)
 .ARM.attributes
                0x00000249       0x1d c:/nxp/mcuxpressoide_11.1.0_3209/ide/plugins/com.nxp.mcuxpresso.tools.win32_11.1.0.201909161352/tools/bin/../lib/gcc/arm-none-eabi/8.3.1/thumb/v7-m/nofp\libgcc.a(_aeabi_uldivmod.o)
 .ARM.attributes
                0x00000266       0x2d c:/nxp/mcuxpressoide_11.1.0_3209/ide/plugins/com.nxp.mcuxpresso.tools.win32_11.1.0.201909161352/tools/bin/../lib/gcc/arm-none-eabi/8.3.1/thumb/v7-m/nofp\libgcc.a(_udivmoddi4.o)
 .ARM.attributes
                0x00000293       0x1d c:/nxp/mcuxpressoide_11.1.0_3209/ide/plugins/com.nxp.mcuxpresso.tools.win32_11.1.0.201909161352/tools/bin/../lib/gcc/arm-none-eabi/8.3.1/thumb/v7-m/nofp\libgcc.a(_dvmd_tls.o)
 .ARM.attributes
                0x000002b0       0x2d c:/nxp/mcuxpressoide_11.1.0_3209/ide/plugins/com.nxp.mcuxpresso.tools.win32_11.1.0.201909161352/tools/bin/../lib/gcc/arm-none-eabi/8.3.1/../../../../arm-none-eabi/lib/thumb/v7-m/nofp\libc.a(lib_a-init.o)
 .ARM.attributes
                0x000002dd       0x1d c:/nxp/mcuxpressoide_11.1.0_3209/ide/plugins/com.nxp.mcuxpresso.tools.win32_11.1.0.201909161352/tools/bin/../lib/gcc/arm-none-eabi/8.3.1/thumb/v7-m/nofp\crti.o
 .ARM.attributes
                0x000002fa       0x1d c:/nxp/mcuxpressoide_11.1.0_3209/ide/plugins/com.nxp.mcuxpresso.tools.win32_11.1.0.201909161352/tools/bin/../lib/gcc/arm-none-eabi/8.3.1/thumb/v7-m/nofp\crtn.o
 .ARM.attributes
                0x00000317       0x2d c:/nxp/mcuxpressoide_11.1.0_3209/ide/plugins/com.nxp.mcuxpresso.tools.win32_11.1.0.201909161352/tools/bin/../lib/gcc/arm-none-eabi/8.3.1/thumb/v7-m/nofp\crtbegin.o

.debug_frame    0x00000000     0x152c
 .debug_frame   0x00000000      0x170 ./src/cr_startup_lpc15xx.o
 .debug_frame   0x00000170       0x2c ./src/project.o
 .debug_frame   0x0000019c       0x2c ./src/sysinit.o
 .debug_frame   0x000001c8      0x360 C:\Users\johan\Documents\MCUXpressoIDE_11.1.0_3209\project\lpc_board_nxp_lpcxpresso_1549\Debug\liblpc_board_nxp_lpcxpresso_1549.a(board.o)
 .debug_frame   0x00000528      0x14c C:\Users\johan\Documents\MCUXpressoIDE_11.1.0_3209\project\lpc_board_nxp_lpcxpresso_1549\Debug\liblpc_board_nxp_lpcxpresso_1549.a(board_sysinit.o)
 .debug_frame   0x00000674      0x104 C:\Users\johan\Documents\MCUXpressoIDE_11.1.0_3209\project\lpc_chip_15xx\Debug\liblpc_chip_15xx.a(chip_15xx.o)
 .debug_frame   0x00000778      0x4b0 C:\Users\johan\Documents\MCUXpressoIDE_11.1.0_3209\project\lpc_chip_15xx\Debug\liblpc_chip_15xx.a(clock_15xx.o)
 .debug_frame   0x00000c28      0x1b4 C:\Users\johan\Documents\MCUXpressoIDE_11.1.0_3209\project\lpc_chip_15xx\Debug\liblpc_chip_15xx.a(gpio_15xx.o)
 .debug_frame   0x00000ddc       0x5c C:\Users\johan\Documents\MCUXpressoIDE_11.1.0_3209\project\lpc_chip_15xx\Debug\liblpc_chip_15xx.a(iocon_15xx.o)
 .debug_frame   0x00000e38       0xd4 C:\Users\johan\Documents\MCUXpressoIDE_11.1.0_3209\project\lpc_chip_15xx\Debug\liblpc_chip_15xx.a(swm_15xx.o)
 .debug_frame   0x00000f0c      0x120 C:\Users\johan\Documents\MCUXpressoIDE_11.1.0_3209\project\lpc_chip_15xx\Debug\liblpc_chip_15xx.a(sysctl_15xx.o)
 .debug_frame   0x0000102c      0x134 C:\Users\johan\Documents\MCUXpressoIDE_11.1.0_3209\project\lpc_chip_15xx\Debug\liblpc_chip_15xx.a(sysinit_15xx.o)
 .debug_frame   0x00001160      0x340 C:\Users\johan\Documents\MCUXpressoIDE_11.1.0_3209\project\lpc_chip_15xx\Debug\liblpc_chip_15xx.a(uart_15xx.o)
 .debug_frame   0x000014a0       0x2c c:/nxp/mcuxpressoide_11.1.0_3209/ide/plugins/com.nxp.mcuxpresso.tools.win32_11.1.0.201909161352/tools/bin/../lib/gcc/arm-none-eabi/8.3.1/thumb/v7-m/nofp\libgcc.a(_aeabi_uldivmod.o)
 .debug_frame   0x000014cc       0x34 c:/nxp/mcuxpressoide_11.1.0_3209/ide/plugins/com.nxp.mcuxpresso.tools.win32_11.1.0.201909161352/tools/bin/../lib/gcc/arm-none-eabi/8.3.1/thumb/v7-m/nofp\libgcc.a(_udivmoddi4.o)
 .debug_frame   0x00001500       0x2c c:/nxp/mcuxpressoide_11.1.0_3209/ide/plugins/com.nxp.mcuxpresso.tools.win32_11.1.0.201909161352/tools/bin/../lib/gcc/arm-none-eabi/8.3.1/../../../../arm-none-eabi/lib/thumb/v7-m/nofp\libc.a(lib_a-init.o)

Cross Reference Table

Symbol                                            File
ACMP0_IRQHandler                                  ./src/cr_startup_lpc15xx.o
ACMP1_IRQHandler                                  ./src/cr_startup_lpc15xx.o
ACMP2_IRQHandler                                  ./src/cr_startup_lpc15xx.o
ACMP3_IRQHandler                                  ./src/cr_startup_lpc15xx.o
ADC0A_IRQHandler                                  ./src/cr_startup_lpc15xx.o
ADC0B_IRQHandler                                  ./src/cr_startup_lpc15xx.o
ADC0_OVR_IRQHandler                               ./src/cr_startup_lpc15xx.o
ADC0_THCMP_IRQHandler                             ./src/cr_startup_lpc15xx.o
ADC1A_IRQHandler                                  ./src/cr_startup_lpc15xx.o
ADC1B_IRQHandler                                  ./src/cr_startup_lpc15xx.o
ADC1_OVR_IRQHandler                               ./src/cr_startup_lpc15xx.o
ADC1_THCMP_IRQHandler                             ./src/cr_startup_lpc15xx.o
BOD_IRQHandler                                    ./src/cr_startup_lpc15xx.o
Board_Debug_Init                                  C:\Users\johan\Documents\MCUXpressoIDE_11.1.0_3209\project\lpc_board_nxp_lpcxpresso_1549\Debug\liblpc_board_nxp_lpcxpresso_1549.a(board.o)
Board_Init                                        C:\Users\johan\Documents\MCUXpressoIDE_11.1.0_3209\project\lpc_board_nxp_lpcxpresso_1549\Debug\liblpc_board_nxp_lpcxpresso_1549.a(board.o)
                                                  ./src/project.o
Board_Joystick_Init                               C:\Users\johan\Documents\MCUXpressoIDE_11.1.0_3209\project\lpc_board_nxp_lpcxpresso_1549\Debug\liblpc_board_nxp_lpcxpresso_1549.a(board.o)
Board_LED_Set                                     C:\Users\johan\Documents\MCUXpressoIDE_11.1.0_3209\project\lpc_board_nxp_lpcxpresso_1549\Debug\liblpc_board_nxp_lpcxpresso_1549.a(board.o)
                                                  ./src/project.o
Board_LED_Test                                    C:\Users\johan\Documents\MCUXpressoIDE_11.1.0_3209\project\lpc_board_nxp_lpcxpresso_1549\Debug\liblpc_board_nxp_lpcxpresso_1549.a(board.o)
Board_LED_Toggle                                  C:\Users\johan\Documents\MCUXpressoIDE_11.1.0_3209\project\lpc_board_nxp_lpcxpresso_1549\Debug\liblpc_board_nxp_lpcxpresso_1549.a(board.o)
Board_SetupClocking                               C:\Users\johan\Documents\MCUXpressoIDE_11.1.0_3209\project\lpc_board_nxp_lpcxpresso_1549\Debug\liblpc_board_nxp_lpcxpresso_1549.a(board_sysinit.o)
Board_SetupMuxing                                 C:\Users\johan\Documents\MCUXpressoIDE_11.1.0_3209\project\lpc_board_nxp_lpcxpresso_1549\Debug\liblpc_board_nxp_lpcxpresso_1549.a(board_sysinit.o)
Board_SystemInit                                  C:\Users\johan\Documents\MCUXpressoIDE_11.1.0_3209\project\lpc_board_nxp_lpcxpresso_1549\Debug\liblpc_board_nxp_lpcxpresso_1549.a(board_sysinit.o)
                                                  ./src/sysinit.o
Board_UARTGetChar                                 C:\Users\johan\Documents\MCUXpressoIDE_11.1.0_3209\project\lpc_board_nxp_lpcxpresso_1549\Debug\liblpc_board_nxp_lpcxpresso_1549.a(board.o)
Board_UARTPutChar                                 C:\Users\johan\Documents\MCUXpressoIDE_11.1.0_3209\project\lpc_board_nxp_lpcxpresso_1549\Debug\liblpc_board_nxp_lpcxpresso_1549.a(board.o)
Board_UARTPutSTR                                  C:\Users\johan\Documents\MCUXpressoIDE_11.1.0_3209\project\lpc_board_nxp_lpcxpresso_1549\Debug\liblpc_board_nxp_lpcxpresso_1549.a(board.o)
BusFault_Handler                                  ./src/cr_startup_lpc15xx.o
CAN_IRQHandler                                    ./src/cr_startup_lpc15xx.o
CRP_WORD                                          ./src/crp.o
Chip_Clock_DisablePeriphClock                     C:\Users\johan\Documents\MCUXpressoIDE_11.1.0_3209\project\lpc_chip_15xx\Debug\liblpc_chip_15xx.a(clock_15xx.o)
                                                  C:\Users\johan\Documents\MCUXpressoIDE_11.1.0_3209\project\lpc_chip_15xx\Debug\liblpc_chip_15xx.a(uart_15xx.o)
                                                  C:\Users\johan\Documents\MCUXpressoIDE_11.1.0_3209\project\lpc_chip_15xx\Debug\liblpc_chip_15xx.a(gpio_15xx.o)
Chip_Clock_EnablePeriphClock                      C:\Users\johan\Documents\MCUXpressoIDE_11.1.0_3209\project\lpc_chip_15xx\Debug\liblpc_chip_15xx.a(clock_15xx.o)
                                                  C:\Users\johan\Documents\MCUXpressoIDE_11.1.0_3209\project\lpc_chip_15xx\Debug\liblpc_chip_15xx.a(uart_15xx.o)
                                                  C:\Users\johan\Documents\MCUXpressoIDE_11.1.0_3209\project\lpc_chip_15xx\Debug\liblpc_chip_15xx.a(gpio_15xx.o)
                                                  C:\Users\johan\Documents\MCUXpressoIDE_11.1.0_3209\project\lpc_chip_15xx\Debug\liblpc_chip_15xx.a(chip_15xx.o)
                                                  C:\Users\johan\Documents\MCUXpressoIDE_11.1.0_3209\project\lpc_board_nxp_lpcxpresso_1549\Debug\liblpc_board_nxp_lpcxpresso_1549.a(board_sysinit.o)
Chip_Clock_GetADCASYNCRate                        C:\Users\johan\Documents\MCUXpressoIDE_11.1.0_3209\project\lpc_chip_15xx\Debug\liblpc_chip_15xx.a(clock_15xx.o)
Chip_Clock_GetMainClockRate                       C:\Users\johan\Documents\MCUXpressoIDE_11.1.0_3209\project\lpc_chip_15xx\Debug\liblpc_chip_15xx.a(clock_15xx.o)
                                                  C:\Users\johan\Documents\MCUXpressoIDE_11.1.0_3209\project\lpc_board_nxp_lpcxpresso_1549\Debug\liblpc_board_nxp_lpcxpresso_1549.a(board.o)
Chip_Clock_GetMainClockSource                     C:\Users\johan\Documents\MCUXpressoIDE_11.1.0_3209\project\lpc_chip_15xx\Debug\liblpc_chip_15xx.a(clock_15xx.o)
Chip_Clock_GetMain_A_ClockRate                    C:\Users\johan\Documents\MCUXpressoIDE_11.1.0_3209\project\lpc_chip_15xx\Debug\liblpc_chip_15xx.a(clock_15xx.o)
Chip_Clock_GetMain_B_ClockRate                    C:\Users\johan\Documents\MCUXpressoIDE_11.1.0_3209\project\lpc_chip_15xx\Debug\liblpc_chip_15xx.a(clock_15xx.o)
Chip_Clock_GetSCTPLLInClockRate                   C:\Users\johan\Documents\MCUXpressoIDE_11.1.0_3209\project\lpc_chip_15xx\Debug\liblpc_chip_15xx.a(clock_15xx.o)
Chip_Clock_GetSCTPLLOutClockRate                  C:\Users\johan\Documents\MCUXpressoIDE_11.1.0_3209\project\lpc_chip_15xx\Debug\liblpc_chip_15xx.a(clock_15xx.o)
Chip_Clock_GetSysTickClockRate                    C:\Users\johan\Documents\MCUXpressoIDE_11.1.0_3209\project\lpc_chip_15xx\Debug\liblpc_chip_15xx.a(clock_15xx.o)
Chip_Clock_GetSystemClockRate                     C:\Users\johan\Documents\MCUXpressoIDE_11.1.0_3209\project\lpc_chip_15xx\Debug\liblpc_chip_15xx.a(clock_15xx.o)
                                                  C:\Users\johan\Documents\MCUXpressoIDE_11.1.0_3209\project\lpc_chip_15xx\Debug\liblpc_chip_15xx.a(chip_15xx.o)
Chip_Clock_GetSystemPLLInClockRate                C:\Users\johan\Documents\MCUXpressoIDE_11.1.0_3209\project\lpc_chip_15xx\Debug\liblpc_chip_15xx.a(clock_15xx.o)
Chip_Clock_GetSystemPLLOutClockRate               C:\Users\johan\Documents\MCUXpressoIDE_11.1.0_3209\project\lpc_chip_15xx\Debug\liblpc_chip_15xx.a(clock_15xx.o)
Chip_Clock_GetUARTBaseClockRate                   C:\Users\johan\Documents\MCUXpressoIDE_11.1.0_3209\project\lpc_chip_15xx\Debug\liblpc_chip_15xx.a(clock_15xx.o)
                                                  C:\Users\johan\Documents\MCUXpressoIDE_11.1.0_3209\project\lpc_chip_15xx\Debug\liblpc_chip_15xx.a(uart_15xx.o)
Chip_Clock_GetUSBPLLInClockRate                   C:\Users\johan\Documents\MCUXpressoIDE_11.1.0_3209\project\lpc_chip_15xx\Debug\liblpc_chip_15xx.a(clock_15xx.o)
Chip_Clock_GetUSBPLLOutClockRate                  C:\Users\johan\Documents\MCUXpressoIDE_11.1.0_3209\project\lpc_chip_15xx\Debug\liblpc_chip_15xx.a(clock_15xx.o)
Chip_Clock_SetCLKOUTSource                        C:\Users\johan\Documents\MCUXpressoIDE_11.1.0_3209\project\lpc_chip_15xx\Debug\liblpc_chip_15xx.a(clock_15xx.o)
Chip_Clock_SetMainClockSource                     C:\Users\johan\Documents\MCUXpressoIDE_11.1.0_3209\project\lpc_chip_15xx\Debug\liblpc_chip_15xx.a(clock_15xx.o)
                                                  C:\Users\johan\Documents\MCUXpressoIDE_11.1.0_3209\project\lpc_chip_15xx\Debug\liblpc_chip_15xx.a(sysinit_15xx.o)
Chip_Clock_SetPLLBypass                           C:\Users\johan\Documents\MCUXpressoIDE_11.1.0_3209\project\lpc_chip_15xx\Debug\liblpc_chip_15xx.a(clock_15xx.o)
Chip_Clock_SetUARTBaseClockRate                   C:\Users\johan\Documents\MCUXpressoIDE_11.1.0_3209\project\lpc_chip_15xx\Debug\liblpc_chip_15xx.a(clock_15xx.o)
                                                  C:\Users\johan\Documents\MCUXpressoIDE_11.1.0_3209\project\lpc_board_nxp_lpcxpresso_1549\Debug\liblpc_board_nxp_lpcxpresso_1549.a(board.o)
Chip_GPIO_DeInit                                  C:\Users\johan\Documents\MCUXpressoIDE_11.1.0_3209\project\lpc_chip_15xx\Debug\liblpc_chip_15xx.a(gpio_15xx.o)
Chip_GPIO_Init                                    C:\Users\johan\Documents\MCUXpressoIDE_11.1.0_3209\project\lpc_chip_15xx\Debug\liblpc_chip_15xx.a(gpio_15xx.o)
                                                  C:\Users\johan\Documents\MCUXpressoIDE_11.1.0_3209\project\lpc_board_nxp_lpcxpresso_1549\Debug\liblpc_board_nxp_lpcxpresso_1549.a(board.o)
Chip_GPIO_SetDir                                  C:\Users\johan\Documents\MCUXpressoIDE_11.1.0_3209\project\lpc_chip_15xx\Debug\liblpc_chip_15xx.a(gpio_15xx.o)
Chip_GPIO_SetPinDIR                               C:\Users\johan\Documents\MCUXpressoIDE_11.1.0_3209\project\lpc_chip_15xx\Debug\liblpc_chip_15xx.a(gpio_15xx.o)
Chip_GPIO_SetPortDIR                              C:\Users\johan\Documents\MCUXpressoIDE_11.1.0_3209\project\lpc_chip_15xx\Debug\liblpc_chip_15xx.a(gpio_15xx.o)
Chip_GPIO_WriteDirBit                             C:\Users\johan\Documents\MCUXpressoIDE_11.1.0_3209\project\lpc_chip_15xx\Debug\liblpc_chip_15xx.a(gpio_15xx.o)
Chip_IOCON_SetPinMuxing                           C:\Users\johan\Documents\MCUXpressoIDE_11.1.0_3209\project\lpc_chip_15xx\Debug\liblpc_chip_15xx.a(iocon_15xx.o)
                                                  C:\Users\johan\Documents\MCUXpressoIDE_11.1.0_3209\project\lpc_board_nxp_lpcxpresso_1549\Debug\liblpc_board_nxp_lpcxpresso_1549.a(board_sysinit.o)
Chip_SWM_DisableFixedPin                          C:\Users\johan\Documents\MCUXpressoIDE_11.1.0_3209\project\lpc_chip_15xx\Debug\liblpc_chip_15xx.a(swm_15xx.o)
Chip_SWM_EnableFixedPin                           C:\Users\johan\Documents\MCUXpressoIDE_11.1.0_3209\project\lpc_chip_15xx\Debug\liblpc_chip_15xx.a(swm_15xx.o)
Chip_SWM_FixedPinEnable                           C:\Users\johan\Documents\MCUXpressoIDE_11.1.0_3209\project\lpc_chip_15xx\Debug\liblpc_chip_15xx.a(swm_15xx.o)
Chip_SWM_IsFixedPinEnabled                        C:\Users\johan\Documents\MCUXpressoIDE_11.1.0_3209\project\lpc_chip_15xx\Debug\liblpc_chip_15xx.a(swm_15xx.o)
Chip_SWM_MovablePinAssign                         C:\Users\johan\Documents\MCUXpressoIDE_11.1.0_3209\project\lpc_chip_15xx\Debug\liblpc_chip_15xx.a(swm_15xx.o)
                                                  C:\Users\johan\Documents\MCUXpressoIDE_11.1.0_3209\project\lpc_board_nxp_lpcxpresso_1549\Debug\liblpc_board_nxp_lpcxpresso_1549.a(board_sysinit.o)
                                                  C:\Users\johan\Documents\MCUXpressoIDE_11.1.0_3209\project\lpc_board_nxp_lpcxpresso_1549\Debug\liblpc_board_nxp_lpcxpresso_1549.a(board.o)
Chip_SYSCTL_AssertPeriphReset                     C:\Users\johan\Documents\MCUXpressoIDE_11.1.0_3209\project\lpc_chip_15xx\Debug\liblpc_chip_15xx.a(sysctl_15xx.o)
                                                  C:\Users\johan\Documents\MCUXpressoIDE_11.1.0_3209\project\lpc_chip_15xx\Debug\liblpc_chip_15xx.a(uart_15xx.o)
                                                  C:\Users\johan\Documents\MCUXpressoIDE_11.1.0_3209\project\lpc_chip_15xx\Debug\liblpc_chip_15xx.a(gpio_15xx.o)
                                                  C:\Users\johan\Documents\MCUXpressoIDE_11.1.0_3209\project\lpc_chip_15xx\Debug\liblpc_chip_15xx.a(chip_15xx.o)
                                                  C:\Users\johan\Documents\MCUXpressoIDE_11.1.0_3209\project\lpc_board_nxp_lpcxpresso_1549\Debug\liblpc_board_nxp_lpcxpresso_1549.a(board_sysinit.o)
Chip_SYSCTL_DeassertPeriphReset                   C:\Users\johan\Documents\MCUXpressoIDE_11.1.0_3209\project\lpc_chip_15xx\Debug\liblpc_chip_15xx.a(sysctl_15xx.o)
                                                  C:\Users\johan\Documents\MCUXpressoIDE_11.1.0_3209\project\lpc_chip_15xx\Debug\liblpc_chip_15xx.a(uart_15xx.o)
                                                  C:\Users\johan\Documents\MCUXpressoIDE_11.1.0_3209\project\lpc_chip_15xx\Debug\liblpc_chip_15xx.a(gpio_15xx.o)
                                                  C:\Users\johan\Documents\MCUXpressoIDE_11.1.0_3209\project\lpc_chip_15xx\Debug\liblpc_chip_15xx.a(chip_15xx.o)
                                                  C:\Users\johan\Documents\MCUXpressoIDE_11.1.0_3209\project\lpc_board_nxp_lpcxpresso_1549\Debug\liblpc_board_nxp_lpcxpresso_1549.a(board_sysinit.o)
Chip_SYSCTL_GetCompFreqMeas                       C:\Users\johan\Documents\MCUXpressoIDE_11.1.0_3209\project\lpc_chip_15xx\Debug\liblpc_chip_15xx.a(sysctl_15xx.o)
Chip_SYSCTL_PowerDown                             C:\Users\johan\Documents\MCUXpressoIDE_11.1.0_3209\project\lpc_chip_15xx\Debug\liblpc_chip_15xx.a(sysctl_15xx.o)
                                                  C:\Users\johan\Documents\MCUXpressoIDE_11.1.0_3209\project\lpc_chip_15xx\Debug\liblpc_chip_15xx.a(sysinit_15xx.o)
Chip_SYSCTL_PowerUp                               C:\Users\johan\Documents\MCUXpressoIDE_11.1.0_3209\project\lpc_chip_15xx\Debug\liblpc_chip_15xx.a(sysctl_15xx.o)
                                                  C:\Users\johan\Documents\MCUXpressoIDE_11.1.0_3209\project\lpc_chip_15xx\Debug\liblpc_chip_15xx.a(sysinit_15xx.o)
                                                  C:\Users\johan\Documents\MCUXpressoIDE_11.1.0_3209\project\lpc_chip_15xx\Debug\liblpc_chip_15xx.a(chip_15xx.o)
                                                  C:\Users\johan\Documents\MCUXpressoIDE_11.1.0_3209\project\lpc_board_nxp_lpcxpresso_1549\Debug\liblpc_board_nxp_lpcxpresso_1549.a(board_sysinit.o)
Chip_SYSCTL_SetWakeup                             C:\Users\johan\Documents\MCUXpressoIDE_11.1.0_3209\project\lpc_chip_15xx\Debug\liblpc_chip_15xx.a(sysctl_15xx.o)
Chip_SetupIrcClocking                             C:\Users\johan\Documents\MCUXpressoIDE_11.1.0_3209\project\lpc_chip_15xx\Debug\liblpc_chip_15xx.a(sysinit_15xx.o)
Chip_SetupXtalClocking                            C:\Users\johan\Documents\MCUXpressoIDE_11.1.0_3209\project\lpc_chip_15xx\Debug\liblpc_chip_15xx.a(sysinit_15xx.o)
                                                  C:\Users\johan\Documents\MCUXpressoIDE_11.1.0_3209\project\lpc_board_nxp_lpcxpresso_1549\Debug\liblpc_board_nxp_lpcxpresso_1549.a(board_sysinit.o)
Chip_SystemInit                                   C:\Users\johan\Documents\MCUXpressoIDE_11.1.0_3209\project\lpc_chip_15xx\Debug\liblpc_chip_15xx.a(sysinit_15xx.o)
Chip_UART_DeInit                                  C:\Users\johan\Documents\MCUXpressoIDE_11.1.0_3209\project\lpc_chip_15xx\Debug\liblpc_chip_15xx.a(uart_15xx.o)
Chip_UART_IRQRBHandler                            C:\Users\johan\Documents\MCUXpressoIDE_11.1.0_3209\project\lpc_chip_15xx\Debug\liblpc_chip_15xx.a(uart_15xx.o)
Chip_UART_Init                                    C:\Users\johan\Documents\MCUXpressoIDE_11.1.0_3209\project\lpc_chip_15xx\Debug\liblpc_chip_15xx.a(uart_15xx.o)
                                                  C:\Users\johan\Documents\MCUXpressoIDE_11.1.0_3209\project\lpc_board_nxp_lpcxpresso_1549\Debug\liblpc_board_nxp_lpcxpresso_1549.a(board.o)
Chip_UART_RXIntHandlerRB                          C:\Users\johan\Documents\MCUXpressoIDE_11.1.0_3209\project\lpc_chip_15xx\Debug\liblpc_chip_15xx.a(uart_15xx.o)
Chip_UART_Read                                    C:\Users\johan\Documents\MCUXpressoIDE_11.1.0_3209\project\lpc_chip_15xx\Debug\liblpc_chip_15xx.a(uart_15xx.o)
                                                  C:\Users\johan\Documents\MCUXpressoIDE_11.1.0_3209\project\lpc_board_nxp_lpcxpresso_1549\Debug\liblpc_board_nxp_lpcxpresso_1549.a(board.o)
Chip_UART_ReadBlocking                            C:\Users\johan\Documents\MCUXpressoIDE_11.1.0_3209\project\lpc_chip_15xx\Debug\liblpc_chip_15xx.a(uart_15xx.o)
Chip_UART_ReadRB                                  C:\Users\johan\Documents\MCUXpressoIDE_11.1.0_3209\project\lpc_chip_15xx\Debug\liblpc_chip_15xx.a(uart_15xx.o)
Chip_UART_Send                                    C:\Users\johan\Documents\MCUXpressoIDE_11.1.0_3209\project\lpc_chip_15xx\Debug\liblpc_chip_15xx.a(uart_15xx.o)
Chip_UART_SendBlocking                            C:\Users\johan\Documents\MCUXpressoIDE_11.1.0_3209\project\lpc_chip_15xx\Debug\liblpc_chip_15xx.a(uart_15xx.o)
                                                  C:\Users\johan\Documents\MCUXpressoIDE_11.1.0_3209\project\lpc_board_nxp_lpcxpresso_1549\Debug\liblpc_board_nxp_lpcxpresso_1549.a(board.o)
Chip_UART_SendRB                                  C:\Users\johan\Documents\MCUXpressoIDE_11.1.0_3209\project\lpc_chip_15xx\Debug\liblpc_chip_15xx.a(uart_15xx.o)
Chip_UART_SetBaud                                 C:\Users\johan\Documents\MCUXpressoIDE_11.1.0_3209\project\lpc_chip_15xx\Debug\liblpc_chip_15xx.a(uart_15xx.o)
                                                  C:\Users\johan\Documents\MCUXpressoIDE_11.1.0_3209\project\lpc_board_nxp_lpcxpresso_1549\Debug\liblpc_board_nxp_lpcxpresso_1549.a(board.o)
Chip_UART_SetBaudWithRTC32K                       C:\Users\johan\Documents\MCUXpressoIDE_11.1.0_3209\project\lpc_chip_15xx\Debug\liblpc_chip_15xx.a(uart_15xx.o)
Chip_UART_TXIntHandlerRB                          C:\Users\johan\Documents\MCUXpressoIDE_11.1.0_3209\project\lpc_chip_15xx\Debug\liblpc_chip_15xx.a(uart_15xx.o)
Chip_USB_Init                                     C:\Users\johan\Documents\MCUXpressoIDE_11.1.0_3209\project\lpc_chip_15xx\Debug\liblpc_chip_15xx.a(chip_15xx.o)
DAC_IRQHandler                                    ./src/cr_startup_lpc15xx.o
DMA_IRQHandler                                    ./src/cr_startup_lpc15xx.o
DebugMon_Handler                                  ./src/cr_startup_lpc15xx.o
EEPROM_IRQHandler                                 ./src/cr_startup_lpc15xx.o
FMC_IRQHandler                                    ./src/cr_startup_lpc15xx.o
GINT0_IRQHandler                                  ./src/cr_startup_lpc15xx.o
GINT1_IRQHandler                                  ./src/cr_startup_lpc15xx.o
HardFault_Handler                                 ./src/cr_startup_lpc15xx.o
I2C0_IRQHandler                                   ./src/cr_startup_lpc15xx.o
IntDefaultHandler                                 ./src/cr_startup_lpc15xx.o
Joystick_GetStatus                                C:\Users\johan\Documents\MCUXpressoIDE_11.1.0_3209\project\lpc_board_nxp_lpcxpresso_1549\Debug\liblpc_board_nxp_lpcxpresso_1549.a(board.o)
MRT_IRQHandler                                    ./src/cr_startup_lpc15xx.o
MemManage_Handler                                 ./src/cr_startup_lpc15xx.o
NMI_Handler                                       ./src/cr_startup_lpc15xx.o
OscRateIn                                         C:\Users\johan\Documents\MCUXpressoIDE_11.1.0_3209\project\lpc_board_nxp_lpcxpresso_1549\Debug\liblpc_board_nxp_lpcxpresso_1549.a(board.o)
                                                  C:\Users\johan\Documents\MCUXpressoIDE_11.1.0_3209\project\lpc_chip_15xx\Debug\liblpc_chip_15xx.a(clock_15xx.o)
PIN_INT0_IRQHandler                               ./src/cr_startup_lpc15xx.o
PIN_INT1_IRQHandler                               ./src/cr_startup_lpc15xx.o
PIN_INT2_IRQHandler                               ./src/cr_startup_lpc15xx.o
PIN_INT3_IRQHandler                               ./src/cr_startup_lpc15xx.o
PIN_INT4_IRQHandler                               ./src/cr_startup_lpc15xx.o
PIN_INT5_IRQHandler                               ./src/cr_startup_lpc15xx.o
PIN_INT6_IRQHandler                               ./src/cr_startup_lpc15xx.o
PIN_INT7_IRQHandler                               ./src/cr_startup_lpc15xx.o
PendSV_Handler                                    ./src/cr_startup_lpc15xx.o
QEI_IRQHandler                                    ./src/cr_startup_lpc15xx.o
RIT_IRQHandler                                    ./src/cr_startup_lpc15xx.o
RTCOscRateIn                                      C:\Users\johan\Documents\MCUXpressoIDE_11.1.0_3209\project\lpc_board_nxp_lpcxpresso_1549\Debug\liblpc_board_nxp_lpcxpresso_1549.a(board.o)
                                                  C:\Users\johan\Documents\MCUXpressoIDE_11.1.0_3209\project\lpc_chip_15xx\Debug\liblpc_chip_15xx.a(uart_15xx.o)
                                                  C:\Users\johan\Documents\MCUXpressoIDE_11.1.0_3209\project\lpc_chip_15xx\Debug\liblpc_chip_15xx.a(clock_15xx.o)
RTC_ALARM_IRQHandler                              ./src/cr_startup_lpc15xx.o
RTC_WAKE_IRQHandler                               ./src/cr_startup_lpc15xx.o
ResetISR                                          ./src/cr_startup_lpc15xx.o
RingBuffer_Init                                   C:\Users\johan\Documents\MCUXpressoIDE_11.1.0_3209\project\lpc_chip_15xx\Debug\liblpc_chip_15xx.a(ring_buffer.o)
RingBuffer_Insert                                 C:\Users\johan\Documents\MCUXpressoIDE_11.1.0_3209\project\lpc_chip_15xx\Debug\liblpc_chip_15xx.a(ring_buffer.o)
                                                  C:\Users\johan\Documents\MCUXpressoIDE_11.1.0_3209\project\lpc_chip_15xx\Debug\liblpc_chip_15xx.a(uart_15xx.o)
RingBuffer_InsertMult                             C:\Users\johan\Documents\MCUXpressoIDE_11.1.0_3209\project\lpc_chip_15xx\Debug\liblpc_chip_15xx.a(ring_buffer.o)
                                                  C:\Users\johan\Documents\MCUXpressoIDE_11.1.0_3209\project\lpc_chip_15xx\Debug\liblpc_chip_15xx.a(uart_15xx.o)
RingBuffer_Pop                                    C:\Users\johan\Documents\MCUXpressoIDE_11.1.0_3209\project\lpc_chip_15xx\Debug\liblpc_chip_15xx.a(ring_buffer.o)
                                                  C:\Users\johan\Documents\MCUXpressoIDE_11.1.0_3209\project\lpc_chip_15xx\Debug\liblpc_chip_15xx.a(uart_15xx.o)
RingBuffer_PopMult                                C:\Users\johan\Documents\MCUXpressoIDE_11.1.0_3209\project\lpc_chip_15xx\Debug\liblpc_chip_15xx.a(ring_buffer.o)
                                                  C:\Users\johan\Documents\MCUXpressoIDE_11.1.0_3209\project\lpc_chip_15xx\Debug\liblpc_chip_15xx.a(uart_15xx.o)
SCT0_IRQHandler                                   ./src/cr_startup_lpc15xx.o
SCT1_IRQHandler                                   ./src/cr_startup_lpc15xx.o
SCT2_IRQHandler                                   ./src/cr_startup_lpc15xx.o
SCT3_IRQHandler                                   ./src/cr_startup_lpc15xx.o
SPI0_IRQHandler                                   ./src/cr_startup_lpc15xx.o
SPI1_IRQHandler                                   ./src/cr_startup_lpc15xx.o
SVC_Handler                                       ./src/cr_startup_lpc15xx.o
SysTick_Handler                                   ./src/cr_startup_lpc15xx.o
SystemCoreClock                                   C:\Users\johan\Documents\MCUXpressoIDE_11.1.0_3209\project\lpc_chip_15xx\Debug\liblpc_chip_15xx.a(chip_15xx.o)
SystemCoreClockUpdate                             C:\Users\johan\Documents\MCUXpressoIDE_11.1.0_3209\project\lpc_chip_15xx\Debug\liblpc_chip_15xx.a(chip_15xx.o)
                                                  ./src/project.o
SystemInit                                        ./src/sysinit.o
                                                  ./src/cr_startup_lpc15xx.o
UART0_IRQHandler                                  ./src/cr_startup_lpc15xx.o
UART1_IRQHandler                                  ./src/cr_startup_lpc15xx.o
UART2_IRQHandler                                  ./src/cr_startup_lpc15xx.o
USBWakeup_IRQHandler                              ./src/cr_startup_lpc15xx.o
USB_FIQHandler                                    ./src/cr_startup_lpc15xx.o
USB_IRQHandler                                    ./src/cr_startup_lpc15xx.o
UsageFault_Handler                                ./src/cr_startup_lpc15xx.o
WDT_IRQHandler                                    ./src/cr_startup_lpc15xx.o
__aeabi_atexit                                    ./src/cr_cpp_config.o
__aeabi_idiv0                                     c:/nxp/mcuxpressoide_11.1.0_3209/ide/plugins/com.nxp.mcuxpresso.tools.win32_11.1.0.201909161352/tools/bin/../lib/gcc/arm-none-eabi/8.3.1/thumb/v7-m/nofp\libgcc.a(_dvmd_tls.o)
__aeabi_ldiv0                                     c:/nxp/mcuxpressoide_11.1.0_3209/ide/plugins/com.nxp.mcuxpresso.tools.win32_11.1.0.201909161352/tools/bin/../lib/gcc/arm-none-eabi/8.3.1/thumb/v7-m/nofp\libgcc.a(_dvmd_tls.o)
                                                  c:/nxp/mcuxpressoide_11.1.0_3209/ide/plugins/com.nxp.mcuxpresso.tools.win32_11.1.0.201909161352/tools/bin/../lib/gcc/arm-none-eabi/8.3.1/thumb/v7-m/nofp\libgcc.a(_aeabi_uldivmod.o)
__aeabi_uldivmod                                  c:/nxp/mcuxpressoide_11.1.0_3209/ide/plugins/com.nxp.mcuxpresso.tools.win32_11.1.0.201909161352/tools/bin/../lib/gcc/arm-none-eabi/8.3.1/thumb/v7-m/nofp\libgcc.a(_aeabi_uldivmod.o)
                                                  C:\Users\johan\Documents\MCUXpressoIDE_11.1.0_3209\project\lpc_chip_15xx\Debug\liblpc_chip_15xx.a(clock_15xx.o)
__bss_section_table_end                           ./src/cr_startup_lpc15xx.o
__check_heap_overflow                             c:/nxp/mcuxpressoide_11.1.0_3209/ide/plugins/com.nxp.mcuxpresso.tools.win32_11.1.0.201909161352/tools/bin/../lib/gcc/arm-none-eabi/8.3.1/../../../../arm-none-eabi/lib/thumb/v7-m/nofp\libcr_newlib_nohost.a(_cr_check_heap.o)
                                                  c:/nxp/mcuxpressoide_11.1.0_3209/ide/plugins/com.nxp.mcuxpresso.tools.win32_11.1.0.201909161352/tools/bin/../lib/gcc/arm-none-eabi/8.3.1/../../../../arm-none-eabi/lib/thumb/v7-m/nofp\libcr_newlib_nohost.a(_cr_sbrk.o)
__data_section_table                              ./src/cr_startup_lpc15xx.o
__data_section_table_end                          ./src/cr_startup_lpc15xx.o
__deregister_frame_info                           c:/nxp/mcuxpressoide_11.1.0_3209/ide/plugins/com.nxp.mcuxpresso.tools.win32_11.1.0.201909161352/tools/bin/../lib/gcc/arm-none-eabi/8.3.1/thumb/v7-m/nofp\crtbegin.o
__dso_handle                                      c:/nxp/mcuxpressoide_11.1.0_3209/ide/plugins/com.nxp.mcuxpresso.tools.win32_11.1.0.201909161352/tools/bin/../lib/gcc/arm-none-eabi/8.3.1/thumb/v7-m/nofp\crtbegin.o
__end_of_heap                                     c:/nxp/mcuxpressoide_11.1.0_3209/ide/plugins/com.nxp.mcuxpresso.tools.win32_11.1.0.201909161352/tools/bin/../lib/gcc/arm-none-eabi/8.3.1/../../../../arm-none-eabi/lib/thumb/v7-m/nofp\libcr_newlib_nohost.a(_cr_sbrk.o)
__errno                                           c:/nxp/mcuxpressoide_11.1.0_3209/ide/plugins/com.nxp.mcuxpresso.tools.win32_11.1.0.201909161352/tools/bin/../lib/gcc/arm-none-eabi/8.3.1/../../../../arm-none-eabi/lib/thumb/v7-m/nofp\libc.a(lib_a-errno.o)
                                                  c:/nxp/mcuxpressoide_11.1.0_3209/ide/plugins/com.nxp.mcuxpresso.tools.win32_11.1.0.201909161352/tools/bin/../lib/gcc/arm-none-eabi/8.3.1/../../../../arm-none-eabi/lib/thumb/v7-m/nofp\libcr_newlib_nohost.a(_cr_sbrk.o)
__gnu_cxx::__verbose_terminate_handler()          ./src/cr_cpp_config.o
__init_array_end                                  c:/nxp/mcuxpressoide_11.1.0_3209/ide/plugins/com.nxp.mcuxpresso.tools.win32_11.1.0.201909161352/tools/bin/../lib/gcc/arm-none-eabi/8.3.1/../../../../arm-none-eabi/lib/thumb/v7-m/nofp\libc.a(lib_a-init.o)
__init_array_start                                c:/nxp/mcuxpressoide_11.1.0_3209/ide/plugins/com.nxp.mcuxpresso.tools.win32_11.1.0.201909161352/tools/bin/../lib/gcc/arm-none-eabi/8.3.1/../../../../arm-none-eabi/lib/thumb/v7-m/nofp\libc.a(lib_a-init.o)
__libc_init_array                                 c:/nxp/mcuxpressoide_11.1.0_3209/ide/plugins/com.nxp.mcuxpresso.tools.win32_11.1.0.201909161352/tools/bin/../lib/gcc/arm-none-eabi/8.3.1/../../../../arm-none-eabi/lib/thumb/v7-m/nofp\libc.a(lib_a-init.o)
                                                  ./src/cr_startup_lpc15xx.o
__lock___arc4random_mutex                         c:/nxp/mcuxpressoide_11.1.0_3209/ide/plugins/com.nxp.mcuxpresso.tools.win32_11.1.0.201909161352/tools/bin/../lib/gcc/arm-none-eabi/8.3.1/../../../../arm-none-eabi/lib/thumb/v7-m/nofp\libc.a(lib_a-lock.o)
__lock___at_quick_exit_mutex                      c:/nxp/mcuxpressoide_11.1.0_3209/ide/plugins/com.nxp.mcuxpresso.tools.win32_11.1.0.201909161352/tools/bin/../lib/gcc/arm-none-eabi/8.3.1/../../../../arm-none-eabi/lib/thumb/v7-m/nofp\libc.a(lib_a-lock.o)
__lock___atexit_recursive_mutex                   c:/nxp/mcuxpressoide_11.1.0_3209/ide/plugins/com.nxp.mcuxpresso.tools.win32_11.1.0.201909161352/tools/bin/../lib/gcc/arm-none-eabi/8.3.1/../../../../arm-none-eabi/lib/thumb/v7-m/nofp\libc.a(lib_a-lock.o)
__lock___dd_hash_mutex                            c:/nxp/mcuxpressoide_11.1.0_3209/ide/plugins/com.nxp.mcuxpresso.tools.win32_11.1.0.201909161352/tools/bin/../lib/gcc/arm-none-eabi/8.3.1/../../../../arm-none-eabi/lib/thumb/v7-m/nofp\libc.a(lib_a-lock.o)
__lock___env_recursive_mutex                      c:/nxp/mcuxpressoide_11.1.0_3209/ide/plugins/com.nxp.mcuxpresso.tools.win32_11.1.0.201909161352/tools/bin/../lib/gcc/arm-none-eabi/8.3.1/../../../../arm-none-eabi/lib/thumb/v7-m/nofp\libc.a(lib_a-lock.o)
__lock___malloc_recursive_mutex                   c:/nxp/mcuxpressoide_11.1.0_3209/ide/plugins/com.nxp.mcuxpresso.tools.win32_11.1.0.201909161352/tools/bin/../lib/gcc/arm-none-eabi/8.3.1/../../../../arm-none-eabi/lib/thumb/v7-m/nofp\libc.a(lib_a-lock.o)
                                                  c:/nxp/mcuxpressoide_11.1.0_3209/ide/plugins/com.nxp.mcuxpresso.tools.win32_11.1.0.201909161352/tools/bin/../lib/gcc/arm-none-eabi/8.3.1/../../../../arm-none-eabi/lib/thumb/v7-m/nofp\libc.a(lib_a-mlock.o)
__lock___sfp_recursive_mutex                      c:/nxp/mcuxpressoide_11.1.0_3209/ide/plugins/com.nxp.mcuxpresso.tools.win32_11.1.0.201909161352/tools/bin/../lib/gcc/arm-none-eabi/8.3.1/../../../../arm-none-eabi/lib/thumb/v7-m/nofp\libc.a(lib_a-lock.o)
__lock___sinit_recursive_mutex                    c:/nxp/mcuxpressoide_11.1.0_3209/ide/plugins/com.nxp.mcuxpresso.tools.win32_11.1.0.201909161352/tools/bin/../lib/gcc/arm-none-eabi/8.3.1/../../../../arm-none-eabi/lib/thumb/v7-m/nofp\libc.a(lib_a-lock.o)
__lock___tz_mutex                                 c:/nxp/mcuxpressoide_11.1.0_3209/ide/plugins/com.nxp.mcuxpresso.tools.win32_11.1.0.201909161352/tools/bin/../lib/gcc/arm-none-eabi/8.3.1/../../../../arm-none-eabi/lib/thumb/v7-m/nofp\libc.a(lib_a-lock.o)
__malloc_av_                                      c:/nxp/mcuxpressoide_11.1.0_3209/ide/plugins/com.nxp.mcuxpresso.tools.win32_11.1.0.201909161352/tools/bin/../lib/gcc/arm-none-eabi/8.3.1/../../../../arm-none-eabi/lib/thumb/v7-m/nofp\libc.a(lib_a-mallocr.o)
                                                  c:/nxp/mcuxpressoide_11.1.0_3209/ide/plugins/com.nxp.mcuxpresso.tools.win32_11.1.0.201909161352/tools/bin/../lib/gcc/arm-none-eabi/8.3.1/../../../../arm-none-eabi/lib/thumb/v7-m/nofp\libc.a(lib_a-freer.o)
__malloc_current_mallinfo                         c:/nxp/mcuxpressoide_11.1.0_3209/ide/plugins/com.nxp.mcuxpresso.tools.win32_11.1.0.201909161352/tools/bin/../lib/gcc/arm-none-eabi/8.3.1/../../../../arm-none-eabi/lib/thumb/v7-m/nofp\libc.a(lib_a-mallocr.o)
                                                  c:/nxp/mcuxpressoide_11.1.0_3209/ide/plugins/com.nxp.mcuxpresso.tools.win32_11.1.0.201909161352/tools/bin/../lib/gcc/arm-none-eabi/8.3.1/../../../../arm-none-eabi/lib/thumb/v7-m/nofp\libc.a(lib_a-freer.o)
__malloc_lock                                     c:/nxp/mcuxpressoide_11.1.0_3209/ide/plugins/com.nxp.mcuxpresso.tools.win32_11.1.0.201909161352/tools/bin/../lib/gcc/arm-none-eabi/8.3.1/../../../../arm-none-eabi/lib/thumb/v7-m/nofp\libc.a(lib_a-mlock.o)
                                                  c:/nxp/mcuxpressoide_11.1.0_3209/ide/plugins/com.nxp.mcuxpresso.tools.win32_11.1.0.201909161352/tools/bin/../lib/gcc/arm-none-eabi/8.3.1/../../../../arm-none-eabi/lib/thumb/v7-m/nofp\libc.a(lib_a-freer.o)