Archive member included to satisfy reference by file (symbol)

C:\Users\johan\Documents\MCUXpressoIDE_11.1.0_3209\ESPProject\lpc_board_nxp_lpcxpresso_1549\Debug\liblpc_board_nxp_lpcxpresso_1549.a(board.o)
                              ./example/src/systick.o (Board_LED_Set)
C:\Users\johan\Documents\MCUXpressoIDE_11.1.0_3209\ESPProject\lpc_board_nxp_lpcxpresso_1549\Debug\liblpc_board_nxp_lpcxpresso_1549.a(board_sysinit.o)
                              ./example/src/sysinit.o (Board_SystemInit)
C:\Users\johan\Documents\MCUXpressoIDE_11.1.0_3209\ESPProject\lpc_chip_15xx\Debug\liblpc_chip_15xx.a(chip_15xx.o)
                              ./example/src/systick.o (SystemCoreClockUpdate)
C:\Users\johan\Documents\MCUXpressoIDE_11.1.0_3209\ESPProject\lpc_chip_15xx\Debug\liblpc_chip_15xx.a(clock_15xx.o)
                              C:\Users\johan\Documents\MCUXpressoIDE_11.1.0_3209\ESPProject\lpc_board_nxp_lpcxpresso_1549\Debug\liblpc_board_nxp_lpcxpresso_1549.a(board.o) (Chip_Clock_GetMainClockRate)
C:\Users\johan\Documents\MCUXpressoIDE_11.1.0_3209\ESPProject\lpc_chip_15xx\Debug\liblpc_chip_15xx.a(gpio_15xx.o)
                              C:\Users\johan\Documents\MCUXpressoIDE_11.1.0_3209\ESPProject\lpc_board_nxp_lpcxpresso_1549\Debug\liblpc_board_nxp_lpcxpresso_1549.a(board.o) (Chip_GPIO_Init)
C:\Users\johan\Documents\MCUXpressoIDE_11.1.0_3209\ESPProject\lpc_chip_15xx\Debug\liblpc_chip_15xx.a(iocon_15xx.o)
                              C:\Users\johan\Documents\MCUXpressoIDE_11.1.0_3209\ESPProject\lpc_board_nxp_lpcxpresso_1549\Debug\liblpc_board_nxp_lpcxpresso_1549.a(board_sysinit.o) (Chip_IOCON_SetPinMuxing)
C:\Users\johan\Documents\MCUXpressoIDE_11.1.0_3209\ESPProject\lpc_chip_15xx\Debug\liblpc_chip_15xx.a(swm_15xx.o)
                              C:\Users\johan\Documents\MCUXpressoIDE_11.1.0_3209\ESPProject\lpc_board_nxp_lpcxpresso_1549\Debug\liblpc_board_nxp_lpcxpresso_1549.a(board.o) (Chip_SWM_MovablePinAssign)
C:\Users\johan\Documents\MCUXpressoIDE_11.1.0_3209\ESPProject\lpc_chip_15xx\Debug\liblpc_chip_15xx.a(sysctl_15xx.o)
                              C:\Users\johan\Documents\MCUXpressoIDE_11.1.0_3209\ESPProject\lpc_board_nxp_lpcxpresso_1549\Debug\liblpc_board_nxp_lpcxpresso_1549.a(board_sysinit.o) (Chip_SYSCTL_AssertPeriphReset)
C:\Users\johan\Documents\MCUXpressoIDE_11.1.0_3209\ESPProject\lpc_chip_15xx\Debug\liblpc_chip_15xx.a(sysinit_15xx.o)
                              C:\Users\johan\Documents\MCUXpressoIDE_11.1.0_3209\ESPProject\lpc_board_nxp_lpcxpresso_1549\Debug\liblpc_board_nxp_lpcxpresso_1549.a(board_sysinit.o) (Chip_SetupXtalClocking)
C:\Users\johan\Documents\MCUXpressoIDE_11.1.0_3209\ESPProject\lpc_chip_15xx\Debug\liblpc_chip_15xx.a(uart_15xx.o)
                              C:\Users\johan\Documents\MCUXpressoIDE_11.1.0_3209\ESPProject\lpc_board_nxp_lpcxpresso_1549\Debug\liblpc_board_nxp_lpcxpresso_1549.a(board.o) (Chip_UART_Init)
C:\Users\johan\Documents\MCUXpressoIDE_11.1.0_3209\ESPProject\lpc_chip_15xx\Debug\liblpc_chip_15xx.a(ring_buffer.o)
                              C:\Users\johan\Documents\MCUXpressoIDE_11.1.0_3209\ESPProject\lpc_chip_15xx\Debug\liblpc_chip_15xx.a(uart_15xx.o) (RingBuffer_Insert)
c:/nxp/mcuxpressoide_11.1.0_3209/ide/plugins/com.nxp.mcuxpresso.tools.win32_11.1.0.201909161352/tools/bin/../lib/gcc/arm-none-eabi/8.3.1/../../../../arm-none-eabi/lib/thumb/v7-m/nofp\libcr_nohost.a(_cr__main.o)
                              ./example/src/cr_startup_lpc15xx.o (__main)
c:/nxp/mcuxpressoide_11.1.0_3209/ide/plugins/com.nxp.mcuxpresso.tools.win32_11.1.0.201909161352/tools/bin/../lib/gcc/arm-none-eabi/8.3.1/../../../../arm-none-eabi/lib/thumb/v7-m/nofp\libcr_c.a(memcpy.o)
                              C:\Users\johan\Documents\MCUXpressoIDE_11.1.0_3209\ESPProject\lpc_chip_15xx\Debug\liblpc_chip_15xx.a(ring_buffer.o) (memcpy)
c:/nxp/mcuxpressoide_11.1.0_3209/ide/plugins/com.nxp.mcuxpresso.tools.win32_11.1.0.201909161352/tools/bin/../lib/gcc/arm-none-eabi/8.3.1/../../../../arm-none-eabi/lib/thumb/v7-m/nofp\libcr_c.a(initio.o)
                              c:/nxp/mcuxpressoide_11.1.0_3209/ide/plugins/com.nxp.mcuxpresso.tools.win32_11.1.0.201909161352/tools/bin/../lib/gcc/arm-none-eabi/8.3.1/../../../../arm-none-eabi/lib/thumb/v7-m/nofp\libcr_nohost.a(_cr__main.o) (_initio)
c:/nxp/mcuxpressoide_11.1.0_3209/ide/plugins/com.nxp.mcuxpresso.tools.win32_11.1.0.201909161352/tools/bin/../lib/gcc/arm-none-eabi/8.3.1/../../../../arm-none-eabi/lib/thumb/v7-m/nofp\libcr_c.a(setvbuf.o)
                              c:/nxp/mcuxpressoide_11.1.0_3209/ide/plugins/com.nxp.mcuxpresso.tools.win32_11.1.0.201909161352/tools/bin/../lib/gcc/arm-none-eabi/8.3.1/../../../../arm-none-eabi/lib/thumb/v7-m/nofp\libcr_c.a(initio.o) (setvbuf)
c:/nxp/mcuxpressoide_11.1.0_3209/ide/plugins/com.nxp.mcuxpresso.tools.win32_11.1.0.201909161352/tools/bin/../lib/gcc/arm-none-eabi/8.3.1/../../../../arm-none-eabi/lib/thumb/v7-m/nofp\libcr_c.a(_fdopen.o)
[...]
Memory Configuration

Name             Origin             Length             Attributes
MFlash256        0x00000000         0x00040000         xr
Ram0_16          0x02000000         0x00004000         xrw
Ram1_16          0x02004000         0x00004000         xrw
Ram2_4           0x02008000         0x00001000         xrw
*default*        0x00000000         0xffffffff

Linker script and memory map

LOAD ./example/src/cr_startup_lpc15xx.o
LOAD ./example/src/sysinit.o
LOAD ./example/src/systick.o
LOAD C:\Users\johan\Documents\MCUXpressoIDE_11.1.0_3209\ESPProject\lpc_board_nxp_lpcxpresso_1549\Debug\liblpc_board_nxp_lpcxpresso_1549.a
LOAD C:\Users\johan\Documents\MCUXpressoIDE_11.1.0_3209\ESPProject\lpc_chip_15xx\Debug\liblpc_chip_15xx.a
START GROUP
LOAD c:/nxp/mcuxpressoide_11.1.0_3209/ide/plugins/com.nxp.mcuxpresso.tools.win32_11.1.0.201909161352/tools/bin/../lib/gcc/arm-none-eabi/8.3.1/../../../../arm-none-eabi/lib/thumb/v7-m/nofp\libcr_nohost.a
LOAD c:/nxp/mcuxpressoide_11.1.0_3209/ide/plugins/com.nxp.mcuxpresso.tools.win32_11.1.0.201909161352/tools/bin/../lib/gcc/arm-none-eabi/8.3.1/../../../../arm-none-eabi/lib/thumb/v7-m/nofp\libcr_c.a
LOAD c:/nxp/mcuxpressoide_11.1.0_3209/ide/plugins/com.nxp.mcuxpresso.tools.win32_11.1.0.201909161352/tools/bin/../lib/gcc/arm-none-eabi/8.3.1/thumb/v7-m/nofp\libcr_eabihelpers.a
LOAD c:/nxp/mcuxpressoide_11.1.0_3209/ide/plugins/com.nxp.mcuxpresso.tools.win32_11.1.0.201909161352/tools/bin/../lib/gcc/arm-none-eabi/8.3.1/thumb/v7-m/nofp\libgcc.a
END GROUP
                0x00000000                __base_MFlash256 = 0x0
                0x00000000                __base_Flash = 0x0
                0x00040000                __top_MFlash256 = 0x40000
                0x00040000                __top_Flash = 0x40000
                0x02000000                __base_Ram0_16 = 0x2000000
                0x02000000                __base_RAM = 0x2000000
                0x02004000                __top_Ram0_16 = 0x2004000
                0x02004000                __top_RAM = 0x2004000
                0x02004000                __base_Ram1_16 = 0x2004000
                0x02004000                __base_RAM2 = 0x2004000
                0x02008000                __top_Ram1_16 = 0x2008000
                0x02008000                __top_RAM2 = 0x2008000
                0x02008000                __base_Ram2_4 = 0x2008000
                0x02008000                __base_RAM3 = 0x2008000
                0x02009000                __top_Ram2_4 = 0x2009000
                0x02009000                __top_RAM3 = 0x2009000

.text           0x00000000     0x1978
 FILL mask 0xff
                0x00000000                __vectors_start__ = ABSOLUTE (.)
 *(.isr_vector)
 .isr_vector    0x00000000       0xfc ./example/src/cr_startup_lpc15xx.o
                0x00000000                g_pfnVectors
                0x000000fc                . = ALIGN (0x4)
                0x000000fc                __section_table_start = .
                0x000000fc                __data_section_table = .
                0x000000fc        0x4 LONG 0x1978 LOADADDR (.data)
                0x00000100        0x4 LONG 0x2000000 ADDR (.data)
                0x00000104        0x4 LONG 0x0 SIZEOF (.data)
                0x00000108        0x4 LONG 0x1978 LOADADDR (.data_RAM2)
                0x0000010c        0x4 LONG 0x2004000 ADDR (.data_RAM2)
                0x00000110        0x4 LONG 0x0 SIZEOF (.data_RAM2)
                0x00000114        0x4 LONG 0x1978 LOADADDR (.data_RAM3)
                0x00000118        0x4 LONG 0x2008000 ADDR (.data_RAM3)
                0x0000011c        0x4 LONG 0x0 SIZEOF (.data_RAM3)
                0x00000120                __data_section_table_end = .
                0x00000120                __bss_section_table = .
                0x00000120        0x4 LONG 0x2000000 ADDR (.bss)
                0x00000124        0x4 LONG 0x1e8 SIZEOF (.bss)
                0x00000128        0x4 LONG 0x2004000 ADDR (.bss_RAM2)
                0x0000012c        0x4 LONG 0x0 SIZEOF (.bss_RAM2)
                0x00000130        0x4 LONG 0x2008000 ADDR (.bss_RAM3)
                0x00000134        0x4 LONG 0x0 SIZEOF (.bss_RAM3)
                0x00000138                __bss_section_table_end = .
                0x00000138                __section_table_end = .
 *(.after_vectors*)
 .after_vectors
                0x00000138      0x13c ./example/src/cr_startup_lpc15xx.o
                0x00000138                data_init
                0x0000017a                bss_init
                0x000001b0                ResetISR
                0x00000238                NMI_Handler
                0x0000023e                HardFault_Handler
                0x00000244                MemManage_Handler
                0x0000024a                BusFault_Handler
                0x00000250                UsageFault_Handler
                0x00000256                SVC_Handler
                0x0000025c                DebugMon_Handler
                0x00000262                PendSV_Handler
                0x0000026e                UART1_IRQHandler
                0x0000026e                RTC_WAKE_IRQHandler
                0x0000026e                UART0_IRQHandler
                0x0000026e                RIT_IRQHandler
                0x0000026e                SCT2_IRQHandler
                0x0000026e                SPI1_IRQHandler
                0x0000026e                PIN_INT6_IRQHandler
                0x0000026e                IntDefaultHandler
                0x0000026e                PIN_INT4_IRQHandler
                0x0000026e                CAN_IRQHandler
                0x0000026e                RTC_ALARM_IRQHandler
                0x0000026e                ADC1_THCMP_IRQHandler
                0x0000026e                ADC1_OVR_IRQHandler
                0x0000026e                USBWakeup_IRQHandler
                0x0000026e                MRT_IRQHandler
                0x0000026e                UART2_IRQHandler
                0x0000026e                PIN_INT5_IRQHandler
                0x0000026e                SCT1_IRQHandler
                0x0000026e                PIN_INT2_IRQHandler
                0x0000026e                USB_FIQHandler
                0x0000026e                SCT3_IRQHandler
                0x0000026e                PIN_INT7_IRQHandler
                0x0000026e                PIN_INT1_IRQHandler
                0x0000026e                USB_IRQHandler
                0x0000026e                BOD_IRQHandler
                0x0000026e                ADC0B_IRQHandler
                0x0000026e                ACMP0_IRQHandler
                0x0000026e                ADC0_OVR_IRQHandler
                0x0000026e                WDT_IRQHandler
                0x0000026e                ADC1B_IRQHandler
                0x0000026e                PIN_INT0_IRQHandler
                0x0000026e                QEI_IRQHandler
                0x0000026e                ACMP3_IRQHandler
                0x0000026e                GINT0_IRQHandler
                0x0000026e                DAC_IRQHandler
                0x0000026e                SPI0_IRQHandler
                0x0000026e                EEPROM_IRQHandler
                0x0000026e                ACMP2_IRQHandler
                0x0000026e                I2C0_IRQHandler
                0x0000026e                ADC1A_IRQHandler
                0x0000026e                DMA_IRQHandler
                0x0000026e                PIN_INT3_IRQHandler
                0x0000026e                ACMP1_IRQHandler
                0x0000026e                SCT0_IRQHandler
                0x0000026e                ADC0A_IRQHandler
                0x0000026e                FMC_IRQHandler
                0x0000026e                GINT1_IRQHandler
                0x0000026e                ADC0_THCMP_IRQHandler
 *(.text*)
 .text.SystemInit
                0x00000274        0xc ./example/src/sysinit.o
                0x00000274                SystemInit
 .text.NVIC_SetPriority
                0x00000280       0x54 ./example/src/systick.o
 .text.SysTick_Config
                0x000002d4       0x44 ./example/src/systick.o
 .text.Chip_Clock_SetSysTickClockDiv
                0x00000318       0x20 ./example/src/systick.o
 .text.SysTick_Handler
                0x00000338       0x14 ./example/src/systick.o
                0x00000338                SysTick_Handler
 .text.main     0x0000034c       0x44 ./example/src/systick.o
                0x0000034c                main
 .text.Chip_IOCON_PinMuxSet
                0x00000390       0x2c C:\Users\johan\Documents\MCUXpressoIDE_11.1.0_3209\ESPProject\lpc_board_nxp_lpcxpresso_1549\Debug\liblpc_board_nxp_lpcxpresso_1549.a(board.o)
 .text.Chip_SWM_MovablePortPinAssign
                0x000003bc       0x30 C:\Users\johan\Documents\MCUXpressoIDE_11.1.0_3209\ESPProject\lpc_board_nxp_lpcxpresso_1549\Debug\liblpc_board_nxp_lpcxpresso_1549.a(board.o)
 .text.Chip_GPIO_SetPinState
                0x000003ec       0x36 C:\Users\johan\Documents\MCUXpressoIDE_11.1.0_3209\ESPProject\lpc_board_nxp_lpcxpresso_1549\Debug\liblpc_board_nxp_lpcxpresso_1549.a(board.o)
 .text.Chip_GPIO_SetPinDIROutput
                0x00000422       0x3c C:\Users\johan\Documents\MCUXpressoIDE_11.1.0_3209\ESPProject\lpc_board_nxp_lpcxpresso_1549\Debug\liblpc_board_nxp_lpcxpresso_1549.a(board.o)
 .text.Chip_GPIO_SetPinToggle
                0x0000045e       0x30 C:\Users\johan\Documents\MCUXpressoIDE_11.1.0_3209\ESPProject\lpc_board_nxp_lpcxpresso_1549\Debug\liblpc_board_nxp_lpcxpresso_1549.a(board.o)
 .text.Chip_UART_Enable
                0x0000048e       0x1e C:\Users\johan\Documents\MCUXpressoIDE_11.1.0_3209\ESPProject\lpc_board_nxp_lpcxpresso_1549\Debug\liblpc_board_nxp_lpcxpresso_1549.a(board.o)
 .text.Chip_UART_TXEnable
                0x000004ac       0x1e C:\Users\johan\Documents\MCUXpressoIDE_11.1.0_3209\ESPProject\lpc_board_nxp_lpcxpresso_1549\Debug\liblpc_board_nxp_lpcxpresso_1549.a(board.o)
 .text.Chip_UART_ConfigData
                0x000004ca       0x28 C:\Users\johan\Documents\MCUXpressoIDE_11.1.0_3209\ESPProject\lpc_board_nxp_lpcxpresso_1549\Debug\liblpc_board_nxp_lpcxpresso_1549.a(board.o)
 .text.__sys_write
                0x000004f2       0x38 C:\Users\johan\Documents\MCUXpressoIDE_11.1.0_3209\ESPProject\lpc_board_nxp_lpcxpresso_1549\Debug\liblpc_board_nxp_lpcxpresso_1549.a(board.o)
                0x000004f2                __sys_write
 *fill*         0x0000052a        0x2 ff
 .text.Board_UARTPutChar
                0x0000052c       0x24 C:\Users\johan\Documents\MCUXpressoIDE_11.1.0_3209\ESPProject\lpc_board_nxp_lpcxpresso_1549\Debug\liblpc_board_nxp_lpcxpresso_1549.a(board.o)
                0x0000052c                Board_UARTPutChar
 .text.Board_Debug_Init
                0x00000550       0x70 C:\Users\johan\Documents\MCUXpressoIDE_11.1.0_3209\ESPProject\lpc_board_nxp_lpcxpresso_1549\Debug\liblpc_board_nxp_lpcxpresso_1549.a(board.o)
                0x00000550                Board_Debug_Init
 .text.Board_LED_Init
                0x000005c0       0x5c C:\Users\johan\Documents\MCUXpressoIDE_11.1.0_3209\ESPProject\lpc_board_nxp_lpcxpresso_1549\Debug\liblpc_board_nxp_lpcxpresso_1549.a(board.o)
 .text.Board_LED_Set
                0x0000061c       0x54 C:\Users\johan\Documents\MCUXpressoIDE_11.1.0_3209\ESPProject\lpc_board_nxp_lpcxpresso_1549\Debug\liblpc_board_nxp_lpcxpresso_1549.a(board.o)
                0x0000061c                Board_LED_Set
 .text.Board_LED_Toggle
                0x00000670       0x30 C:\Users\johan\Documents\MCUXpressoIDE_11.1.0_3209\ESPProject\lpc_board_nxp_lpcxpresso_1549\Debug\liblpc_board_nxp_lpcxpresso_1549.a(board.o)
                0x00000670                Board_LED_Toggle
 .text.Board_Init
                0x000006a0       0x18 C:\Users\johan\Documents\MCUXpressoIDE_11.1.0_3209\ESPProject\lpc_board_nxp_lpcxpresso_1549\Debug\liblpc_board_nxp_lpcxpresso_1549.a(board.o)
                0x000006a0                Board_Init
 .text.Chip_SYSCTL_PeriphReset
                0x000006b8       0x22 C:\Users\johan\Documents\MCUXpressoIDE_11.1.0_3209\ESPProject\lpc_board_nxp_lpcxpresso_1549\Debug\liblpc_board_nxp_lpcxpresso_1549.a(board_sysinit.o)
 *fill*         0x000006da        0x2 ff
 .text.Chip_Clock_SetUSBPLLSource
                0x000006dc       0x20 C:\Users\johan\Documents\MCUXpressoIDE_11.1.0_3209\ESPProject\lpc_board_nxp_lpcxpresso_1549\Debug\liblpc_board_nxp_lpcxpresso_1549.a(board_sysinit.o)
 .text.Chip_Clock_SetupUSBPLL
                0x000006fc       0x34 C:\Users\johan\Documents\MCUXpressoIDE_11.1.0_3209\ESPProject\lpc_board_nxp_lpcxpresso_1549\Debug\liblpc_board_nxp_lpcxpresso_1549.a(board_sysinit.o)
 .text.Chip_Clock_IsUSBPLLLocked
                0x00000730       0x24 C:\Users\johan\Documents\MCUXpressoIDE_11.1.0_3209\ESPProject\lpc_board_nxp_lpcxpresso_1549\Debug\liblpc_board_nxp_lpcxpresso_1549.a(board_sysinit.o)
 .text.Chip_Clock_SetSysTickClockDiv
                0x00000754       0x20 C:\Users\johan\Documents\MCUXpressoIDE_11.1.0_3209\ESPProject\lpc_board_nxp_lpcxpresso_1549\Debug\liblpc_board_nxp_lpcxpresso_1549.a(board_sysinit.o)
 .text.Chip_SWM_MovablePortPinAssign
                0x00000774       0x30 C:\Users\johan\Documents\MCUXpressoIDE_11.1.0_3209\ESPProject\lpc_board_nxp_lpcxpresso_1549\Debug\liblpc_board_nxp_lpcxpresso_1549.a(board_sysinit.o)
 .text.Board_SetupMuxing
                0x000007a4       0x80 C:\Users\johan\Documents\MCUXpressoIDE_11.1.0_3209\ESPProject\lpc_board_nxp_lpcxpresso_1549\Debug\liblpc_board_nxp_lpcxpresso_1549.a(board_sysinit.o)
                0x000007a4                Board_SetupMuxing
 .text.Board_SetupClocking
                0x00000824       0x3a C:\Users\johan\Documents\MCUXpressoIDE_11.1.0_3209\ESPProject\lpc_board_nxp_lpcxpresso_1549\Debug\liblpc_board_nxp_lpcxpresso_1549.a(board_sysinit.o)
                0x00000824                Board_SetupClocking
 *fill*         0x0000085e        0x2 ff
 .text.Board_SystemInit
                0x00000860       0x1c C:\Users\johan\Documents\MCUXpressoIDE_11.1.0_3209\ESPProject\lpc_board_nxp_lpcxpresso_1549\Debug\liblpc_board_nxp_lpcxpresso_1549.a(board_sysinit.o)
                0x00000860                Board_SystemInit
 .text.SystemCoreClockUpdate
                0x0000087c       0x18 C:\Users\johan\Documents\MCUXpressoIDE_11.1.0_3209\ESPProject\lpc_chip_15xx\Debug\liblpc_chip_15xx.a(chip_15xx.o)
                0x0000087c                SystemCoreClockUpdate
 .text.Chip_Clock_SetMain_A_ClockSource
                0x00000894       0x20 C:\Users\johan\Documents\MCUXpressoIDE_11.1.0_3209\ESPProject\lpc_chip_15xx\Debug\liblpc_chip_15xx.a(clock_15xx.o)
 .text.Chip_Clock_GetMain_A_ClockSource
                0x000008b4       0x18 C:\Users\johan\Documents\MCUXpressoIDE_11.1.0_3209\ESPProject\lpc_chip_15xx\Debug\liblpc_chip_15xx.a(clock_15xx.o)
 .text.Chip_Clock_SetMain_B_ClockSource
                0x000008cc       0x20 C:\Users\johan\Documents\MCUXpressoIDE_11.1.0_3209\ESPProject\lpc_chip_15xx\Debug\liblpc_chip_15xx.a(clock_15xx.o)
 .text.Chip_Clock_GetMain_B_ClockSource
                0x000008ec       0x18 C:\Users\johan\Documents\MCUXpressoIDE_11.1.0_3209\ESPProject\lpc_chip_15xx\Debug\liblpc_chip_15xx.a(clock_15xx.o)
 .text.Chip_Clock_GetSysTickClockDiv
                0x00000904       0x18 C:\Users\johan\Documents\MCUXpressoIDE_11.1.0_3209\ESPProject\lpc_chip_15xx\Debug\liblpc_chip_15xx.a(clock_15xx.o)
 .text.Chip_Clock_SetUARTFRGDivider
                0x0000091c       0x20 C:\Users\johan\Documents\MCUXpressoIDE_11.1.0_3209\ESPProject\lpc_chip_15xx\Debug\liblpc_chip_15xx.a(clock_15xx.o)
 .text.Chip_Clock_GetUARTFRGDivider
                0x0000093c       0x18 C:\Users\johan\Documents\MCUXpressoIDE_11.1.0_3209\ESPProject\lpc_chip_15xx\Debug\liblpc_chip_15xx.a(clock_15xx.o)
 .text.Chip_Clock_GetMainOscRate
                0x00000954       0x14 C:\Users\johan\Documents\MCUXpressoIDE_11.1.0_3209\ESPProject\lpc_chip_15xx\Debug\liblpc_chip_15xx.a(clock_15xx.o)
 .text.Chip_Clock_GetIntOscRate
                0x00000968       0x14 C:\Users\johan\Documents\MCUXpressoIDE_11.1.0_3209\ESPProject\lpc_chip_15xx\Debug\liblpc_chip_15xx.a(clock_15xx.o)
 .text.Chip_Clock_GetRTCOscRate
                0x0000097c       0x14 C:\Users\johan\Documents\MCUXpressoIDE_11.1.0_3209\ESPProject\lpc_chip_15xx\Debug\liblpc_chip_15xx.a(clock_15xx.o)
 .text.Chip_Clock_GetWDTOSCRate
                0x00000990       0x14 C:\Users\johan\Documents\MCUXpressoIDE_11.1.0_3209\ESPProject\lpc_chip_15xx\Debug\liblpc_chip_15xx.a(clock_15xx.o)
 .text.Chip_Clock_GetPLLFreq
                0x000009a4       0x26 C:\Users\johan\Documents\MCUXpressoIDE_11.1.0_3209\ESPProject\lpc_chip_15xx\Debug\liblpc_chip_15xx.a(clock_15xx.o)
 .text.Chip_Clock_GetPLLInClockRate
                0x000009ca       0x38 C:\Users\johan\Documents\MCUXpressoIDE_11.1.0_3209\ESPProject\lpc_chip_15xx\Debug\liblpc_chip_15xx.a(clock_15xx.o)
 *fill*         0x00000a02        0x2 ff
 .text.Chip_Clock_GetSystemPLLInClockRate
                0x00000a04       0x1c C:\Users\johan\Documents\MCUXpressoIDE_11.1.0_3209\ESPProject\lpc_chip_15xx\Debug\liblpc_chip_15xx.a(clock_15xx.o)
                0x00000a04                Chip_Clock_GetSystemPLLInClockRate
 .text.Chip_Clock_GetSystemPLLOutClockRate
                0x00000a20       0x24 C:\Users\johan\Documents\MCUXpressoIDE_11.1.0_3209\ESPProject\lpc_chip_15xx\Debug\liblpc_chip_15xx.a(clock_15xx.o)
                0x00000a20                Chip_Clock_GetSystemPLLOutClockRate
 .text.Chip_Clock_GetMain_A_ClockRate
                0x00000a44       0x44 C:\Users\johan\Documents\MCUXpressoIDE_11.1.0_3209\ESPProject\lpc_chip_15xx\Debug\liblpc_chip_15xx.a(clock_15xx.o)
                0x00000a44                Chip_Clock_GetMain_A_ClockRate
 .text.Chip_Clock_GetMain_B_ClockRate
                0x00000a88       0x58 C:\Users\johan\Documents\MCUXpressoIDE_11.1.0_3209\ESPProject\lpc_chip_15xx\Debug\liblpc_chip_15xx.a(clock_15xx.o)
                0x00000a88                Chip_Clock_GetMain_B_ClockRate
 .text.Chip_Clock_SetMainClockSource
                0x00000ae0       0x3c C:\Users\johan\Documents\MCUXpressoIDE_11.1.0_3209\ESPProject\lpc_chip_15xx\Debug\liblpc_chip_15xx.a(clock_15xx.o)
                0x00000ae0                Chip_Clock_SetMainClockSource
 .text.Chip_Clock_GetMainClockRate
                0x00000b1c       0x28 C:\Users\johan\Documents\MCUXpressoIDE_11.1.0_3209\ESPProject\lpc_chip_15xx\Debug\liblpc_chip_15xx.a(clock_15xx.o)
                0x00000b1c                Chip_Clock_GetMainClockRate
 .text.Chip_Clock_EnablePeriphClock
                0x00000b44       0x58 C:\Users\johan\Documents\MCUXpressoIDE_11.1.0_3209\ESPProject\lpc_chip_15xx\Debug\liblpc_chip_15xx.a(clock_15xx.o)
                0x00000b44                Chip_Clock_EnablePeriphClock
 .text.Chip_Clock_GetSysTickClockRate
                0x00000b9c       0x30 C:\Users\johan\Documents\MCUXpressoIDE_11.1.0_3209\ESPProject\lpc_chip_15xx\Debug\liblpc_chip_15xx.a(clock_15xx.o)
                0x00000b9c                Chip_Clock_GetSysTickClockRate
 .text.Chip_Clock_GetUARTBaseClockRate
                0x00000bcc       0x8c C:\Users\johan\Documents\MCUXpressoIDE_11.1.0_3209\ESPProject\lpc_chip_15xx\Debug\liblpc_chip_15xx.a(clock_15xx.o)
                0x00000bcc                Chip_Clock_GetUARTBaseClockRate
 .text.Chip_Clock_SetUARTBaseClockRate
                0x00000c58       0xa4 C:\Users\johan\Documents\MCUXpressoIDE_11.1.0_3209\ESPProject\lpc_chip_15xx\Debug\liblpc_chip_15xx.a(clock_15xx.o)
                0x00000c58                Chip_Clock_SetUARTBaseClockRate
 .text.Chip_Clock_GetSystemClockRate
                0x00000cfc       0x1c C:\Users\johan\Documents\MCUXpressoIDE_11.1.0_3209\ESPProject\lpc_chip_15xx\Debug\liblpc_chip_15xx.a(clock_15xx.o)
                0x00000cfc                Chip_Clock_GetSystemClockRate
 .text.Chip_SYSCTL_PeriphReset
                0x00000d18       0x22 C:\Users\johan\Documents\MCUXpressoIDE_11.1.0_3209\ESPProject\lpc_chip_15xx\Debug\liblpc_chip_15xx.a(gpio_15xx.o)
 .text.Chip_GPIO_Init
                0x00000d3a       0x2e C:\Users\johan\Documents\MCUXpressoIDE_11.1.0_3209\ESPProject\lpc_chip_15xx\Debug\liblpc_chip_15xx.a(gpio_15xx.o)
                0x00000d3a                Chip_GPIO_Init
 .text.Chip_IOCON_PinMuxSet
                0x00000d68       0x2c C:\Users\johan\Documents\MCUXpressoIDE_11.1.0_3209\ESPProject\lpc_chip_15xx\Debug\liblpc_chip_15xx.a(iocon_15xx.o)
 .text.Chip_IOCON_SetPinMuxing
                0x00000d94       0x4e C:\Users\johan\Documents\MCUXpressoIDE_11.1.0_3209\ESPProject\lpc_chip_15xx\Debug\liblpc_chip_15xx.a(iocon_15xx.o)
                0x00000d94                Chip_IOCON_SetPinMuxing
 *fill*         0x00000de2        0x2 ff
 .text.Chip_SWM_MovablePinAssign
                0x00000de4       0x5c C:\Users\johan\Documents\MCUXpressoIDE_11.1.0_3209\ESPProject\lpc_chip_15xx\Debug\liblpc_chip_15xx.a(swm_15xx.o)
                0x00000de4                Chip_SWM_MovablePinAssign
 .text.Chip_SYSCTL_AssertPeriphReset
                0x00000e40       0x4c C:\Users\johan\Documents\MCUXpressoIDE_11.1.0_3209\ESPProject\lpc_chip_15xx\Debug\liblpc_chip_15xx.a(sysctl_15xx.o)
                0x00000e40                Chip_SYSCTL_AssertPeriphReset
 .text.Chip_SYSCTL_DeassertPeriphReset
                0x00000e8c       0x50 C:\Users\johan\Documents\MCUXpressoIDE_11.1.0_3209\ESPProject\lpc_chip_15xx\Debug\liblpc_chip_15xx.a(sysctl_15xx.o)
                0x00000e8c                Chip_SYSCTL_DeassertPeriphReset
 .text.Chip_SYSCTL_PowerDown
                0x00000edc       0x40 C:\Users\johan\Documents\MCUXpressoIDE_11.1.0_3209\ESPProject\lpc_chip_15xx\Debug\liblpc_chip_15xx.a(sysctl_15xx.o)
                0x00000edc                Chip_SYSCTL_PowerDown
 .text.Chip_SYSCTL_PowerUp
                0x00000f1c       0x40 C:\Users\johan\Documents\MCUXpressoIDE_11.1.0_3209\ESPProject\lpc_chip_15xx\Debug\liblpc_chip_15xx.a(sysctl_15xx.o)
                0x00000f1c                Chip_SYSCTL_PowerUp
 .text.Chip_FMC_SetFLASHAccess
                0x00000f5c       0x38 C:\Users\johan\Documents\MCUXpressoIDE_11.1.0_3209\ESPProject\lpc_chip_15xx\Debug\liblpc_chip_15xx.a(sysinit_15xx.o)
 .text.Chip_Clock_SetSystemPLLSource
                0x00000f94       0x20 C:\Users\johan\Documents\MCUXpressoIDE_11.1.0_3209\ESPProject\lpc_chip_15xx\Debug\liblpc_chip_15xx.a(sysinit_15xx.o)
 .text.Chip_Clock_SetupSystemPLL
                0x00000fb4       0x34 C:\Users\johan\Documents\MCUXpressoIDE_11.1.0_3209\ESPProject\lpc_chip_15xx\Debug\liblpc_chip_15xx.a(sysinit_15xx.o)
 .text.Chip_Clock_IsSystemPLLLocked
                0x00000fe8       0x24 C:\Users\johan\Documents\MCUXpressoIDE_11.1.0_3209\ESPProject\lpc_chip_15xx\Debug\liblpc_chip_15xx.a(sysinit_15xx.o)
 .text.Chip_Clock_SetSysClockDiv
                0x0000100c       0x20 C:\Users\johan\Documents\MCUXpressoIDE_11.1.0_3209\ESPProject\lpc_chip_15xx\Debug\liblpc_chip_15xx.a(sysinit_15xx.o)
 .text.Chip_SetupXtalClocking
                0x0000102c       0x6c C:\Users\johan\Documents\MCUXpressoIDE_11.1.0_3209\ESPProject\lpc_chip_15xx\Debug\liblpc_chip_15xx.a(sysinit_15xx.o)
                0x0000102c                Chip_SetupXtalClocking
 .text.Chip_SYSCTL_PeriphReset
                0x00001098       0x22 C:\Users\johan\Documents\MCUXpressoIDE_11.1.0_3209\ESPProject\lpc_chip_15xx\Debug\liblpc_chip_15xx.a(uart_15xx.o)
 .text.Chip_UART_SendByte
                0x000010ba       0x1c C:\Users\johan\Documents\MCUXpressoIDE_11.1.0_3209\ESPProject\lpc_chip_15xx\Debug\liblpc_chip_15xx.a(uart_15xx.o)
 .text.Chip_UART_GetStatus
                0x000010d6       0x16 C:\Users\johan\Documents\MCUXpressoIDE_11.1.0_3209\ESPProject\lpc_chip_15xx\Debug\liblpc_chip_15xx.a(uart_15xx.o)
 .text.getUARTClockID
                0x000010ec       0x34 C:\Users\johan\Documents\MCUXpressoIDE_11.1.0_3209\ESPProject\lpc_chip_15xx\Debug\liblpc_chip_15xx.a(uart_15xx.o)
 .text.Chip_UART_Init
                0x00001120       0x4c C:\Users\johan\Documents\MCUXpressoIDE_11.1.0_3209\ESPProject\lpc_chip_15xx\Debug\liblpc_chip_15xx.a(uart_15xx.o)
                0x00001120                Chip_UART_Init
 .text.Chip_UART_Send
                0x0000116c       0x50 C:\Users\johan\Documents\MCUXpressoIDE_11.1.0_3209\ESPProject\lpc_chip_15xx\Debug\liblpc_chip_15xx.a(uart_15xx.o)
                0x0000116c                Chip_UART_Send
 .text.Chip_UART_SendBlocking
                0x000011bc       0x4a C:\Users\johan\Documents\MCUXpressoIDE_11.1.0_3209\ESPProject\lpc_chip_15xx\Debug\liblpc_chip_15xx.a(uart_15xx.o)
                0x000011bc                Chip_UART_SendBlocking
 .text.Chip_UART_SetBaud
                0x00001206       0x2a C:\Users\johan\Documents\MCUXpressoIDE_11.1.0_3209\ESPProject\lpc_chip_15xx\Debug\liblpc_chip_15xx.a(uart_15xx.o)
                0x00001206                Chip_UART_SetBaud
 .text.__main   0x00001230        0xe c:/nxp/mcuxpressoide_11.1.0_3209/ide/plugins/com.nxp.mcuxpresso.tools.win32_11.1.0.201909161352/tools/bin/../lib/gcc/arm-none-eabi/8.3.1/../../../../arm-none-eabi/lib/thumb/v7-m/nofp\libcr_nohost.a(_cr__main.o)
                0x00001230                __main
 *fill*         0x0000123e        0x2 ff
 .text._initio  0x00001240       0x78 c:/nxp/mcuxpressoide_11.1.0_3209/ide/plugins/com.nxp.mcuxpresso.tools.win32_11.1.0.201909161352/tools/bin/../lib/gcc/arm-none-eabi/8.3.1/../../../../arm-none-eabi/lib/thumb/v7-m/nofp\libcr_c.a(initio.o)
                0x00001240                _initio
 .text.setvbuf  0x000012b8       0x40 c:/nxp/mcuxpressoide_11.1.0_3209/ide/plugins/com.nxp.mcuxpresso.tools.win32_11.1.0.201909161352/tools/bin/../lib/gcc/arm-none-eabi/8.3.1/../../../../arm-none-eabi/lib/thumb/v7-m/nofp\libcr_c.a(setvbuf.o)
                0x000012b8                setvbuf
 .text._fdopen  0x000012f8       0x68 c:/nxp/mcuxpressoide_11.1.0_3209/ide/plugins/com.nxp.mcuxpresso.tools.win32_11.1.0.201909161352/tools/bin/../lib/gcc/arm-none-eabi/8.3.1/../../../../arm-none-eabi/lib/thumb/v7-m/nofp\libcr_c.a(_fdopen.o)
                0x000012f8                _fdopen
 .text.fclose   0x00001360       0x58 c:/nxp/mcuxpressoide_11.1.0_3209/ide/plugins/com.nxp.mcuxpresso.tools.win32_11.1.0.201909161352/tools/bin/../lib/gcc/arm-none-eabi/8.3.1/../../../../arm-none-eabi/lib/thumb/v7-m/nofp\libcr_c.a(fclose.o)
                0x00001360                fclose
 .text.fflush   0x000013b8       0x44 c:/nxp/mcuxpressoide_11.1.0_3209/ide/plugins/com.nxp.mcuxpresso.tools.win32_11.1.0.201909161352/tools/bin/../lib/gcc/arm-none-eabi/8.3.1/../../../../arm-none-eabi/lib/thumb/v7-m/nofp\libcr_c.a(fflush.o)
                0x000013b8                fflush
 .text.fseek    0x000013fc      0x100 c:/nxp/mcuxpressoide_11.1.0_3209/ide/plugins/com.nxp.mcuxpresso.tools.win32_11.1.0.201909161352/tools/bin/../lib/gcc/arm-none-eabi/8.3.1/../../../../arm-none-eabi/lib/thumb/v7-m/nofp\libcr_c.a(fseek.o)
                0x000013fc                fseek
 .text.ftell    0x000014fc       0x48 c:/nxp/mcuxpressoide_11.1.0_3209/ide/plugins/com.nxp.mcuxpresso.tools.win32_11.1.0.201909161352/tools/bin/../lib/gcc/arm-none-eabi/8.3.1/../../../../arm-none-eabi/lib/thumb/v7-m/nofp\libcr_c.a(ftell.o)
                0x000014fc                ftell
 .text.remove   0x00001544       0x14 c:/nxp/mcuxpressoide_11.1.0_3209/ide/plugins/com.nxp.mcuxpresso.tools.win32_11.1.0.201909161352/tools/bin/../lib/gcc/arm-none-eabi/8.3.1/../../../../arm-none-eabi/lib/thumb/v7-m/nofp\libcr_c.a(remove.o)
                0x00001544                remove
 .text.strlen   0x00001558       0x4c c:/nxp/mcuxpressoide_11.1.0_3209/ide/plugins/com.nxp.mcuxpresso.tools.win32_11.1.0.201909161352/tools/bin/../lib/gcc/arm-none-eabi/8.3.1/../../../../arm-none-eabi/lib/thumb/v7-m/nofp\libcr_c.a(strlen.o)
                0x00001558                strlen
 .text.memset   0x000015a4        0x4 c:/nxp/mcuxpressoide_11.1.0_3209/ide/plugins/com.nxp.mcuxpresso.tools.win32_11.1.0.201909161352/tools/bin/../lib/gcc/arm-none-eabi/8.3.1/../../../../arm-none-eabi/lib/thumb/v7-m/nofp\libcr_c.a(memset.o)
                0x000015a4                memset
 .text._do_fflush
                0x000015a8       0x40 c:/nxp/mcuxpressoide_11.1.0_3209/ide/plugins/com.nxp.mcuxpresso.tools.win32_11.1.0.201909161352/tools/bin/../lib/gcc/arm-none-eabi/8.3.1/../../../../arm-none-eabi/lib/thumb/v7-m/nofp\libcr_c.a(_do_fflush.o)
                0x000015a8                _do_fflush
 .text._fflush  0x000015e8       0x52 c:/nxp/mcuxpressoide_11.1.0_3209/ide/plugins/com.nxp.mcuxpresso.tools.win32_11.1.0.201909161352/tools/bin/../lib/gcc/arm-none-eabi/8.3.1/../../../../arm-none-eabi/lib/thumb/v7-m/nofp\libcr_c.a(_fflush.o)
                0x000015e8                _fflush
 *fill*         0x0000163a        0x2 ff
 .text._Cwritebuf
                0x0000163c       0x6c c:/nxp/mcuxpressoide_11.1.0_3209/ide/plugins/com.nxp.mcuxpresso.tools.win32_11.1.0.201909161352/tools/bin/../lib/gcc/arm-none-eabi/8.3.1/../../../../arm-none-eabi/lib/thumb/v7-m/nofp\libcr_c.a(_writebuf.o)
                0x0000163c                _Cwritebuf
 .text.free     0x000016a8       0x30 c:/nxp/mcuxpressoide_11.1.0_3209/ide/plugins/com.nxp.mcuxpresso.tools.win32_11.1.0.201909161352/tools/bin/../lib/gcc/arm-none-eabi/8.3.1/../../../../arm-none-eabi/lib/thumb/v7-m/nofp\libcr_c.a(alloc.o)
                0x000016a8                free
 .text._deferredlazyseek
                0x000016d8       0x40 c:/nxp/mcuxpressoide_11.1.0_3209/ide/plugins/com.nxp.mcuxpresso.tools.win32_11.1.0.201909161352/tools/bin/../lib/gcc/arm-none-eabi/8.3.1/../../../../arm-none-eabi/lib/thumb/v7-m/nofp\libcr_c.a(_deferredlazyseek.o)
                0x000016d8                _deferredlazyseek
 .text.__aeabi_division_uldivmod
                0x00001718      0x174 c:/nxp/mcuxpressoide_11.1.0_3209/ide/plugins/com.nxp.mcuxpresso.tools.win32_11.1.0.201909161352/tools/bin/../lib/gcc/arm-none-eabi/8.3.1/thumb/v7-m/nofp\libcr_eabihelpers.a(division_64.o)
                0x00001718                __aeabi_uldivmod
                0x0000171c                __bhs_ldivmod1
 .text.__aeabi_division_idiv0
                0x0000188c        0x2 c:/nxp/mcuxpressoide_11.1.0_3209/ide/plugins/com.nxp.mcuxpresso.tools.win32_11.1.0.201909161352/tools/bin/../lib/gcc/arm-none-eabi/8.3.1/thumb/v7-m/nofp\libcr_eabihelpers.a(division_idiv0.o)
                0x0000188c                __aeabi_idiv0
 .text.__aeabi_memset_lowlevel
                0x0000188e       0x32 c:/nxp/mcuxpressoide_11.1.0_3209/ide/plugins/com.nxp.mcuxpresso.tools.win32_11.1.0.201909161352/tools/bin/../lib/gcc/arm-none-eabi/8.3.1/thumb/v7-m/nofp\libcr_eabihelpers.a(memcpy.o)
                0x0000188e                __aeabi_lowlevel_memset
 .text.__sys_close
                0x000018c0        0x6 c:/nxp/mcuxpressoide_11.1.0_3209/ide/plugins/com.nxp.mcuxpresso.tools.win32_11.1.0.201909161352/tools/bin/../lib/gcc/arm-none-eabi/8.3.1/../../../../arm-none-eabi/lib/thumb/v7-m/nofp\libcr_nohost.a(__sys_close.o)
                0x000018c0                __sys_close
 .text.__sys_flen
                0x000018c6        0x6 c:/nxp/mcuxpressoide_11.1.0_3209/ide/plugins/com.nxp.mcuxpresso.tools.win32_11.1.0.201909161352/tools/bin/../lib/gcc/arm-none-eabi/8.3.1/../../../../arm-none-eabi/lib/thumb/v7-m/nofp\libcr_nohost.a(__sys_flen.o)
                0x000018c6                __sys_flen
 .text.__sys_istty
                0x000018cc        0x6 c:/nxp/mcuxpressoide_11.1.0_3209/ide/plugins/com.nxp.mcuxpresso.tools.win32_11.1.0.201909161352/tools/bin/../lib/gcc/arm-none-eabi/8.3.1/../../../../arm-none-eabi/lib/thumb/v7-m/nofp\libcr_nohost.a(__sys_istty.o)
                0x000018cc                __sys_istty
 .text.__sys_remove
                0x000018d2        0x6 c:/nxp/mcuxpressoide_11.1.0_3209/ide/plugins/com.nxp.mcuxpresso.tools.win32_11.1.0.201909161352/tools/bin/../lib/gcc/arm-none-eabi/8.3.1/../../../../arm-none-eabi/lib/thumb/v7-m/nofp\libcr_nohost.a(__sys_remove.o)
                0x000018d2                __sys_remove
 .text.__sys_seek
                0x000018d8        0x6 c:/nxp/mcuxpressoide_11.1.0_3209/ide/plugins/com.nxp.mcuxpresso.tools.win32_11.1.0.201909161352/tools/bin/../lib/gcc/arm-none-eabi/8.3.1/../../../../arm-none-eabi/lib/thumb/v7-m/nofp\libcr_nohost.a(__sys_seek.o)
                0x000018d8                __sys_seek
 .text.__sys_tmpnam
                0x000018de        0x6 c:/nxp/mcuxpressoide_11.1.0_3209/ide/plugins/com.nxp.mcuxpresso.tools.win32_11.1.0.201909161352/tools/bin/../lib/gcc/arm-none-eabi/8.3.1/../../../../arm-none-eabi/lib/thumb/v7-m/nofp\libcr_nohost.a(__sys_tmpnam.o)
                0x000018de                __sys_tmpnam
 *(.rodata .rodata.* .constdata .constdata.*)
 .rodata.OscRateIn
                0x000018e4        0x4 C:\Users\johan\Documents\MCUXpressoIDE_11.1.0_3209\ESPProject\lpc_board_nxp_lpcxpresso_1549\Debug\liblpc_board_nxp_lpcxpresso_1549.a(board.o)
                0x000018e4                OscRateIn
 .rodata.RTCOscRateIn
                0x000018e8        0x4 C:\Users\johan\Documents\MCUXpressoIDE_11.1.0_3209\ESPProject\lpc_board_nxp_lpcxpresso_1549\Debug\liblpc_board_nxp_lpcxpresso_1549.a(board.o)
                0x000018e8                RTCOscRateIn
 .rodata.ledpins
                0x000018ec        0x3 C:\Users\johan\Documents\MCUXpressoIDE_11.1.0_3209\ESPProject\lpc_board_nxp_lpcxpresso_1549\Debug\liblpc_board_nxp_lpcxpresso_1549.a(board.o)
 *fill*         0x000018ef        0x1 ff
 .rodata.ledports
                0x000018f0        0x3 C:\Users\johan\Documents\MCUXpressoIDE_11.1.0_3209\ESPProject\lpc_board_nxp_lpcxpresso_1549\Debug\liblpc_board_nxp_lpcxpresso_1549.a(board.o)
 *fill*         0x000018f3        0x1 ff
 .rodata.ioconSetup
                0x000018f4       0x74 C:\Users\johan\Documents\MCUXpressoIDE_11.1.0_3209\ESPProject\lpc_board_nxp_lpcxpresso_1549\Debug\liblpc_board_nxp_lpcxpresso_1549.a(board_sysinit.o)
 .rodata.swmSetup
                0x00001968        0x6 C:\Users\johan\Documents\MCUXpressoIDE_11.1.0_3209\ESPProject\lpc_board_nxp_lpcxpresso_1549\Debug\liblpc_board_nxp_lpcxpresso_1549.a(board_sysinit.o)
 .rodata._initio.str1.1
                0x0000196e        0x4 c:/nxp/mcuxpressoide_11.1.0_3209/ide/plugins/com.nxp.mcuxpresso.tools.win32_11.1.0.201909161352/tools/bin/../lib/gcc/arm-none-eabi/8.3.1/../../../../arm-none-eabi/lib/thumb/v7-m/nofp\libcr_c.a(initio.o)
 *fill*         0x00001972        0x2 ff
 .rodata.__num_Ciob_streams
                0x00001974        0x4 c:/nxp/mcuxpressoide_11.1.0_3209/ide/plugins/com.nxp.mcuxpresso.tools.win32_11.1.0.201909161352/tools/bin/../lib/gcc/arm-none-eabi/8.3.1/../../../../arm-none-eabi/lib/thumb/v7-m/nofp\libcr_nohost.a(__ciob.o)
                0x00001974                __num_Ciob_streams
                0x00001978                . = ALIGN (0x4)

.glue_7         0x00001978        0x0
 .glue_7        0x00001978        0x0 linker stubs

.glue_7t        0x00001978        0x0
 .glue_7t       0x00001978        0x0 linker stubs

.vfp11_veneer   0x00001978        0x0
 .vfp11_veneer  0x00001978        0x0 linker stubs

.v4_bx          0x00001978        0x0
 .v4_bx         0x00001978        0x0 linker stubs

.iplt           0x00001978        0x0
 .iplt          0x00001978        0x0 ./example/src/cr_startup_lpc15xx.o

.rel.dyn        0x00001978        0x0
 .rel.iplt      0x00001978        0x0 ./example/src/cr_startup_lpc15xx.o

.ARM.extab
 *(.ARM.extab* .gnu.linkonce.armextab.*)
                0x00001978                __exidx_start = .

.ARM.exidx
 *(.ARM.exidx* .gnu.linkonce.armexidx.*)
                0x00001978                __exidx_end = .
                0x00001978                _etext = .

.data_RAM2      0x02004000        0x0 load address 0x00001978
 FILL mask 0xff
                [!provide]                PROVIDE (__start_data_RAM2 = .)
                [!provide]                PROVIDE (__start_data_Ram1_16 = .)
 *(.ramfunc.$RAM2)
 *(.ramfunc.$Ram1_16)
 *(.data.$RAM2)
 *(.data.$Ram1_16)
 *(.data.$RAM2.*)
 *(.data.$Ram1_16.*)
                0x02004000                . = ALIGN (0x4)
                [!provide]                PROVIDE (__end_data_RAM2 = .)
                [!provide]                PROVIDE (__end_data_Ram1_16 = .)

.data_RAM3      0x02008000        0x0 load address 0x00001978
 FILL mask 0xff
                [!provide]                PROVIDE (__start_data_RAM3 = .)
                [!provide]                PROVIDE (__start_data_Ram2_4 = .)
 *(.ramfunc.$RAM3)
 *(.ramfunc.$Ram2_4)
 *(.data.$RAM3)
 *(.data.$Ram2_4)
 *(.data.$RAM3.*)
 *(.data.$Ram2_4.*)
                0x02008000                . = ALIGN (0x4)
                [!provide]                PROVIDE (__end_data_RAM3 = .)
                [!provide]                PROVIDE (__end_data_Ram2_4 = .)

.uninit_RESERVED
                0x02000000        0x0
                0x02000000                _start_uninit_RESERVED = .
 *(.bss.$RESERVED*)
                0x02000000                . = ALIGN (0x4)
                0x02000000                _end_uninit_RESERVED = .

.data           0x02000000        0x0 load address 0x00001978
 FILL mask 0xff
                0x02000000                _data = .
                [!provide]                PROVIDE (__start_data_RAM = .)
                [!provide]                PROVIDE (__start_data_Ram0_16 = .)
 *(vtable)
 *(.ramfunc*)
 *(CodeQuickAccess)
 *(DataQuickAccess)
 *(RamFunction)
 *(.data*)
                0x02000000                . = ALIGN (0x4)
                0x02000000                _edata = .
                [!provide]                PROVIDE (__end_data_RAM = .)
                [!provide]                PROVIDE (__end_data_Ram0_16 = .)

.igot.plt       0x02000000        0x0 load address 0x00001978
 .igot.plt      0x02000000        0x0 ./example/src/cr_startup_lpc15xx.o

.bss_RAM2       0x02004000        0x0
                [!provide]                PROVIDE (__start_bss_RAM2 = .)
                [!provide]                PROVIDE (__start_bss_Ram1_16 = .)
 *(.bss.$RAM2)
 *(.bss.$Ram1_16)
 *(.bss.$RAM2.*)
 *(.bss.$Ram1_16.*)
                0x02004000                . = ALIGN ((. != 0x0)?0x4:0x1)
                [!provide]                PROVIDE (__end_bss_RAM2 = .)
                [!provide]                PROVIDE (__end_bss_Ram1_16 = .)

.bss_RAM3       0x02008000        0x0
                [!provide]                PROVIDE (__start_bss_RAM3 = .)
                [!provide]                PROVIDE (__start_bss_Ram2_4 = .)
 *(.bss.$RAM3)
 *(.bss.$Ram2_4)
 *(.bss.$RAM3.*)
 *(.bss.$Ram2_4.*)
                0x02008000                . = ALIGN ((. != 0x0)?0x4:0x1)
                [!provide]                PROVIDE (__end_bss_RAM3 = .)
                [!provide]                PROVIDE (__end_bss_Ram2_4 = .)

.bss            0x02000000      0x1e8
                0x02000000                _bss = .
                [!provide]                PROVIDE (__start_bss_RAM = .)
                [!provide]                PROVIDE (__start_bss_Ram0_16 = .)
 *(.bss*)
 .bss.errno     0x02000000        0x4 c:/nxp/mcuxpressoide_11.1.0_3209/ide/plugins/com.nxp.mcuxpresso.tools.win32_11.1.0.201909161352/tools/bin/../lib/gcc/arm-none-eabi/8.3.1/../../../../arm-none-eabi/lib/thumb/v7-m/nofp\libcr_c.a(errno.o)
                0x02000000                errno
 .bss.__Ciob    0x02000004      0x1e0 c:/nxp/mcuxpressoide_11.1.0_3209/ide/plugins/com.nxp.mcuxpresso.tools.win32_11.1.0.201909161352/tools/bin/../lib/gcc/arm-none-eabi/8.3.1/../../../../arm-none-eabi/lib/thumb/v7-m/nofp\libcr_nohost.a(__ciob.o)
                0x02000004                __Ciob
 *(COMMON)
 COMMON         0x020001e4        0x4 C:\Users\johan\Documents\MCUXpressoIDE_11.1.0_3209\ESPProject\lpc_chip_15xx\Debug\liblpc_chip_15xx.a(chip_15xx.o)
                0x020001e4                SystemCoreClock
                0x020001e8                . = ALIGN (0x4)
                0x020001e8                _ebss = .
                [!provide]                PROVIDE (__end_bss_RAM = .)
                [!provide]                PROVIDE (__end_bss_Ram0_16 = .)
                [!provide]                PROVIDE (end = .)

.noinit_RAM2    0x02004000        0x0
                [!provide]                PROVIDE (__start_noinit_RAM2 = .)
                [!provide]                PROVIDE (__start_noinit_Ram1_16 = .)
 *(.noinit.$RAM2)
 *(.noinit.$Ram1_16)
 *(.noinit.$RAM2.*)
 *(.noinit.$Ram1_16.*)
                0x02004000                . = ALIGN (0x4)
                [!provide]                PROVIDE (__end_noinit_RAM2 = .)
                [!provide]                PROVIDE (__end_noinit_Ram1_16 = .)

.noinit_RAM3    0x02008000        0x0
                [!provide]                PROVIDE (__start_noinit_RAM3 = .)
                [!provide]                PROVIDE (__start_noinit_Ram2_4 = .)
 *(.noinit.$RAM3)
 *(.noinit.$Ram2_4)
 *(.noinit.$RAM3.*)
 *(.noinit.$Ram2_4.*)
                0x02008000                . = ALIGN (0x4)
                [!provide]                PROVIDE (__end_noinit_RAM3 = .)
                [!provide]                PROVIDE (__end_noinit_Ram2_4 = .)

.noinit         0x020001e8        0x0
                0x020001e8                _noinit = .
                [!provide]                PROVIDE (__start_noinit_RAM = .)
                [!provide]                PROVIDE (__start_noinit_Ram0_16 = .)
 *(.noinit*)
                0x020001e8                . = ALIGN (0x4)
                0x020001e8                _end_noinit = .
                [!provide]                PROVIDE (__end_noinit_RAM = .)
                [!provide]                PROVIDE (__end_noinit_Ram0_16 = .)
                0x020001e8                PROVIDE (_pvHeapStart = DEFINED (__user_heap_base)?__user_heap_base:.)
                0x02004000                PROVIDE (_vStackTop = DEFINED (__user_stack_top)?__user_stack_top:(__top_Ram0_16 - 0x0))
                [!provide]                PROVIDE (__valid_user_code_checksum = (0x0 - ((((((_vStackTop + (ResetISR + 0x1)) + (NMI_Handler + 0x1)) + (HardFault_Handler + 0x1)) + (DEFINED (MemManage_Handler)?MemManage_Handler:0x0 + 0x1)) + (DEFINED (BusFault_Handler)?BusFault_Handler:0x0 + 0x1)) + (DEFINED (UsageFault_Handler)?UsageFault_Handler:0x0 + 0x1))))
                0x00000000                _image_start = LOADADDR (.text)
                0x00001978                _image_end = (LOADADDR (.data) + SIZEOF (.data))
                0x00001978                _image_size = (_image_end - _image_start)
OUTPUT(periph_blinky.axf elf32-littlearm)

.debug_info     0x00000000     0x6ff8
 .debug_info    0x00000000      0x29d ./example/src/cr_startup_lpc15xx.o
 .debug_info    0x0000029d      0x28b ./example/src/sysinit.o
 .debug_info    0x00000528      0xcc7 ./example/src/systick.o
 .debug_info    0x000011ef      0xca8 C:\Users\johan\Documents\MCUXpressoIDE_11.1.0_3209\ESPProject\lpc_board_nxp_lpcxpresso_1549\Debug\liblpc_board_nxp_lpcxpresso_1549.a(board.o)
 .debug_info    0x00001e97      0xe7d C:\Users\johan\Documents\MCUXpressoIDE_11.1.0_3209\ESPProject\lpc_board_nxp_lpcxpresso_1549\Debug\liblpc_board_nxp_lpcxpresso_1549.a(board_sysinit.o)
 .debug_info    0x00002d14      0xa58 C:\Users\johan\Documents\MCUXpressoIDE_11.1.0_3209\ESPProject\lpc_chip_15xx\Debug\liblpc_chip_15xx.a(chip_15xx.o)
 .debug_info    0x0000376c      0xe4e C:\Users\johan\Documents\MCUXpressoIDE_11.1.0_3209\ESPProject\lpc_chip_15xx\Debug\liblpc_chip_15xx.a(clock_15xx.o)
 .debug_info    0x000045ba      0x6e5 C:\Users\johan\Documents\MCUXpressoIDE_11.1.0_3209\ESPProject\lpc_chip_15xx\Debug\liblpc_chip_15xx.a(gpio_15xx.o)
 .debug_info    0x00004c9f      0x2b0 C:\Users\johan\Documents\MCUXpressoIDE_11.1.0_3209\ESPProject\lpc_chip_15xx\Debug\liblpc_chip_15xx.a(iocon_15xx.o)
 .debug_info    0x00004f4f      0x6af C:\Users\johan\Documents\MCUXpressoIDE_11.1.0_3209\ESPProject\lpc_chip_15xx\Debug\liblpc_chip_15xx.a(swm_15xx.o)
 .debug_info    0x000055fe      0x816 C:\Users\johan\Documents\MCUXpressoIDE_11.1.0_3209\ESPProject\lpc_chip_15xx\Debug\liblpc_chip_15xx.a(sysctl_15xx.o)
 .debug_info    0x00005e14      0x802 C:\Users\johan\Documents\MCUXpressoIDE_11.1.0_3209\ESPProject\lpc_chip_15xx\Debug\liblpc_chip_15xx.a(sysinit_15xx.o)
 .debug_info    0x00006616      0x9e2 C:\Users\johan\Documents\MCUXpressoIDE_11.1.0_3209\ESPProject\lpc_chip_15xx\Debug\liblpc_chip_15xx.a(uart_15xx.o)

.debug_abbrev   0x00000000     0x187b
 .debug_abbrev  0x00000000      0x120 ./example/src/cr_startup_lpc15xx.o
 .debug_abbrev  0x00000120       0xe2 ./example/src/sysinit.o
 .debug_abbrev  0x00000202      0x24c ./example/src/systick.o
 .debug_abbrev  0x0000044e      0x26e C:\Users\johan\Documents\MCUXpressoIDE_11.1.0_3209\ESPProject\lpc_board_nxp_lpcxpresso_1549\Debug\liblpc_board_nxp_lpcxpresso_1549.a(board.o)
 .debug_abbrev  0x000006bc      0x27e C:\Users\johan\Documents\MCUXpressoIDE_11.1.0_3209\ESPProject\lpc_board_nxp_lpcxpresso_1549\Debug\liblpc_board_nxp_lpcxpresso_1549.a(board_sysinit.o)
 .debug_abbrev  0x0000093a      0x1ff C:\Users\johan\Documents\MCUXpressoIDE_11.1.0_3209\ESPProject\lpc_chip_15xx\Debug\liblpc_chip_15xx.a(chip_15xx.o)
 .debug_abbrev  0x00000b39      0x2fd C:\Users\johan\Documents\MCUXpressoIDE_11.1.0_3209\ESPProject\lpc_chip_15xx\Debug\liblpc_chip_15xx.a(clock_15xx.o)
 .debug_abbrev  0x00000e36      0x1b6 C:\Users\johan\Documents\MCUXpressoIDE_11.1.0_3209\ESPProject\lpc_chip_15xx\Debug\liblpc_chip_15xx.a(gpio_15xx.o)
 .debug_abbrev  0x00000fec      0x16c C:\Users\johan\Documents\MCUXpressoIDE_11.1.0_3209\ESPProject\lpc_chip_15xx\Debug\liblpc_chip_15xx.a(iocon_15xx.o)
 .debug_abbrev  0x00001158      0x198 C:\Users\johan\Documents\MCUXpressoIDE_11.1.0_3209\ESPProject\lpc_chip_15xx\Debug\liblpc_chip_15xx.a(swm_15xx.o)
 .debug_abbrev  0x000012f0      0x169 C:\Users\johan\Documents\MCUXpressoIDE_11.1.0_3209\ESPProject\lpc_chip_15xx\Debug\liblpc_chip_15xx.a(sysctl_15xx.o)
 .debug_abbrev  0x00001459      0x1f2 C:\Users\johan\Documents\MCUXpressoIDE_11.1.0_3209\ESPProject\lpc_chip_15xx\Debug\liblpc_chip_15xx.a(sysinit_15xx.o)
 .debug_abbrev  0x0000164b      0x230 C:\Users\johan\Documents\MCUXpressoIDE_11.1.0_3209\ESPProject\lpc_chip_15xx\Debug\liblpc_chip_15xx.a(uart_15xx.o)

.debug_aranges  0x00000000      0x5d0
 .debug_aranges
                0x00000000       0x80 ./example/src/cr_startup_lpc15xx.o
 .debug_aranges
                0x00000080       0x20 ./example/src/sysinit.o
 .debug_aranges
                0x000000a0       0x40 ./example/src/systick.o
 .debug_aranges
                0x000000e0       0xd0 C:\Users\johan\Documents\MCUXpressoIDE_11.1.0_3209\ESPProject\lpc_board_nxp_lpcxpresso_1549\Debug\liblpc_board_nxp_lpcxpresso_1549.a(board.o)
 .debug_aranges
                0x000001b0       0x60 C:\Users\johan\Documents\MCUXpressoIDE_11.1.0_3209\ESPProject\lpc_board_nxp_lpcxpresso_1549\Debug\liblpc_board_nxp_lpcxpresso_1549.a(board_sysinit.o)
 .debug_aranges
                0x00000210       0x50 C:\Users\johan\Documents\MCUXpressoIDE_11.1.0_3209\ESPProject\lpc_chip_15xx\Debug\liblpc_chip_15xx.a(chip_15xx.o)
 .debug_aranges
                0x00000260      0x128 C:\Users\johan\Documents\MCUXpressoIDE_11.1.0_3209\ESPProject\lpc_chip_15xx\Debug\liblpc_chip_15xx.a(clock_15xx.o)
 .debug_aranges
                0x00000388       0x70 C:\Users\johan\Documents\MCUXpressoIDE_11.1.0_3209\ESPProject\lpc_chip_15xx\Debug\liblpc_chip_15xx.a(gpio_15xx.o)
 .debug_aranges
                0x000003f8       0x28 C:\Users\johan\Documents\MCUXpressoIDE_11.1.0_3209\ESPProject\lpc_chip_15xx\Debug\liblpc_chip_15xx.a(iocon_15xx.o)
 .debug_aranges
                0x00000420       0x40 C:\Users\johan\Documents\MCUXpressoIDE_11.1.0_3209\ESPProject\lpc_chip_15xx\Debug\liblpc_chip_15xx.a(swm_15xx.o)
 .debug_aranges
                0x00000460       0x50 C:\Users\johan\Documents\MCUXpressoIDE_11.1.0_3209\ESPProject\lpc_chip_15xx\Debug\liblpc_chip_15xx.a(sysctl_15xx.o)
 .debug_aranges
                0x000004b0       0x58 C:\Users\johan\Documents\MCUXpressoIDE_11.1.0_3209\ESPProject\lpc_chip_15xx\Debug\liblpc_chip_15xx.a(sysinit_15xx.o)
 .debug_aranges
                0x00000508       0xc8 C:\Users\johan\Documents\MCUXpressoIDE_11.1.0_3209\ESPProject\lpc_chip_15xx\Debug\liblpc_chip_15xx.a(uart_15xx.o)

.debug_ranges   0x00000000      0x500
 .debug_ranges  0x00000000       0x70 ./example/src/cr_startup_lpc15xx.o
 .debug_ranges  0x00000070       0x10 ./example/src/sysinit.o
 .debug_ranges  0x00000080       0x30 ./example/src/systick.o
 .debug_ranges  0x000000b0       0xc0 C:\Users\johan\Documents\MCUXpressoIDE_11.1.0_3209\ESPProject\lpc_board_nxp_lpcxpresso_1549\Debug\liblpc_board_nxp_lpcxpresso_1549.a(board.o)
 .debug_ranges  0x00000170       0x50 C:\Users\johan\Documents\MCUXpressoIDE_11.1.0_3209\ESPProject\lpc_board_nxp_lpcxpresso_1549\Debug\liblpc_board_nxp_lpcxpresso_1549.a(board_sysinit.o)
 .debug_ranges  0x000001c0       0x40 C:\Users\johan\Documents\MCUXpressoIDE_11.1.0_3209\ESPProject\lpc_chip_15xx\Debug\liblpc_chip_15xx.a(chip_15xx.o)
 .debug_ranges  0x00000200      0x118 C:\Users\johan\Documents\MCUXpressoIDE_11.1.0_3209\ESPProject\lpc_chip_15xx\Debug\liblpc_chip_15xx.a(clock_15xx.o)
 .debug_ranges  0x00000318       0x60 C:\Users\johan\Documents\MCUXpressoIDE_11.1.0_3209\ESPProject\lpc_chip_15xx\Debug\liblpc_chip_15xx.a(gpio_15xx.o)
 .debug_ranges  0x00000378       0x18 C:\Users\johan\Documents\MCUXpressoIDE_11.1.0_3209\ESPProject\lpc_chip_15xx\Debug\liblpc_chip_15xx.a(iocon_15xx.o)
 .debug_ranges  0x00000390       0x30 C:\Users\johan\Documents\MCUXpressoIDE_11.1.0_3209\ESPProject\lpc_chip_15xx\Debug\liblpc_chip_15xx.a(swm_15xx.o)
 .debug_ranges  0x000003c0       0x40 C:\Users\johan\Documents\MCUXpressoIDE_11.1.0_3209\ESPProject\lpc_chip_15xx\Debug\liblpc_chip_15xx.a(sysctl_15xx.o)
 .debug_ranges  0x00000400       0x48 C:\Users\johan\Documents\MCUXpressoIDE_11.1.0_3209\ESPProject\lpc_chip_15xx\Debug\liblpc_chip_15xx.a(sysinit_15xx.o)
 .debug_ranges  0x00000448       0xb8 C:\Users\johan\Documents\MCUXpressoIDE_11.1.0_3209\ESPProject\lpc_chip_15xx\Debug\liblpc_chip_15xx.a(uart_15xx.o)

.debug_macro    0x00000000     0x5b49
 .debug_macro   0x00000000       0x23 ./example/src/cr_startup_lpc15xx.o
 .debug_macro   0x00000023      0xa9c ./example/src/cr_startup_lpc15xx.o
 .debug_macro   0x00000abf      0x26e ./example/src/sysinit.o
 .debug_macro   0x00000d2d       0x10 ./example/src/sysinit.o
 .debug_macro   0x00000d3d      0x12e ./example/src/sysinit.o
 .debug_macro   0x00000e6b      0x5b3 ./example/src/sysinit.o
 .debug_macro   0x0000141e       0x22 ./example/src/sysinit.o
 .debug_macro   0x00001440       0x7b ./example/src/sysinit.o
 .debug_macro   0x000014bb       0x10 ./example/src/sysinit.o
 .debug_macro   0x000014cb       0x2d ./example/src/sysinit.o
 .debug_macro   0x000014f8       0x3a ./example/src/sysinit.o
 .debug_macro   0x00001532       0x2d ./example/src/sysinit.o
 .debug_macro   0x0000155f      0xa7d ./example/src/sysinit.o
 .debug_macro   0x00001fdc      0x1b4 ./example/src/sysinit.o
 .debug_macro   0x00002190       0xca ./example/src/sysinit.o
 .debug_macro   0x0000225a       0x18 ./example/src/sysinit.o
 .debug_macro   0x00002272       0xb2 ./example/src/sysinit.o
 .debug_macro   0x00002324       0x70 ./example/src/sysinit.o
 .debug_macro   0x00002394       0x46 ./example/src/sysinit.o
 .debug_macro   0x000023da       0xd0 ./example/src/sysinit.o
 .debug_macro   0x000024aa       0x40 ./example/src/sysinit.o
 .debug_macro   0x000024ea      0x233 ./example/src/sysinit.o
 .debug_macro   0x0000271d       0x16 ./example/src/sysinit.o
 .debug_macro   0x00002733       0x88 ./example/src/sysinit.o
 .debug_macro   0x000027bb       0x34 ./example/src/sysinit.o
 .debug_macro   0x000027ef       0x6a ./example/src/sysinit.o
 .debug_macro   0x00002859       0x40 ./example/src/sysinit.o
 .debug_macro   0x00002899       0x1c ./example/src/sysinit.o
 .debug_macro   0x000028b5       0x16 ./example/src/sysinit.o
 .debug_macro   0x000028cb      0x10c ./example/src/sysinit.o
 .debug_macro   0x000029d7      0x2a9 ./example/src/sysinit.o
 .debug_macro   0x00002c80       0x76 ./example/src/sysinit.o
 .debug_macro   0x00002cf6       0x22 ./example/src/sysinit.o
 .debug_macro   0x00002d18      0x152 ./example/src/sysinit.o
 .debug_macro   0x00002e6a       0x82 ./example/src/sysinit.o
 .debug_macro   0x00002eec       0xe6 ./example/src/sysinit.o
 .debug_macro   0x00002fd2       0x3a ./example/src/sysinit.o
 .debug_macro   0x0000300c       0x34 ./example/src/sysinit.o
 .debug_macro   0x00003040       0x10 ./example/src/sysinit.o
 .debug_macro   0x00003050       0x76 ./example/src/sysinit.o
 .debug_macro   0x000030c6       0x58 ./example/src/sysinit.o
 .debug_macro   0x0000311e      0x2ca ./example/src/sysinit.o
 .debug_macro   0x000033e8      0x22b ./example/src/sysinit.o
 .debug_macro   0x00003613       0x2e ./example/src/sysinit.o
 .debug_macro   0x00003641       0x34 ./example/src/sysinit.o
 .debug_macro   0x00003675       0x9a ./example/src/sysinit.o
 .debug_macro   0x0000370f       0x20 ./example/src/sysinit.o
 .debug_macro   0x0000372f      0x274 ./example/src/systick.o
 .debug_macro   0x000039a3      0x284 C:\Users\johan\Documents\MCUXpressoIDE_11.1.0_3209\ESPProject\lpc_board_nxp_lpcxpresso_1549\Debug\liblpc_board_nxp_lpcxpresso_1549.a(board.o)
 .debug_macro   0x00003c27      0xa9c C:\Users\johan\Documents\MCUXpressoIDE_11.1.0_3209\ESPProject\lpc_board_nxp_lpcxpresso_1549\Debug\liblpc_board_nxp_lpcxpresso_1549.a(board.o)
 .debug_macro   0x000046c3       0x12 C:\Users\johan\Documents\MCUXpressoIDE_11.1.0_3209\ESPProject\lpc_board_nxp_lpcxpresso_1549\Debug\liblpc_board_nxp_lpcxpresso_1549.a(board.o)
 .debug_macro   0x000046d5      0x288 C:\Users\johan\Documents\MCUXpressoIDE_11.1.0_3209\ESPProject\lpc_board_nxp_lpcxpresso_1549\Debug\liblpc_board_nxp_lpcxpresso_1549.a(board_sysinit.o)
 .debug_macro   0x0000495d      0x239 C:\Users\johan\Documents\MCUXpressoIDE_11.1.0_3209\ESPProject\lpc_chip_15xx\Debug\liblpc_chip_15xx.a(chip_15xx.o)
 .debug_macro   0x00004b96      0x239 C:\Users\johan\Documents\MCUXpressoIDE_11.1.0_3209\ESPProject\lpc_chip_15xx\Debug\liblpc_chip_15xx.a(clock_15xx.o)
 .debug_macro   0x00004dcf      0x239 C:\Users\johan\Documents\MCUXpressoIDE_11.1.0_3209\ESPProject\lpc_chip_15xx\Debug\liblpc_chip_15xx.a(gpio_15xx.o)
 .debug_macro   0x00005008      0x239 C:\Users\johan\Documents\MCUXpressoIDE_11.1.0_3209\ESPProject\lpc_chip_15xx\Debug\liblpc_chip_15xx.a(iocon_15xx.o)
 .debug_macro   0x00005241      0x245 C:\Users\johan\Documents\MCUXpressoIDE_11.1.0_3209\ESPProject\lpc_chip_15xx\Debug\liblpc_chip_15xx.a(swm_15xx.o)
 .debug_macro   0x00005486      0x251 C:\Users\johan\Documents\MCUXpressoIDE_11.1.0_3209\ESPProject\lpc_chip_15xx\Debug\liblpc_chip_15xx.a(sysctl_15xx.o)
 .debug_macro   0x000056d7      0x239 C:\Users\johan\Documents\MCUXpressoIDE_11.1.0_3209\ESPProject\lpc_chip_15xx\Debug\liblpc_chip_15xx.a(sysinit_15xx.o)
 .debug_macro   0x00005910      0x239 C:\Users\johan\Documents\MCUXpressoIDE_11.1.0_3209\ESPProject\lpc_chip_15xx\Debug\liblpc_chip_15xx.a(uart_15xx.o)

.debug_line     0x00000000     0x4f50
 .debug_line    0x00000000      0x16d ./example/src/cr_startup_lpc15xx.o
 .debug_line    0x0000016d      0x53b ./example/src/sysinit.o
 .debug_line    0x000006a8      0x60b ./example/src/systick.o
 .debug_line    0x00000cb3      0x861 C:\Users\johan\Documents\MCUXpressoIDE_11.1.0_3209\ESPProject\lpc_board_nxp_lpcxpresso_1549\Debug\liblpc_board_nxp_lpcxpresso_1549.a(board.o)
 .debug_line    0x00001514      0x6a1 C:\Users\johan\Documents\MCUXpressoIDE_11.1.0_3209\ESPProject\lpc_board_nxp_lpcxpresso_1549\Debug\liblpc_board_nxp_lpcxpresso_1549.a(board_sysinit.o)
 .debug_line    0x00001bb5      0x593 C:\Users\johan\Documents\MCUXpressoIDE_11.1.0_3209\ESPProject\lpc_chip_15xx\Debug\liblpc_chip_15xx.a(chip_15xx.o)
 .debug_line    0x00002148      0x9b8 C:\Users\johan\Documents\MCUXpressoIDE_11.1.0_3209\ESPProject\lpc_chip_15xx\Debug\liblpc_chip_15xx.a(clock_15xx.o)
 .debug_line    0x00002b00      0x609 C:\Users\johan\Documents\MCUXpressoIDE_11.1.0_3209\ESPProject\lpc_chip_15xx\Debug\liblpc_chip_15xx.a(gpio_15xx.o)
 .debug_line    0x00003109      0x510 C:\Users\johan\Documents\MCUXpressoIDE_11.1.0_3209\ESPProject\lpc_chip_15xx\Debug\liblpc_chip_15xx.a(iocon_15xx.o)
 .debug_line    0x00003619      0x57b C:\Users\johan\Documents\MCUXpressoIDE_11.1.0_3209\ESPProject\lpc_chip_15xx\Debug\liblpc_chip_15xx.a(swm_15xx.o)
 .debug_line    0x00003b94      0x5d0 C:\Users\johan\Documents\MCUXpressoIDE_11.1.0_3209\ESPProject\lpc_chip_15xx\Debug\liblpc_chip_15xx.a(sysctl_15xx.o)
 .debug_line    0x00004164      0x5f1 C:\Users\johan\Documents\MCUXpressoIDE_11.1.0_3209\ESPProject\lpc_chip_15xx\Debug\liblpc_chip_15xx.a(sysinit_15xx.o)
 .debug_line    0x00004755      0x7fb C:\Users\johan\Documents\MCUXpressoIDE_11.1.0_3209\ESPProject\lpc_chip_15xx\Debug\liblpc_chip_15xx.a(uart_15xx.o)

.debug_str      0x00000000    0x12c76
 .debug_str     0x00000000     0x2fbe ./example/src/cr_startup_lpc15xx.o
                               0x2fd1 (size before relaxing)
 .debug_str     0x00002fbe     0xd066 ./example/src/sysinit.o
                               0xfedf (size before relaxing)
 .debug_str     0x00010024      0x6d8 ./example/src/systick.o
                              0x105ea (size before relaxing)
 .debug_str     0x000106fc      0xa3d C:\Users\johan\Documents\MCUXpressoIDE_11.1.0_3209\ESPProject\lpc_board_nxp_lpcxpresso_1549\Debug\liblpc_board_nxp_lpcxpresso_1549.a(board.o)
                              0x108db (size before relaxing)
 .debug_str     0x00011139      0x5fe C:\Users\johan\Documents\MCUXpressoIDE_11.1.0_3209\ESPProject\lpc_board_nxp_lpcxpresso_1549\Debug\liblpc_board_nxp_lpcxpresso_1549.a(board_sysinit.o)
                              0x10ecd (size before relaxing)
 .debug_str     0x00011737      0x14e C:\Users\johan\Documents\MCUXpressoIDE_11.1.0_3209\ESPProject\lpc_chip_15xx\Debug\liblpc_chip_15xx.a(chip_15xx.o)
                              0x1057a (size before relaxing)
 .debug_str     0x00011885      0x89d C:\Users\johan\Documents\MCUXpressoIDE_11.1.0_3209\ESPProject\lpc_chip_15xx\Debug\liblpc_chip_15xx.a(clock_15xx.o)
                              0x1098a (size before relaxing)
 .debug_str     0x00012122       0xdf C:\Users\johan\Documents\MCUXpressoIDE_11.1.0_3209\ESPProject\lpc_chip_15xx\Debug\liblpc_chip_15xx.a(gpio_15xx.o)
                              0x10037 (size before relaxing)
 .debug_str     0x00012201       0x41 C:\Users\johan\Documents\MCUXpressoIDE_11.1.0_3209\ESPProject\lpc_chip_15xx\Debug\liblpc_chip_15xx.a(iocon_15xx.o)
                               0xfb54 (size before relaxing)
 .debug_str     0x00012242      0x55d C:\Users\johan\Documents\MCUXpressoIDE_11.1.0_3209\ESPProject\lpc_chip_15xx\Debug\liblpc_chip_15xx.a(swm_15xx.o)
                              0x1055c (size before relaxing)
 .debug_str     0x0001279f      0x183 C:\Users\johan\Documents\MCUXpressoIDE_11.1.0_3209\ESPProject\lpc_chip_15xx\Debug\liblpc_chip_15xx.a(sysctl_15xx.o)
                              0x10041 (size before relaxing)
 .debug_str     0x00012922      0x13f C:\Users\johan\Documents\MCUXpressoIDE_11.1.0_3209\ESPProject\lpc_chip_15xx\Debug\liblpc_chip_15xx.a(sysinit_15xx.o)
                              0x10030 (size before relaxing)
 .debug_str     0x00012a61      0x215 C:\Users\johan\Documents\MCUXpressoIDE_11.1.0_3209\ESPProject\lpc_chip_15xx\Debug\liblpc_chip_15xx.a(uart_15xx.o)
                              0x10193 (size before relaxing)

.comment        0x00000000       0x76
 .comment       0x00000000       0x76 ./example/src/cr_startup_lpc15xx.o
                                 0x77 (size before relaxing)
 .comment       0x00000076       0x77 ./example/src/sysinit.o
 .comment       0x00000076       0x77 ./example/src/systick.o
 .comment       0x00000076       0x77 C:\Users\johan\Documents\MCUXpressoIDE_11.1.0_3209\ESPProject\lpc_board_nxp_lpcxpresso_1549\Debug\liblpc_board_nxp_lpcxpresso_1549.a(board.o)
 .comment       0x00000076       0x77 C:\Users\johan\Documents\MCUXpressoIDE_11.1.0_3209\ESPProject\lpc_board_nxp_lpcxpresso_1549\Debug\liblpc_board_nxp_lpcxpresso_1549.a(board_sysinit.o)
 .comment       0x00000076       0x77 C:\Users\johan\Documents\MCUXpressoIDE_11.1.0_3209\ESPProject\lpc_chip_15xx\Debug\liblpc_chip_15xx.a(chip_15xx.o)
 .comment       0x00000076       0x77 C:\Users\johan\Documents\MCUXpressoIDE_11.1.0_3209\ESPProject\lpc_chip_15xx\Debug\liblpc_chip_15xx.a(clock_15xx.o)
 .comment       0x00000076       0x77 C:\Users\johan\Documents\MCUXpressoIDE_11.1.0_3209\ESPProject\lpc_chip_15xx\Debug\liblpc_chip_15xx.a(gpio_15xx.o)
 .comment       0x00000076       0x77 C:\Users\johan\Documents\MCUXpressoIDE_11.1.0_3209\ESPProject\lpc_chip_15xx\Debug\liblpc_chip_15xx.a(iocon_15xx.o)
 .comment       0x00000076       0x77 C:\Users\johan\Documents\MCUXpressoIDE_11.1.0_3209\ESPProject\lpc_chip_15xx\Debug\liblpc_chip_15xx.a(swm_15xx.o)
 .comment       0x00000076       0x77 C:\Users\johan\Documents\MCUXpressoIDE_11.1.0_3209\ESPProject\lpc_chip_15xx\Debug\liblpc_chip_15xx.a(sysctl_15xx.o)
 .comment       0x00000076       0x77 C:\Users\johan\Documents\MCUXpressoIDE_11.1.0_3209\ESPProject\lpc_chip_15xx\Debug\liblpc_chip_15xx.a(sysinit_15xx.o)
 .comment       0x00000076       0x77 C:\Users\johan\Documents\MCUXpressoIDE_11.1.0_3209\ESPProject\lpc_chip_15xx\Debug\liblpc_chip_15xx.a(uart_15xx.o)
 .comment       0x00000076       0x77 c:/nxp/mcuxpressoide_11.1.0_3209/ide/plugins/com.nxp.mcuxpresso.tools.win32_11.1.0.201909161352/tools/bin/../lib/gcc/arm-none-eabi/8.3.1/../../../../arm-none-eabi/lib/thumb/v7-m/nofp\libcr_nohost.a(_cr__main.o)
 .comment       0x00000076       0x77 c:/nxp/mcuxpressoide_11.1.0_3209/ide/plugins/com.nxp.mcuxpresso.tools.win32_11.1.0.201909161352/tools/bin/../lib/gcc/arm-none-eabi/8.3.1/../../../../arm-none-eabi/lib/thumb/v7-m/nofp\libcr_c.a(initio.o)
 .comment       0x00000076       0x77 c:/nxp/mcuxpressoide_11.1.0_3209/ide/plugins/com.nxp.mcuxpresso.tools.win32_11.1.0.201909161352/tools/bin/../lib/gcc/arm-none-eabi/8.3.1/../../../../arm-none-eabi/lib/thumb/v7-m/nofp\libcr_c.a(setvbuf.o)
 .comment       0x00000076       0x77 c:/nxp/mcuxpressoide_11.1.0_3209/ide/plugins/com.nxp.mcuxpresso.tools.win32_11.1.0.201909161352/tools/bin/../lib/gcc/arm-none-eabi/8.3.1/../../../../arm-none-eabi/lib/thumb/v7-m/nofp\libcr_c.a(_fdopen.o)
 .comment       0x00000076       0x77 c:/nxp/mcuxpressoide_11.1.0_3209/ide/plugins/com.nxp.mcuxpresso.tools.win32_11.1.0.201909161352/tools/bin/../lib/gcc/arm-none-eabi/8.3.1/../../../../arm-none-eabi/lib/thumb/v7-m/nofp\libcr_c.a(fclose.o)
 .comment       0x00000076       0x77 c:/nxp/mcuxpressoide_11.1.0_3209/ide/plugins/com.nxp.mcuxpresso.tools.win32_11.1.0.201909161352/tools/bin/../lib/gcc/arm-none-eabi/8.3.1/../../../../arm-none-eabi/lib/thumb/v7-m/nofp\libcr_c.a(fflush.o)
 .comment       0x00000076       0x77 c:/nxp/mcuxpressoide_11.1.0_3209/ide/plugins/com.nxp.mcuxpresso.tools.win32_11.1.0.201909161352/tools/bin/../lib/gcc/arm-none-eabi/8.3.1/../../../../arm-none-eabi/lib/thumb/v7-m/nofp\libcr_c.a(fseek.o)
 .comment       0x00000076       0x77 c:/nxp/mcuxpressoide_11.1.0_3209/ide/plugins/com.nxp.mcuxpresso.tools.win32_11.1.0.201909161352/tools/bin/../lib/gcc/arm-none-eabi/8.3.1/../../../../arm-none-eabi/lib/thumb/v7-m/nofp\libcr_c.a(ftell.o)
 .comment       0x00000076       0x77 c:/nxp/mcuxpressoide_11.1.0_3209/ide/plugins/com.nxp.mcuxpresso.tools.win32_11.1.0.201909161352/tools/bin/../lib/gcc/arm-none-eabi/8.3.1/../../../../arm-none-eabi/lib/thumb/v7-m/nofp\libcr_c.a(remove.o)
 .comment       0x00000076       0x77 c:/nxp/mcuxpressoide_11.1.0_3209/ide/plugins/com.nxp.mcuxpresso.tools.win32_11.1.0.201909161352/tools/bin/../lib/gcc/arm-none-eabi/8.3.1/../../../../arm-none-eabi/lib/thumb/v7-m/nofp\libcr_c.a(strlen.o)
 .comment       0x00000076       0x77 c:/nxp/mcuxpressoide_11.1.0_3209/ide/plugins/com.nxp.mcuxpresso.tools.win32_11.1.0.201909161352/tools/bin/../lib/gcc/arm-none-eabi/8.3.1/../../../../arm-none-eabi/lib/thumb/v7-m/nofp\libcr_c.a(memset.o)
 .comment       0x00000076       0x77 c:/nxp/mcuxpressoide_11.1.0_3209/ide/plugins/com.nxp.mcuxpresso.tools.win32_11.1.0.201909161352/tools/bin/../lib/gcc/arm-none-eabi/8.3.1/../../../../arm-none-eabi/lib/thumb/v7-m/nofp\libcr_c.a(_do_fflush.o)
 .comment       0x00000076       0x77 c:/nxp/mcuxpressoide_11.1.0_3209/ide/plugins/com.nxp.mcuxpresso.tools.win32_11.1.0.201909161352/tools/bin/../lib/gcc/arm-none-eabi/8.3.1/../../../../arm-none-eabi/lib/thumb/v7-m/nofp\libcr_c.a(_fflush.o)
 .comment       0x00000076       0x77 c:/nxp/mcuxpressoide_11.1.0_3209/ide/plugins/com.nxp.mcuxpresso.tools.win32_11.1.0.201909161352/tools/bin/../lib/gcc/arm-none-eabi/8.3.1/../../../../arm-none-eabi/lib/thumb/v7-m/nofp\libcr_c.a(_writebuf.o)
 .comment       0x00000076       0x77 c:/nxp/mcuxpressoide_11.1.0_3209/ide/plugins/com.nxp.mcuxpresso.tools.win32_11.1.0.201909161352/tools/bin/../lib/gcc/arm-none-eabi/8.3.1/../../../../arm-none-eabi/lib/thumb/v7-m/nofp\libcr_c.a(alloc.o)
 .comment       0x00000076       0x77 c:/nxp/mcuxpressoide_11.1.0_3209/ide/plugins/com.nxp.mcuxpresso.tools.win32_11.1.0.201909161352/tools/bin/../lib/gcc/arm-none-eabi/8.3.1/../../../../arm-none-eabi/lib/thumb/v7-m/nofp\libcr_c.a(errno.o)
 .comment       0x00000076       0x77 c:/nxp/mcuxpressoide_11.1.0_3209/ide/plugins/com.nxp.mcuxpresso.tools.win32_11.1.0.201909161352/tools/bin/../lib/gcc/arm-none-eabi/8.3.1/../../../../arm-none-eabi/lib/thumb/v7-m/nofp\libcr_c.a(_deferredlazyseek.o)
 .comment       0x00000076       0x77 c:/nxp/mcuxpressoide_11.1.0_3209/ide/plugins/com.nxp.mcuxpresso.tools.win32_11.1.0.201909161352/tools/bin/../lib/gcc/arm-none-eabi/8.3.1/../../../../arm-none-eabi/lib/thumb/v7-m/nofp\libcr_nohost.a(__ciob.o)
 .comment       0x00000076       0x77 c:/nxp/mcuxpressoide_11.1.0_3209/ide/plugins/com.nxp.mcuxpresso.tools.win32_11.1.0.201909161352/tools/bin/../lib/gcc/arm-none-eabi/8.3.1/../../../../arm-none-eabi/lib/thumb/v7-m/nofp\libcr_nohost.a(__sys_close.o)
 .comment       0x00000076       0x77 c:/nxp/mcuxpressoide_11.1.0_3209/ide/plugins/com.nxp.mcuxpresso.tools.win32_11.1.0.201909161352/tools/bin/../lib/gcc/arm-none-eabi/8.3.1/../../../../arm-none-eabi/lib/thumb/v7-m/nofp\libcr_nohost.a(__sys_flen.o)
 .comment       0x00000076       0x77 c:/nxp/mcuxpressoide_11.1.0_3209/ide/plugins/com.nxp.mcuxpresso.tools.win32_11.1.0.201909161352/tools/bin/../lib/gcc/arm-none-eabi/8.3.1/../../../../arm-none-eabi/lib/thumb/v7-m/nofp\libcr_nohost.a(__sys_istty.o)
 .comment       0x00000076       0x77 c:/nxp/mcuxpressoide_11.1.0_3209/ide/plugins/com.nxp.mcuxpresso.tools.win32_11.1.0.201909161352/tools/bin/../lib/gcc/arm-none-eabi/8.3.1/../../../../arm-none-eabi/lib/thumb/v7-m/nofp\libcr_nohost.a(__sys_remove.o)
 .comment       0x00000076       0x77 c:/nxp/mcuxpressoide_11.1.0_3209/ide/plugins/com.nxp.mcuxpresso.tools.win32_11.1.0.201909161352/tools/bin/../lib/gcc/arm-none-eabi/8.3.1/../../../../arm-none-eabi/lib/thumb/v7-m/nofp\libcr_nohost.a(__sys_seek.o)
 .comment       0x00000076       0x77 c:/nxp/mcuxpressoide_11.1.0_3209/ide/plugins/com.nxp.mcuxpresso.tools.win32_11.1.0.201909161352/tools/bin/../lib/gcc/arm-none-eabi/8.3.1/../../../../arm-none-eabi/lib/thumb/v7-m/nofp\libcr_nohost.a(__sys_tmpnam.o)

.ARM.attributes
                0x00000000       0x2b
 .ARM.attributes
                0x00000000       0x2d ./example/src/cr_startup_lpc15xx.o
 .ARM.attributes
                0x0000002d       0x2d ./example/src/sysinit.o
 .ARM.attributes
                0x0000005a       0x2d ./example/src/systick.o
 .ARM.attributes
                0x00000087       0x2d C:\Users\johan\Documents\MCUXpressoIDE_11.1.0_3209\ESPProject\lpc_board_nxp_lpcxpresso_1549\Debug\liblpc_board_nxp_lpcxpresso_1549.a(board.o)
 .ARM.attributes
                0x000000b4       0x2d C:\Users\johan\Documents\MCUXpressoIDE_11.1.0_3209\ESPProject\lpc_board_nxp_lpcxpresso_1549\Debug\liblpc_board_nxp_lpcxpresso_1549.a(board_sysinit.o)
 .ARM.attributes
                0x000000e1       0x2d C:\Users\johan\Documents\MCUXpressoIDE_11.1.0_3209\ESPProject\lpc_chip_15xx\Debug\liblpc_chip_15xx.a(chip_15xx.o)
 .ARM.attributes
                0x0000010e       0x2d C:\Users\johan\Documents\MCUXpressoIDE_11.1.0_3209\ESPProject\lpc_chip_15xx\Debug\liblpc_chip_15xx.a(clock_15xx.o)
 .ARM.attributes
                0x0000013b       0x2d C:\Users\johan\Documents\MCUXpressoIDE_11.1.0_3209\ESPProject\lpc_chip_15xx\Debug\liblpc_chip_15xx.a(gpio_15xx.o)
 .ARM.attributes
                0x00000168       0x2d C:\Users\johan\Documents\MCUXpressoIDE_11.1.0_3209\ESPProject\lpc_chip_15xx\Debug\liblpc_chip_15xx.a(iocon_15xx.o)
 .ARM.attributes
                0x00000195       0x2d C:\Users\johan\Documents\MCUXpressoIDE_11.1.0_3209\ESPProject\lpc_chip_15xx\Debug\liblpc_chip_15xx.a(swm_15xx.o)
 .ARM.attributes
                0x000001c2       0x2d C:\Users\johan\Documents\MCUXpressoIDE_11.1.0_3209\ESPProject\lpc_chip_15xx\Debug\liblpc_chip_15xx.a(sysctl_15xx.o)
 .ARM.attributes
                0x000001ef       0x2d C:\Users\johan\Documents\MCUXpressoIDE_11.1.0_3209\ESPProject\lpc_chip_15xx\Debug\liblpc_chip_15xx.a(sysinit_15xx.o)
 .ARM.attributes
                0x0000021c       0x2d C:\Users\johan\Documents\MCUXpressoIDE_11.1.0_3209\ESPProject\lpc_chip_15xx\Debug\liblpc_chip_15xx.a(uart_15xx.o)
 .ARM.attributes
                0x00000249       0x2d c:/nxp/mcuxpressoide_11.1.0_3209/ide/plugins/com.nxp.mcuxpresso.tools.win32_11.1.0.201909161352/tools/bin/../lib/gcc/arm-none-eabi/8.3.1/../../../../arm-none-eabi/lib/thumb/v7-m/nofp\libcr_nohost.a(_cr__main.o)
 .ARM.attributes
                0x00000276       0x2d c:/nxp/mcuxpressoide_11.1.0_3209/ide/plugins/com.nxp.mcuxpresso.tools.win32_11.1.0.201909161352/tools/bin/../lib/gcc/arm-none-eabi/8.3.1/../../../../arm-none-eabi/lib/thumb/v7-m/nofp\libcr_c.a(initio.o)
 .ARM.attributes
                0x000002a3       0x2d c:/nxp/mcuxpressoide_11.1.0_3209/ide/plugins/com.nxp.mcuxpresso.tools.win32_11.1.0.201909161352/tools/bin/../lib/gcc/arm-none-eabi/8.3.1/../../../../arm-none-eabi/lib/thumb/v7-m/nofp\libcr_c.a(setvbuf.o)
 .ARM.attributes
                0x000002d0       0x2d c:/nxp/mcuxpressoide_11.1.0_3209/ide/plugins/com.nxp.mcuxpresso.tools.win32_11.1.0.201909161352/tools/bin/../lib/gcc/arm-none-eabi/8.3.1/../../../../arm-none-eabi/lib/thumb/v7-m/nofp\libcr_c.a(_fdopen.o)
 .ARM.attributes
                0x000002fd       0x2d c:/nxp/mcuxpressoide_11.1.0_3209/ide/plugins/com.nxp.mcuxpresso.tools.win32_11.1.0.201909161352/tools/bin/../lib/gcc/arm-none-eabi/8.3.1/../../../../arm-none-eabi/lib/thumb/v7-m/nofp\libcr_c.a(fclose.o)
 .ARM.attributes
                0x0000032a       0x2d c:/nxp/mcuxpressoide_11.1.0_3209/ide/plugins/com.nxp.mcuxpresso.tools.win32_11.1.0.201909161352/tools/bin/../lib/gcc/arm-none-eabi/8.3.1/../../../../arm-none-eabi/lib/thumb/v7-m/nofp\libcr_c.a(fflush.o)
 .ARM.attributes
                0x00000357       0x2d c:/nxp/mcuxpressoide_11.1.0_3209/ide/plugins/com.nxp.mcuxpresso.tools.win32_11.1.0.201909161352/tools/bin/../lib/gcc/arm-none-eabi/8.3.1/../../../../arm-none-eabi/lib/thumb/v7-m/nofp\libcr_c.a(fseek.o)
 .ARM.attributes
                0x00000384       0x2d c:/nxp/mcuxpressoide_11.1.0_3209/ide/plugins/com.nxp.mcuxpresso.tools.win32_11.1.0.201909161352/tools/bin/../lib/gcc/arm-none-eabi/8.3.1/../../../../arm-none-eabi/lib/thumb/v7-m/nofp\libcr_c.a(ftell.o)
 .ARM.attributes
                0x000003b1       0x2d c:/nxp/mcuxpressoide_11.1.0_3209/ide/plugins/com.nxp.mcuxpresso.tools.win32_11.1.0.201909161352/tools/bin/../lib/gcc/arm-none-eabi/8.3.1/../../../../arm-none-eabi/lib/thumb/v7-m/nofp\libcr_c.a(remove.o)
 .ARM.attributes
                0x000003de       0x2d c:/nxp/mcuxpressoide_11.1.0_3209/ide/plugins/com.nxp.mcuxpresso.tools.win32_11.1.0.201909161352/tools/bin/../lib/gcc/arm-none-eabi/8.3.1/../../../../arm-none-eabi/lib/thumb/v7-m/nofp\libcr_c.a(strlen.o)
 .ARM.attributes
                0x0000040b       0x2d c:/nxp/mcuxpressoide_11.1.0_3209/ide/plugins/com.nxp.mcuxpresso.tools.win32_11.1.0.201909161352/tools/bin/../lib/gcc/arm-none-eabi/8.3.1/../../../../arm-none-eabi/lib/thumb/v7-m/nofp\libcr_c.a(memset.o)
 .ARM.attributes
                0x00000438       0x2d c:/nxp/mcuxpressoide_11.1.0_3209/ide/plugins/com.nxp.mcuxpresso.tools.win32_11.1.0.201909161352/tools/bin/../lib/gcc/arm-none-eabi/8.3.1/../../../../arm-none-eabi/lib/thumb/v7-m/nofp\libcr_c.a(_do_fflush.o)
 .ARM.attributes
                0x00000465       0x2d c:/nxp/mcuxpressoide_11.1.0_3209/ide/plugins/com.nxp.mcuxpresso.tools.win32_11.1.0.201909161352/tools/bin/../lib/gcc/arm-none-eabi/8.3.1/../../../../arm-none-eabi/lib/thumb/v7-m/nofp\libcr_c.a(_fflush.o)
 .ARM.attributes
                0x00000492       0x2d c:/nxp/mcuxpressoide_11.1.0_3209/ide/plugins/com.nxp.mcuxpresso.tools.win32_11.1.0.201909161352/tools/bin/../lib/gcc/arm-none-eabi/8.3.1/../../../../arm-none-eabi/lib/thumb/v7-m/nofp\libcr_c.a(_writebuf.o)
 .ARM.attributes
                0x000004bf       0x2d c:/nxp/mcuxpressoide_11.1.0_3209/ide/plugins/com.nxp.mcuxpresso.tools.win32_11.1.0.201909161352/tools/bin/../lib/gcc/arm-none-eabi/8.3.1/../../../../arm-none-eabi/lib/thumb/v7-m/nofp\libcr_c.a(alloc.o)
 .ARM.attributes
                0x000004ec       0x33 c:/nxp/mcuxpressoide_11.1.0_3209/ide/plugins/com.nxp.mcuxpresso.tools.win32_11.1.0.201909161352/tools/bin/../lib/gcc/arm-none-eabi/8.3.1/../../../../arm-none-eabi/lib/thumb/v7-m/nofp\libcr_c.a(errno.o)
 .ARM.attributes
                0x0000051f       0x2d c:/nxp/mcuxpressoide_11.1.0_3209/ide/plugins/com.nxp.mcuxpresso.tools.win32_11.1.0.201909161352/tools/bin/../lib/gcc/arm-none-eabi/8.3.1/../../../../arm-none-eabi/lib/thumb/v7-m/nofp\libcr_c.a(_deferredlazyseek.o)
 .ARM.attributes
                0x0000054c       0x1b c:/nxp/mcuxpressoide_11.1.0_3209/ide/plugins/com.nxp.mcuxpresso.tools.win32_11.1.0.201909161352/tools/bin/../lib/gcc/arm-none-eabi/8.3.1/thumb/v7-m/nofp\libcr_eabihelpers.a(division_64.o)
 .ARM.attributes
                0x00000567       0x1b c:/nxp/mcuxpressoide_11.1.0_3209/ide/plugins/com.nxp.mcuxpresso.tools.win32_11.1.0.201909161352/tools/bin/../lib/gcc/arm-none-eabi/8.3.1/thumb/v7-m/nofp\libcr_eabihelpers.a(division_idiv0.o)
 .ARM.attributes
                0x00000582       0x1b c:/nxp/mcuxpressoide_11.1.0_3209/ide/plugins/com.nxp.mcuxpresso.tools.win32_11.1.0.201909161352/tools/bin/../lib/gcc/arm-none-eabi/8.3.1/thumb/v7-m/nofp\libcr_eabihelpers.a(memcpy.o)
 .ARM.attributes
                0x0000059d       0x33 c:/nxp/mcuxpressoide_11.1.0_3209/ide/plugins/com.nxp.mcuxpresso.tools.win32_11.1.0.201909161352/tools/bin/../lib/gcc/arm-none-eabi/8.3.1/../../../../arm-none-eabi/lib/thumb/v7-m/nofp\libcr_nohost.a(__ciob.o)
 .ARM.attributes
                0x000005d0       0x2d c:/nxp/mcuxpressoide_11.1.0_3209/ide/plugins/com.nxp.mcuxpresso.tools.win32_11.1.0.201909161352/tools/bin/../lib/gcc/arm-none-eabi/8.3.1/../../../../arm-none-eabi/lib/thumb/v7-m/nofp\libcr_nohost.a(__sys_close.o)
 .ARM.attributes
                0x000005fd       0x2d c:/nxp/mcuxpressoide_11.1.0_3209/ide/plugins/com.nxp.mcuxpresso.tools.win32_11.1.0.201909161352/tools/bin/../lib/gcc/arm-none-eabi/8.3.1/../../../../arm-none-eabi/lib/thumb/v7-m/nofp\libcr_nohost.a(__sys_flen.o)
 .ARM.attributes
                0x0000062a       0x2d c:/nxp/mcuxpressoide_11.1.0_3209/ide/plugins/com.nxp.mcuxpresso.tools.win32_11.1.0.201909161352/tools/bin/../lib/gcc/arm-none-eabi/8.3.1/../../../../arm-none-eabi/lib/thumb/v7-m/nofp\libcr_nohost.a(__sys_istty.o)
 .ARM.attributes
                0x00000657       0x2d c:/nxp/mcuxpressoide_11.1.0_3209/ide/plugins/com.nxp.mcuxpresso.tools.win32_11.1.0.201909161352/tools/bin/../lib/gcc/arm-none-eabi/8.3.1/../../../../arm-none-eabi/lib/thumb/v7-m/nofp\libcr_nohost.a(__sys_remove.o)
 .ARM.attributes
                0x00000684       0x2d c:/nxp/mcuxpressoide_11.1.0_3209/ide/plugins/com.nxp.mcuxpresso.tools.win32_11.1.0.201909161352/tools/bin/../lib/gcc/arm-none-eabi/8.3.1/../../../../arm-none-eabi/lib/thumb/v7-m/nofp\libcr_nohost.a(__sys_seek.o)
 .ARM.attributes
                0x000006b1       0x2d c:/nxp/mcuxpressoide_11.1.0_3209/ide/plugins/com.nxp.mcuxpresso.tools.win32_11.1.0.201909161352/tools/bin/../lib/gcc/arm-none-eabi/8.3.1/../../../../arm-none-eabi/lib/thumb/v7-m/nofp\libcr_nohost.a(__sys_tmpnam.o)

.debug_frame    0x00000000     0x1534
 .debug_frame   0x00000000      0x170 ./example/src/cr_startup_lpc15xx.o
 .debug_frame   0x00000170       0x2c ./example/src/sysinit.o
 .debug_frame   0x0000019c       0xc0 ./example/src/systick.o
 .debug_frame   0x0000025c      0x360 C:\Users\johan\Documents\MCUXpressoIDE_11.1.0_3209\ESPProject\lpc_board_nxp_lpcxpresso_1549\Debug\liblpc_board_nxp_lpcxpresso_1549.a(board.o)
 .debug_frame   0x000005bc      0x14c C:\Users\johan\Documents\MCUXpressoIDE_11.1.0_3209\ESPProject\lpc_board_nxp_lpcxpresso_1549\Debug\liblpc_board_nxp_lpcxpresso_1549.a(board_sysinit.o)
 .debug_frame   0x00000708      0x104 C:\Users\johan\Documents\MCUXpressoIDE_11.1.0_3209\ESPProject\lpc_chip_15xx\Debug\liblpc_chip_15xx.a(chip_15xx.o)
 .debug_frame   0x0000080c      0x4b0 C:\Users\johan\Documents\MCUXpressoIDE_11.1.0_3209\ESPProject\lpc_chip_15xx\Debug\liblpc_chip_15xx.a(clock_15xx.o)
 .debug_frame   0x00000cbc      0x1b4 C:\Users\johan\Documents\MCUXpressoIDE_11.1.0_3209\ESPProject\lpc_chip_15xx\Debug\liblpc_chip_15xx.a(gpio_15xx.o)
 .debug_frame   0x00000e70       0x5c C:\Users\johan\Documents\MCUXpressoIDE_11.1.0_3209\ESPProject\lpc_chip_15xx\Debug\liblpc_chip_15xx.a(iocon_15xx.o)
 .debug_frame   0x00000ecc       0xd4 C:\Users\johan\Documents\MCUXpressoIDE_11.1.0_3209\ESPProject\lpc_chip_15xx\Debug\liblpc_chip_15xx.a(swm_15xx.o)
 .debug_frame   0x00000fa0      0x120 C:\Users\johan\Documents\MCUXpressoIDE_11.1.0_3209\ESPProject\lpc_chip_15xx\Debug\liblpc_chip_15xx.a(sysctl_15xx.o)
 .debug_frame   0x000010c0      0x134 C:\Users\johan\Documents\MCUXpressoIDE_11.1.0_3209\ESPProject\lpc_chip_15xx\Debug\liblpc_chip_15xx.a(sysinit_15xx.o)
 .debug_frame   0x000011f4      0x340 C:\Users\johan\Documents\MCUXpressoIDE_11.1.0_3209\ESPProject\lpc_chip_15xx\Debug\liblpc_chip_15xx.a(uart_15xx.o)
