13:11:49 **** Build of configuration Debug for project ESPProject ****
make -r -j8 all 
Building file: ../src/ESPProject.cpp
Building file: ../src/cr_cpp_config.cpp
Building file: ../src/crp.c
Building file: ../src/cr_startup_lpc15xx.cpp
Building file: ../src/sysinit.c
Invoking: MCU C++ Compiler
Invoking: MCU C++ Compiler
arm-none-eabi-c++ -std=c++11 -DDEBUG -D__CODE_RED -D__NEWLIB__ -DCORE_M3 -D__USE_LPCOPEN -DCPP_USE_HEAP -D__LPC15XX__ -I"C:\Users\johan\Documents\MCUXpressoIDE_11.1.0_3209\ESPProject\lpc_board_nxp_lpcxpresso_1549\inc" -I"C:\Users\johan\Documents\MCUXpressoIDE_11.1.0_3209\ESPProject\lpc_chip_15xx\inc" -O0 -fno-common -g3 -Wall -c -fmessage-length=0 -fno-builtin -ffunction-sections -fdata-sections -fno-rtti -fno-exceptions -fmerge-constants -fmacro-prefix-map="../src/"=. -mcpu=cortex-m3 -mthumb -fstack-usage -MMD -MP -MF"src/ESPProject.d" -MT"src/ESPProject.d" -o "src/ESPProject.o" "../src/ESPProject.cpp"
Invoking: MCU C++ Compiler
arm-none-eabi-c++ -DDEBUG -D__CODE_RED -D__NEWLIB__ -DCORE_M3 -D__USE_LPCOPEN -DCPP_USE_HEAP -D__LPC15XX__ -I"C:\Users\johan\Documents\MCUXpressoIDE_11.1.0_3209\ESPProject\lpc_board_nxp_lpcxpresso_1549\inc" -I"C:\Users\johan\Documents\MCUXpressoIDE_11.1.0_3209\ESPProject\lpc_chip_15xx\inc" -O0 -fno-common -g3 -Wall -c -fmessage-length=0 -fno-builtin -ffunction-sections -fdata-sections -fno-rtti -fno-exceptions -fmerge-constants -fmacro-prefix-map="../src/"=. -mcpu=cortex-m3 -mthumb -fstack-usage -MMD -MP -MInvoking: MCU C Compiler
F"src/cr_cpp_config.d" -MT"src/cr_cpp_config.o" -MT"src/cr_cpp_config.d" -o "src/cr_cpp_config.o" "../src/cr_cpp_config.cpp"
Invoking: MCU C Compiler
arm-none-eabi-c++ -DDEBUG -D__CODE_RED -D__NEWLIB__ -DCORE_M3 -D__USE_LPCOPEN -DCPP_USE_HEAP -D__LPC15XX__ -I"C:\Users\johan\Documents\MCUXpressoIDE_11.1.0_3209\ESPProject\lpc_board_nxp_lpcxpresso_1549\inc" -I"C:\Users\johan\Documents\MCUXpressoIDE_11.1.0_3209\ESPProject\lpc_chip_15xx\inc" -O0 -fno-common -g3 -Wall -c -fmessage-length=0 -fno-builtin -ffunction-sections -fdata-sections -fno-rtti -fno-exceptions -fmerge-constants -fmacro-prefix-map="../src/"=. -mcpu=cortex-m3 -mthumb -fstack-usage -MMD -MP -MF"src/cr_startup_lpc15xx.d" -MT"src/cr_startup_lpc15xx.o" -MT"src/cr_startup_lpc15xx.d" -o "src/cr_startup_lpc15xx.o" "../src/cr_startup_lpc15xx.cpp"
arm-none-eabi-gcc -std=c11 -DDEBUG -D__CODE_RED -D__NEWLIB__ -DCORE_M3 -D__USE_LPCOPEN -DCPP_USE_HEAP -D__LPC15XX__ -I"C:\Users\johan\Documents\MCUXpressoIDE_11.1.0_3209\ESPProject\lpc_board_nxp_lpcxpresso_1549\inc" -I"C:\Users\johan\Documents\MCUXpressoIDE_11.1.0_3209\ESPProject\lpc_chip_15xx\inc" -O0 -fno-common -g3 -Wall -c -fmessage-length=0 -fno-builtin -ffunction-sections -fdata-sections -fmerge-constants -fmacro-prefix-map="../src/"=. -mcpu=cortex-m3 -mthumb -fstack-usage -MMD -MP -MF"src/crp.d" -MT"src/crp.o" -MT"src/crp.d" -o "src/crp.o" "../src/crp.c"
arm-none-eabi-gcc -std=c11 -DDEBUG -D__CODE_RED -D__NEWLIB__ -DCORE_M3 -D__USE_LPCOPEN -DCPP_USE_HEAP -D__LPC15XX__ -I"C:\Users\johan\Documents\MCUXpressoIDE_11.1.0_3209\ESPProject\lpc_board_nxp_lpcxpresso_1549\inc" -I"C:\Users\johan\Documents\MCUXpressoIDE_11.1.0_3209\ESPProject\lpc_chip_15xx\inc" -O0 -fno-common -g3 -Wall -c -fmessage-length=0 -fno-builtin -ffunction-sections -fdata-sections -fmerge-constants -fmacro-prefix-map="../src/"=. -mcpu=cortex-m3 -mthumb -fstack-usage -MMD -MP -MF"src/sysinit.d" -MT"src/sysinit.o" -MT"src/sysinit.d" -o "src/sysinit.o" "../src/sysinit.c"
Finished building: ../src/crp.c
 
Finished building: ../src/cr_startup_lpc15xx.cpp
Finished building: ../src/cr_cpp_config.cpp
 
 
Finished building: ../src/ESPProject.cpp
Finished building: ../src/sysinit.c
 
 
Building target: ESPProject.axf
Invoking: MCU C++ Linker
arm-none-eabi-c++ -nostdlib -L"C:\Users\johan\Documents\MCUXpressoIDE_11.1.0_3209\ESPProject\lpc_board_nxp_lpcxpresso_1549\Debug" -L"C:\Users\johan\Documents\MCUXpressoIDE_11.1.0_3209\ESPProject\lpc_chip_15xx\Debug" -Xlinker -Map="ESPProject.map" -Xlinker --cref -Xlinker --gc-sections -Xlinker -print-memory-usage -mcpu=cortex-m3 -mthumb -T "ESPProject_Debug.ld" -o "ESPProject.axf"  ./src/ESPProject.o ./src/cr_cpp_config.o ./src/cr_startup_lpc15xx.o ./src/crp.o ./src/sysinit.o   -llpc_board_nxp_lpcxpresso_1549 -llpc_chip_15xx
Memory region         Used Size  Region Size  %age Used
       MFlash256:        5032 B       256 KB      1.92%
      Ram0_16_32:          36 B        32 KB      0.11%
          Ram2_4:          0 GB         4 KB      0.00%
Finished building target: ESPProject.axf
 
C:/nxp/MCUXpressoIDE_11.1.0_3209/ide/plugins/com.nxp.mcuxpresso.tools.win32_11.1.0.201909161352/buildtools/bin/make --no-print-directory post-build
Performing post-build steps
arm-none-eabi-size "ESPProject.axf"; # arm-none-eabi-objcopy -v -O binary "ESPProject.axf" "ESPProject.bin" ; # checksum -p LPC1549 -d "ESPProject.bin";
   text	   data	    bss	    dec	    hex	filename
   5032	      0	     36	   5068	   13cc	ESPProject.axf
 

13:11:50 Build Finished. 0 errors, 0 warnings. (took 1s.371ms)

