13:12:36 **** Build of configuration Debug for project periph_blinky ****
make -r -j8 all 
Building file: ../example/src/cr_startup_lpc15xx.c
Building file: ../example/src/sysinit.c
Building file: ../example/src/systick.c
Invoking: MCU C Compiler
Invoking: MCU C Compiler
arm-none-eabi-gcc -DDEBUG -D__CODE_RED -D__USE_LPCOPEN -D__REDLIB__ -DCORE_M3 -I"C:\Users\johan\Documents\MCUXpressoIDE_11.1.0_3209\ESPProject\lpc_chip_15xx\inc" -I"C:\Users\johan\Documents\MCUXpressoIDE_11.1.0_3209\ESPProject\lpc_board_nxp_lpcxpresso_1549\inc" -O0 -g3 -Wall -c -fmessage-length=0 -fno-builtin -ffunction-sections -fdata-sections -fmerge-constants -fmacro-prefix-map="../example/src/"=. -mcpu=cortex-m3 -mthumb -fstack-usage -specs=redlib.specs -MMD -MP -MF"example/src/cr_startup_lpc15xx.d" -MT"example/src/cr_startup_lpc15xx.o" -MT"example/src/cr_startup_lpc15xx.d" -o "example/src/cr_startup_lpc15xx.o" "../example/src/cr_startup_lpc15xx.c"
Invoking: MCU C Compiler
arm-none-eabi-gcc -DDEBUG -D__CODE_RED -D__USE_LPCOPEN -D__REDLIB__ -DCORE_M3 -I"C:\Users\johan\Documents\MCUXpressoIDE_11.1.0_3209\ESPProject\lpc_chip_15xx\inc" -I"C:\Users\johan\Documents\MCUXpressoIDE_11.1.0_3209\ESPProject\lpc_board_nxp_lpcxpresso_1549\inc" -O0 -g3 -Wall -c -fmessage-length=0 -fno-builtin -ffunction-sections -fdata-sections -fmerge-constants -fmacro-prefix-map="../example/src/"=. -mcpu=cortex-m3 -mthumb -fstack-usage -specs=redlib.specs -MMD -MP -MF"example/src/sysinit.d" -MT"example/src/sysinit.o" -MT"example/src/sysinit.d" -o "example/src/sysinit.o" "../example/src/sysinit.c"
arm-none-eabi-gcc -DDEBUG -D__CODE_RED -D__USE_LPCOPEN -D__REDLIB__ -DCORE_M3 -I"C:\Users\johan\Documents\MCUXpressoIDE_11.1.0_3209\ESPProject\lpc_chip_15xx\inc" -I"C:\Users\johan\Documents\MCUXpressoIDE_11.1.0_3209\ESPProject\lpc_board_nxp_lpcxpresso_1549\inc" -O0 -g3 -Wall -c -fmessage-length=0 -fno-builtin -ffunction-sections -fdata-sections -fmerge-constants -fmacro-prefix-map="../example/src/"=. -mcpu=cortex-m3 -mthumb -fstack-usage -specs=redlib.specs -MMD -MP -MF"example/src/systick.d" -MT"example/src/systick.o" -MT"example/src/systick.d" -o "example/src/systick.o" "../example/src/systick.c"
Finished building: ../example/src/cr_startup_lpc15xx.c
 
Finished building: ../example/src/sysinit.c
 
Finished building: ../example/src/systick.c
 
Building target: periph_blinky.axf
Invoking: MCU Linker
arm-none-eabi-gcc -nostdlib -L"C:\Users\johan\Documents\MCUXpressoIDE_11.1.0_3209\ESPProject\lpc_chip_15xx\Debug" -L"C:\Users\johan\Documents\MCUXpressoIDE_11.1.0_3209\ESPProject\lpc_board_nxp_lpcxpresso_1549\Debug" -Xlinker -Map="periph_blinky.map" -Xlinker --gc-sections -mcpu=cortex-m3 -mthumb -T "periph_blinky_Debug.ld" -o "periph_blinky.axf"  ./example/src/cr_startup_lpc15xx.o ./example/src/sysinit.o ./example/src/systick.o   -llpc_board_nxp_lpcxpresso_1549 -llpc_chip_15xx
Finished building target: periph_blinky.axf
 
C:/nxp/MCUXpressoIDE_11.1.0_3209/ide/plugins/com.nxp.mcuxpresso.tools.win32_11.1.0.201909161352/buildtools/bin/make --no-print-directory post-build
Performing post-build steps
arm-none-eabi-size "periph_blinky.axf"; # arm-none-eabi-objcopy -v -O binary "periph_blinky.axf" "periph_blinky.bin" ; # checksum -p LPC1549 -d "periph_blinky.bin";
   text	   data	    bss	    dec	    hex	filename
   6520	      0	    488	   7008	   1b60	periph_blinky.axf
 

13:12:37 Build Finished. 0 errors, 0 warnings. (took 832ms)

